Archive member included to satisfy reference by file (symbol)

/usr/local/Cellar/arm-none-eabi-gcc/10.3-2021.07/gcc/bin/../lib/gcc/arm-none-eabi/10.3.1/thumb/v6-m/nofp/libgcc.a(_dvmd_tls.o)
                              CMakeFiles/semaphores.dir/Users/daniel.sierra/Desktop/freertos-pico/pico-sdk/src/rp2_common/pico_divider/divider.S.obj (__aeabi_idiv0)
/usr/local/Cellar/arm-none-eabi-gcc/10.3-2021.07/gcc/bin/../lib/gcc/arm-none-eabi/10.3.1/../../../../arm-none-eabi/lib/thumb/v6-m/nofp/libc.a(lib_a-calloc.o)
                              CMakeFiles/semaphores.dir/Users/daniel.sierra/Desktop/freertos-pico/pico-sdk/src/rp2_common/pico_malloc/pico_malloc.c.obj (calloc)
/usr/local/Cellar/arm-none-eabi-gcc/10.3-2021.07/gcc/bin/../lib/gcc/arm-none-eabi/10.3.1/../../../../arm-none-eabi/lib/thumb/v6-m/nofp/libc.a(lib_a-callocr.o)
                              /usr/local/Cellar/arm-none-eabi-gcc/10.3-2021.07/gcc/bin/../lib/gcc/arm-none-eabi/10.3.1/../../../../arm-none-eabi/lib/thumb/v6-m/nofp/libc.a(lib_a-calloc.o) (_calloc_r)
/usr/local/Cellar/arm-none-eabi-gcc/10.3-2021.07/gcc/bin/../lib/gcc/arm-none-eabi/10.3.1/../../../../arm-none-eabi/lib/thumb/v6-m/nofp/libc.a(lib_a-errno.o)
                              /usr/local/Cellar/arm-none-eabi-gcc/10.3-2021.07/gcc/bin/../lib/gcc/arm-none-eabi/10.3.1/../../../../arm-none-eabi/lib/thumb/v6-m/nofp/libc.a(lib_a-callocr.o) (__errno)
/usr/local/Cellar/arm-none-eabi-gcc/10.3-2021.07/gcc/bin/../lib/gcc/arm-none-eabi/10.3.1/../../../../arm-none-eabi/lib/thumb/v6-m/nofp/libc.a(lib_a-impure.o)
                              /usr/local/Cellar/arm-none-eabi-gcc/10.3-2021.07/gcc/bin/../lib/gcc/arm-none-eabi/10.3.1/../../../../arm-none-eabi/lib/thumb/v6-m/nofp/libc.a(lib_a-calloc.o) (_impure_ptr)
/usr/local/Cellar/arm-none-eabi-gcc/10.3-2021.07/gcc/bin/../lib/gcc/arm-none-eabi/10.3.1/../../../../arm-none-eabi/lib/thumb/v6-m/nofp/libc.a(lib_a-init.o)
                              /usr/local/Cellar/arm-none-eabi-gcc/10.3-2021.07/gcc/bin/../lib/gcc/arm-none-eabi/10.3.1/../../../../arm-none-eabi/lib/thumb/v6-m/nofp/crt0.o (__libc_init_array)
/usr/local/Cellar/arm-none-eabi-gcc/10.3-2021.07/gcc/bin/../lib/gcc/arm-none-eabi/10.3.1/../../../../arm-none-eabi/lib/thumb/v6-m/nofp/libc.a(lib_a-malloc.o)
                              CMakeFiles/semaphores.dir/Users/daniel.sierra/Desktop/freertos-pico/pico-sdk/src/rp2_common/pico_malloc/pico_malloc.c.obj (malloc)
/usr/local/Cellar/arm-none-eabi-gcc/10.3-2021.07/gcc/bin/../lib/gcc/arm-none-eabi/10.3.1/../../../../arm-none-eabi/lib/thumb/v6-m/nofp/libc.a(lib_a-mallocr.o)
                              /usr/local/Cellar/arm-none-eabi-gcc/10.3-2021.07/gcc/bin/../lib/gcc/arm-none-eabi/10.3.1/../../../../arm-none-eabi/lib/thumb/v6-m/nofp/libc.a(lib_a-callocr.o) (_malloc_r)
/usr/local/Cellar/arm-none-eabi-gcc/10.3-2021.07/gcc/bin/../lib/gcc/arm-none-eabi/10.3.1/../../../../arm-none-eabi/lib/thumb/v6-m/nofp/libc.a(lib_a-mlock.o)
                              /usr/local/Cellar/arm-none-eabi-gcc/10.3-2021.07/gcc/bin/../lib/gcc/arm-none-eabi/10.3.1/../../../../arm-none-eabi/lib/thumb/v6-m/nofp/libc.a(lib_a-mallocr.o) (__malloc_lock)
/usr/local/Cellar/arm-none-eabi-gcc/10.3-2021.07/gcc/bin/../lib/gcc/arm-none-eabi/10.3.1/../../../../arm-none-eabi/lib/thumb/v6-m/nofp/libc.a(lib_a-realloc.o)
                              CMakeFiles/semaphores.dir/Users/daniel.sierra/Desktop/freertos-pico/pico-sdk/src/rp2_common/pico_malloc/pico_malloc.c.obj (realloc)
/usr/local/Cellar/arm-none-eabi-gcc/10.3-2021.07/gcc/bin/../lib/gcc/arm-none-eabi/10.3.1/../../../../arm-none-eabi/lib/thumb/v6-m/nofp/libc.a(lib_a-reallocr.o)
                              /usr/local/Cellar/arm-none-eabi-gcc/10.3-2021.07/gcc/bin/../lib/gcc/arm-none-eabi/10.3.1/../../../../arm-none-eabi/lib/thumb/v6-m/nofp/libc.a(lib_a-realloc.o) (_realloc_r)
/usr/local/Cellar/arm-none-eabi-gcc/10.3-2021.07/gcc/bin/../lib/gcc/arm-none-eabi/10.3.1/../../../../arm-none-eabi/lib/thumb/v6-m/nofp/libc.a(lib_a-sbrkr.o)
                              /usr/local/Cellar/arm-none-eabi-gcc/10.3-2021.07/gcc/bin/../lib/gcc/arm-none-eabi/10.3.1/../../../../arm-none-eabi/lib/thumb/v6-m/nofp/libc.a(lib_a-mallocr.o) (_sbrk_r)
/usr/local/Cellar/arm-none-eabi-gcc/10.3-2021.07/gcc/bin/../lib/gcc/arm-none-eabi/10.3.1/../../../../arm-none-eabi/lib/thumb/v6-m/nofp/libc.a(lib_a-strlen-stub.o)
                              CMakeFiles/semaphores.dir/Users/daniel.sierra/Desktop/freertos-pico/pico-sdk/src/rp2_common/pico_stdio/stdio.c.obj (strlen)
/usr/local/Cellar/arm-none-eabi-gcc/10.3-2021.07/gcc/bin/../lib/gcc/arm-none-eabi/10.3.1/../../../../arm-none-eabi/lib/thumb/v6-m/nofp/libc.a(lib_a-freer.o)
                              /usr/local/Cellar/arm-none-eabi-gcc/10.3-2021.07/gcc/bin/../lib/gcc/arm-none-eabi/10.3.1/../../../../arm-none-eabi/lib/thumb/v6-m/nofp/libc.a(lib_a-malloc.o) (_free_r)
[...]
Memory Configuration

Name             Origin             Length             Attributes
FLASH            0x0000000010000000 0x0000000000200000 xr
RAM              0x0000000020000000 0x0000000000040000 xrw
SCRATCH_X        0x0000000020040000 0x0000000000001000 xrw
SCRATCH_Y        0x0000000020041000 0x0000000000001000 xrw
*default*        0x0000000000000000 0xffffffffffffffff

Linker script and memory map

LOAD /usr/local/Cellar/arm-none-eabi-gcc/10.3-2021.07/gcc/bin/../lib/gcc/arm-none-eabi/10.3.1/thumb/v6-m/nofp/crti.o
LOAD /usr/local/Cellar/arm-none-eabi-gcc/10.3-2021.07/gcc/bin/../lib/gcc/arm-none-eabi/10.3.1/thumb/v6-m/nofp/crtbegin.o
LOAD /usr/local/Cellar/arm-none-eabi-gcc/10.3-2021.07/gcc/bin/../lib/gcc/arm-none-eabi/10.3.1/../../../../arm-none-eabi/lib/thumb/v6-m/nofp/crt0.o

.flash_begin    0x0000000010000000        0x0
                0x0000000010000000                __flash_binary_start = .

.boot2          0x0000000010000000      0x100
                0x0000000010000000                __boot2_start__ = .
 *(.boot2)
 .boot2         0x0000000010000000      0x100 /var/folders/m8/0vkhrb2d79q5vj59ddsmwqxmj03f_3/T//ccQho9G1.o
                0x0000000010000100                __boot2_end__ = .
                0x0000000000000001                ASSERT (((__boot2_end__ - __boot2_start__) == 0x100), ERROR: Pico second stage bootloader must be 256 bytes in size)

.text           0x0000000010000100     0xa2e8
                0x0000000010000100                __logical_binary_start = .
 *(.vectors)
 .vectors       0x0000000010000100       0xd4 CMakeFiles/semaphores.dir/Users/daniel.sierra/Desktop/freertos-pico/pico-sdk/src/rp2_common/pico_standard_link/crt0.S.obj
                0x0000000010000100                __VECTOR_TABLE
                0x0000000010000100                __vectors
                0x00000000100001c0                __default_isrs_start
                0x00000000100001c0                isr_invalid
                0x00000000100001c2                isr_nmi
                0x00000000100001c4                isr_hardfault
                0x00000000100001c6                isr_svcall
                0x00000000100001c8                isr_pendsv
                0x00000000100001ca                isr_systick
                0x00000000100001cc                isr_irq28
                0x00000000100001cc                isr_irq19
                0x00000000100001cc                isr_irq0
                0x00000000100001cc                isr_irq6
                0x00000000100001cc                isr_irq22
                0x00000000100001cc                isr_irq17
                0x00000000100001cc                isr_irq14
                0x00000000100001cc                isr_irq2
                0x00000000100001cc                isr_irq10
                0x00000000100001cc                isr_irq8
                0x00000000100001cc                isr_irq24
                0x00000000100001cc                isr_irq1
                0x00000000100001cc                isr_irq7
                0x00000000100001cc                isr_irq21
                0x00000000100001cc                isr_irq20
                0x00000000100001cc                isr_irq15
                0x00000000100001cc                isr_irq25
                0x00000000100001cc                isr_irq4
                0x00000000100001cc                isr_irq16
                0x00000000100001cc                isr_irq29
                0x00000000100001cc                isr_irq26
                0x00000000100001cc                __default_isrs_end
                0x00000000100001cc                isr_irq3
                0x00000000100001cc                isr_irq9
                0x00000000100001cc                __unhandled_user_irq
                0x00000000100001cc                isr_irq13
                0x00000000100001cc                isr_irq27
                0x00000000100001cc                isr_irq31
                0x00000000100001cc                isr_irq5
                0x00000000100001cc                isr_irq11
                0x00000000100001cc                isr_irq23
                0x00000000100001cc                isr_irq18
                0x00000000100001cc                isr_irq30
                0x00000000100001cc                isr_irq12
                0x00000000100001d2                unhandled_user_irq_num_in_r0
 *(.binary_info_header)
 .binary_info_header
                0x00000000100001d4       0x14 CMakeFiles/semaphores.dir/Users/daniel.sierra/Desktop/freertos-pico/pico-sdk/src/rp2_common/pico_standard_link/crt0.S.obj
                0x00000000100001e8                __binary_info_header_end = .
 *(.reset)
 .reset         0x00000000100001e8       0xa0 CMakeFiles/semaphores.dir/Users/daniel.sierra/Desktop/freertos-pico/pico-sdk/src/rp2_common/pico_standard_link/crt0.S.obj
                0x00000000100001e8                _entry_point
 .reset         0x0000000010000288       0x30 CMakeFiles/semaphores.dir/Users/daniel.sierra/Desktop/freertos-pico/pico-sdk/src/rp2_common/pico_standard_link/binary_info.c.obj
 *(.init)
 .init          0x00000000100002b8        0x4 /usr/local/Cellar/arm-none-eabi-gcc/10.3-2021.07/gcc/bin/../lib/gcc/arm-none-eabi/10.3.1/thumb/v6-m/nofp/crti.o
                0x00000000100002b8                _init
 *(EXCLUDE_FILE(*libm.a: *libc.a:*lib_a-mem*.o *libgcc.a:) .text*)
 .text          0x00000000100002bc       0x48 /usr/local/Cellar/arm-none-eabi-gcc/10.3-2021.07/gcc/bin/../lib/gcc/arm-none-eabi/10.3.1/thumb/v6-m/nofp/crtbegin.o
 .text.vTimerCallback
                0x0000000010000304       0x24 CMakeFiles/semaphores.dir/main.c.obj
                0x0000000010000304                vTimerCallback
 .text.vNotifyTask
                0x0000000010000328       0x74 CMakeFiles/semaphores.dir/main.c.obj
                0x0000000010000328                vNotifyTask
 .text.startup.main
                0x000000001000039c       0x68 CMakeFiles/semaphores.dir/main.c.obj
                0x000000001000039c                main
 .text.running_on_fpga
                0x0000000010000404       0x10 CMakeFiles/semaphores.dir/Users/daniel.sierra/Desktop/freertos-pico/pico-sdk/src/rp2_common/pico_platform/platform.c.obj
                0x0000000010000404                running_on_fpga
 .text.hw_claim_or_assert
                0x0000000010000414       0x44 CMakeFiles/semaphores.dir/Users/daniel.sierra/Desktop/freertos-pico/pico-sdk/src/rp2_common/hardware_claim/claim.c.obj
                0x0000000010000414                hw_claim_or_assert
 .text.hw_claim_unused_from_range
                0x0000000010000458       0x9c CMakeFiles/semaphores.dir/Users/daniel.sierra/Desktop/freertos-pico/pico-sdk/src/rp2_common/hardware_claim/claim.c.obj
                0x0000000010000458                hw_claim_unused_from_range
 .text.spin_locks_reset
                0x00000000100004f4       0x1c CMakeFiles/semaphores.dir/Users/daniel.sierra/Desktop/freertos-pico/pico-sdk/src/rp2_common/hardware_sync/sync.c.obj
                0x00000000100004f4                spin_locks_reset
 .text.next_striped_spin_lock_num
                0x0000000010000510       0x18 CMakeFiles/semaphores.dir/Users/daniel.sierra/Desktop/freertos-pico/pico-sdk/src/rp2_common/hardware_sync/sync.c.obj
                0x0000000010000510                next_striped_spin_lock_num
 .text.spin_lock_claim
                0x0000000010000528       0x18 CMakeFiles/semaphores.dir/Users/daniel.sierra/Desktop/freertos-pico/pico-sdk/src/rp2_common/hardware_sync/sync.c.obj
                0x0000000010000528                spin_lock_claim
 .text.spin_lock_claim_unused
                0x0000000010000540       0x20 CMakeFiles/semaphores.dir/Users/daniel.sierra/Desktop/freertos-pico/pico-sdk/src/rp2_common/hardware_sync/sync.c.obj
                0x0000000010000540                spin_lock_claim_unused
 .text.irq_set_enabled
                0x0000000010000560       0x24 CMakeFiles/semaphores.dir/Users/daniel.sierra/Desktop/freertos-pico/pico-sdk/src/rp2_common/hardware_irq/irq.c.obj
                0x0000000010000560                irq_set_enabled
 .text.irq_is_enabled
                0x0000000010000584       0x18 CMakeFiles/semaphores.dir/Users/daniel.sierra/Desktop/freertos-pico/pico-sdk/src/rp2_common/hardware_irq/irq.c.obj
                0x0000000010000584                irq_is_enabled
 .text.irq_set_pending
                0x000000001000059c       0x10 CMakeFiles/semaphores.dir/Users/daniel.sierra/Desktop/freertos-pico/pico-sdk/src/rp2_common/hardware_irq/irq.c.obj
                0x000000001000059c                irq_set_pending
 .text.irq_has_shared_handler
                0x00000000100005ac       0x2c CMakeFiles/semaphores.dir/Users/daniel.sierra/Desktop/freertos-pico/pico-sdk/src/rp2_common/hardware_irq/irq.c.obj
                0x00000000100005ac                irq_has_shared_handler
 .text.irq_get_vtable_handler
                0x00000000100005d8       0x10 CMakeFiles/semaphores.dir/Users/daniel.sierra/Desktop/freertos-pico/pico-sdk/src/rp2_common/hardware_irq/irq.c.obj
                0x00000000100005d8                irq_get_vtable_handler
 .text.irq_set_exclusive_handler
                0x00000000100005e8       0x54 CMakeFiles/semaphores.dir/Users/daniel.sierra/Desktop/freertos-pico/pico-sdk/src/rp2_common/hardware_irq/irq.c.obj
                0x00000000100005e8                irq_set_exclusive_handler
 .text.irq_add_shared_handler
                0x000000001000063c      0x1e8 CMakeFiles/semaphores.dir/Users/daniel.sierra/Desktop/freertos-pico/pico-sdk/src/rp2_common/hardware_irq/irq.c.obj
                0x000000001000063c                irq_add_shared_handler
 .text.irq_remove_handler
                0x0000000010000824      0x1b0 CMakeFiles/semaphores.dir/Users/daniel.sierra/Desktop/freertos-pico/pico-sdk/src/rp2_common/hardware_irq/irq.c.obj
                0x0000000010000824                irq_remove_handler
 .text.irq_set_priority
                0x00000000100009d4       0x28 CMakeFiles/semaphores.dir/Users/daniel.sierra/Desktop/freertos-pico/pico-sdk/src/rp2_common/hardware_irq/irq.c.obj
                0x00000000100009d4                irq_set_priority
 .text.irq_add_tail_to_free_list
                0x00000000100009fc       0xb4 CMakeFiles/semaphores.dir/Users/daniel.sierra/Desktop/freertos-pico/pico-sdk/src/rp2_common/hardware_irq/irq.c.obj
                0x00000000100009fc                irq_add_tail_to_free_list
 .text.irq_init_priorities
                0x0000000010000ab0       0x24 CMakeFiles/semaphores.dir/Users/daniel.sierra/Desktop/freertos-pico/pico-sdk/src/rp2_common/hardware_irq/irq.c.obj
                0x0000000010000ab0                irq_init_priorities
 .text.user_irq_claim_unused
                0x0000000010000ad4       0x28 CMakeFiles/semaphores.dir/Users/daniel.sierra/Desktop/freertos-pico/pico-sdk/src/rp2_common/hardware_irq/irq.c.obj
                0x0000000010000ad4                user_irq_claim_unused
 .text.lock_init
                0x0000000010000afc       0x10 CMakeFiles/semaphores.dir/Users/daniel.sierra/Desktop/freertos-pico/pico-sdk/src/common/pico_sync/lock_core.c.obj
                0x0000000010000afc                lock_init
 .text.mutex_init
                0x0000000010000b0c       0x1c CMakeFiles/semaphores.dir/Users/daniel.sierra/Desktop/freertos-pico/pico-sdk/src/common/pico_sync/mutex.c.obj
                0x0000000010000b0c                mutex_init
 .text.recursive_mutex_init
                0x0000000010000b28       0x20 CMakeFiles/semaphores.dir/Users/daniel.sierra/Desktop/freertos-pico/pico-sdk/src/common/pico_sync/mutex.c.obj
                0x0000000010000b28                recursive_mutex_init
 .text.critical_section_init
                0x0000000010000b48       0x20 CMakeFiles/semaphores.dir/Users/daniel.sierra/Desktop/freertos-pico/pico-sdk/src/common/pico_sync/critical_section.c.obj
                0x0000000010000b48                critical_section_init
 .text.critical_section_init_with_lock_num
                0x0000000010000b68       0x14 CMakeFiles/semaphores.dir/Users/daniel.sierra/Desktop/freertos-pico/pico-sdk/src/common/pico_sync/critical_section.c.obj
                0x0000000010000b68                critical_section_init_with_lock_num
 .text.timer_pool_entry_comparator
                0x0000000010000b7c       0x34 CMakeFiles/semaphores.dir/Users/daniel.sierra/Desktop/freertos-pico/pico-sdk/src/common/pico_time/time.c.obj
                0x0000000010000b7c                timer_pool_entry_comparator
 .text.repeating_timer_callback
                0x0000000010000bb0       0x1c CMakeFiles/semaphores.dir/Users/daniel.sierra/Desktop/freertos-pico/pico-sdk/src/common/pico_time/time.c.obj
 .text.sleep_until_callback
                0x0000000010000bcc       0x24 CMakeFiles/semaphores.dir/Users/daniel.sierra/Desktop/freertos-pico/pico-sdk/src/common/pico_time/time.c.obj
 .text.add_alarm_under_lock.isra.0
                0x0000000010000bf0      0x100 CMakeFiles/semaphores.dir/Users/daniel.sierra/Desktop/freertos-pico/pico-sdk/src/common/pico_time/time.c.obj
 .text.alarm_pool_alarm_callback
                0x0000000010000cf0      0x1b8 CMakeFiles/semaphores.dir/Users/daniel.sierra/Desktop/freertos-pico/pico-sdk/src/common/pico_time/time.c.obj
 .text.alarm_pool_init_default
                0x0000000010000ea8       0x6c CMakeFiles/semaphores.dir/Users/daniel.sierra/Desktop/freertos-pico/pico-sdk/src/common/pico_time/time.c.obj
                0x0000000010000ea8                alarm_pool_init_default
 .text.alarm_pool_get_default
                0x0000000010000f14        0x8 CMakeFiles/semaphores.dir/Users/daniel.sierra/Desktop/freertos-pico/pico-sdk/src/common/pico_time/time.c.obj
                0x0000000010000f14                alarm_pool_get_default
 .text.alarm_pool_add_alarm_at
                0x0000000010000f1c      0x17c CMakeFiles/semaphores.dir/Users/daniel.sierra/Desktop/freertos-pico/pico-sdk/src/common/pico_time/time.c.obj
                0x0000000010000f1c                alarm_pool_add_alarm_at
 .text.alarm_pool_cancel_alarm
                0x0000000010001098       0x74 CMakeFiles/semaphores.dir/Users/daniel.sierra/Desktop/freertos-pico/pico-sdk/src/common/pico_time/time.c.obj
                0x0000000010001098                alarm_pool_cancel_alarm
 .text.alarm_pool_core_num
                0x000000001000110c        0x4 CMakeFiles/semaphores.dir/Users/daniel.sierra/Desktop/freertos-pico/pico-sdk/src/common/pico_time/time.c.obj
                0x000000001000110c                alarm_pool_core_num
 .text.alarm_pool_add_repeating_timer_us
                0x0000000010001110      0x200 CMakeFiles/semaphores.dir/Users/daniel.sierra/Desktop/freertos-pico/pico-sdk/src/common/pico_time/time.c.obj
                0x0000000010001110                alarm_pool_add_repeating_timer_us
 .text.best_effort_wfe_or_timeout
                0x0000000010001310       0x78 CMakeFiles/semaphores.dir/Users/daniel.sierra/Desktop/freertos-pico/pico-sdk/src/common/pico_time/time.c.obj
                0x0000000010001310                best_effort_wfe_or_timeout
 .text.hardware_alarm_irq_handler
                0x0000000010001388       0xbc CMakeFiles/semaphores.dir/Users/daniel.sierra/Desktop/freertos-pico/pico-sdk/src/rp2_common/hardware_timer/timer.c.obj
 .text.hardware_alarm_claim
                0x0000000010001444       0x18 CMakeFiles/semaphores.dir/Users/daniel.sierra/Desktop/freertos-pico/pico-sdk/src/rp2_common/hardware_timer/timer.c.obj
                0x0000000010001444                hardware_alarm_claim
 .text.time_us_64
                0x000000001000145c       0x14 CMakeFiles/semaphores.dir/Users/daniel.sierra/Desktop/freertos-pico/pico-sdk/src/rp2_common/hardware_timer/timer.c.obj
                0x000000001000145c                time_us_64
 .text.hardware_alarm_set_callback
                0x0000000010001470       0x8c CMakeFiles/semaphores.dir/Users/daniel.sierra/Desktop/freertos-pico/pico-sdk/src/rp2_common/hardware_timer/timer.c.obj
                0x0000000010001470                hardware_alarm_set_callback
 .text.hardware_alarm_set_target
                0x00000000100014fc       0xe0 CMakeFiles/semaphores.dir/Users/daniel.sierra/Desktop/freertos-pico/pico-sdk/src/rp2_common/hardware_timer/timer.c.obj
                0x00000000100014fc                hardware_alarm_set_target
 .text.hardware_alarm_cancel
                0x00000000100015dc       0x3c CMakeFiles/semaphores.dir/Users/daniel.sierra/Desktop/freertos-pico/pico-sdk/src/rp2_common/hardware_timer/timer.c.obj
                0x00000000100015dc                hardware_alarm_cancel
 .text.ph_merge_nodes
                0x0000000010001618       0x68 CMakeFiles/semaphores.dir/Users/daniel.sierra/Desktop/freertos-pico/pico-sdk/src/common/pico_util/pheap.c.obj
 .text.ph_post_alloc_init
                0x0000000010001680       0x3c CMakeFiles/semaphores.dir/Users/daniel.sierra/Desktop/freertos-pico/pico-sdk/src/common/pico_util/pheap.c.obj
                0x0000000010001680                ph_post_alloc_init
 .text.ph_merge_two_pass
                0x00000000100016bc       0x90 CMakeFiles/semaphores.dir/Users/daniel.sierra/Desktop/freertos-pico/pico-sdk/src/common/pico_util/pheap.c.obj
                0x00000000100016bc                ph_merge_two_pass
 .text.ph_remove_any_head
                0x000000001000174c      0x100 CMakeFiles/semaphores.dir/Users/daniel.sierra/Desktop/freertos-pico/pico-sdk/src/common/pico_util/pheap.c.obj
 .text.ph_remove_head
                0x000000001000184c      0x104 CMakeFiles/semaphores.dir/Users/daniel.sierra/Desktop/freertos-pico/pico-sdk/src/common/pico_util/pheap.c.obj
                0x000000001000184c                ph_remove_head
 .text.ph_remove_and_free_node
                0x0000000010001950       0x7c CMakeFiles/semaphores.dir/Users/daniel.sierra/Desktop/freertos-pico/pico-sdk/src/common/pico_util/pheap.c.obj
                0x0000000010001950                ph_remove_and_free_node
 .text.clocks_init
                0x00000000100019cc      0x2bc CMakeFiles/semaphores.dir/Users/daniel.sierra/Desktop/freertos-pico/pico-sdk/src/rp2_common/hardware_clocks/clocks.c.obj
                0x00000000100019cc                clocks_init
 .text.clock_get_hz
                0x0000000010001c88        0xc CMakeFiles/semaphores.dir/Users/daniel.sierra/Desktop/freertos-pico/pico-sdk/src/rp2_common/hardware_clocks/clocks.c.obj
                0x0000000010001c88                clock_get_hz
 .text.pll_init
                0x0000000010001c94       0xb0 CMakeFiles/semaphores.dir/Users/daniel.sierra/Desktop/freertos-pico/pico-sdk/src/rp2_common/hardware_pll/pll.c.obj
                0x0000000010001c94                pll_init
 .text.watchdog_start_tick
                0x0000000010001d44       0x10 CMakeFiles/semaphores.dir/Users/daniel.sierra/Desktop/freertos-pico/pico-sdk/src/rp2_common/hardware_watchdog/watchdog.c.obj
                0x0000000010001d44                watchdog_start_tick
 .text.watchdog_reboot
                0x0000000010001d54       0x98 CMakeFiles/semaphores.dir/Users/daniel.sierra/Desktop/freertos-pico/pico-sdk/src/rp2_common/hardware_watchdog/watchdog.c.obj
                0x0000000010001d54                watchdog_reboot
 .text.xosc_init
                0x0000000010001dec       0x28 CMakeFiles/semaphores.dir/Users/daniel.sierra/Desktop/freertos-pico/pico-sdk/src/rp2_common/hardware_xosc/xosc.c.obj
                0x0000000010001dec                xosc_init
 .text.runtime_init
                0x0000000010001e14       0xf0 CMakeFiles/semaphores.dir/Users/daniel.sierra/Desktop/freertos-pico/pico-sdk/src/rp2_common/pico_runtime/runtime.c.obj
                0x0000000010001e14                runtime_init
 .text._exit    0x0000000010001f04        0x4 CMakeFiles/semaphores.dir/Users/daniel.sierra/Desktop/freertos-pico/pico-sdk/src/rp2_common/pico_runtime/runtime.c.obj
                0x0000000010001f04                _exit
 .text.exit     0x0000000010001f08        0x8 CMakeFiles/semaphores.dir/Users/daniel.sierra/Desktop/freertos-pico/pico-sdk/src/rp2_common/pico_runtime/runtime.c.obj
                0x0000000010001f08                exit
 .text.panic    0x0000000010001f10       0x30 CMakeFiles/semaphores.dir/Users/daniel.sierra/Desktop/freertos-pico/pico-sdk/src/rp2_common/pico_runtime/runtime.c.obj
                0x0000000010001f10                panic
 .text.panic_unsupported
                0x0000000010001f40        0xc CMakeFiles/semaphores.dir/Users/daniel.sierra/Desktop/freertos-pico/pico-sdk/src/rp2_common/pico_runtime/runtime.c.obj
                0x0000000010001f40                panic_unsupported
 .text.hard_assertion_failure
                0x0000000010001f4c        0xc CMakeFiles/semaphores.dir/Users/daniel.sierra/Desktop/freertos-pico/pico-sdk/src/rp2_common/pico_runtime/runtime.c.obj
                0x0000000010001f4c                hard_assertion_failure
 .text._out_buffer
                0x0000000010001f58        0x8 CMakeFiles/semaphores.dir/Users/daniel.sierra/Desktop/freertos-pico/pico-sdk/src/rp2_common/pico_printf/printf.c.obj
 .text._out_null
                0x0000000010001f60        0x4 CMakeFiles/semaphores.dir/Users/daniel.sierra/Desktop/freertos-pico/pico-sdk/src/rp2_common/pico_printf/printf.c.obj
 .text._out_rev
                0x0000000010001f64       0x9c CMakeFiles/semaphores.dir/Users/daniel.sierra/Desktop/freertos-pico/pico-sdk/src/rp2_common/pico_printf/printf.c.obj
 .text._ntoa_format
                0x0000000010002000      0x1cc CMakeFiles/semaphores.dir/Users/daniel.sierra/Desktop/freertos-pico/pico-sdk/src/rp2_common/pico_printf/printf.c.obj
 .text._out_char
                0x00000000100021cc       0x10 CMakeFiles/semaphores.dir/Users/daniel.sierra/Desktop/freertos-pico/pico-sdk/src/rp2_common/pico_printf/printf.c.obj
 .text._etoa    0x00000000100021dc      0x44c CMakeFiles/semaphores.dir/Users/daniel.sierra/Desktop/freertos-pico/pico-sdk/src/rp2_common/pico_printf/printf.c.obj
 .text._ftoa    0x0000000010002628      0x398 CMakeFiles/semaphores.dir/Users/daniel.sierra/Desktop/freertos-pico/pico-sdk/src/rp2_common/pico_printf/printf.c.obj
 .text._vsnprintf
                0x00000000100029c0      0xb04 CMakeFiles/semaphores.dir/Users/daniel.sierra/Desktop/freertos-pico/pico-sdk/src/rp2_common/pico_printf/printf.c.obj
 .text.__wrap_sprintf
                0x00000000100034c4       0x28 CMakeFiles/semaphores.dir/Users/daniel.sierra/Desktop/freertos-pico/pico-sdk/src/rp2_common/pico_printf/printf.c.obj
                0x00000000100034c4                __wrap_sprintf
 .text.weak_raw_vprintf
                0x00000000100034ec       0x30 CMakeFiles/semaphores.dir/Users/daniel.sierra/Desktop/freertos-pico/pico-sdk/src/rp2_common/pico_printf/printf.c.obj
                0x00000000100034ec                weak_raw_vprintf
 .text          0x000000001000351c       0x10 CMakeFiles/semaphores.dir/Users/daniel.sierra/Desktop/freertos-pico/pico-sdk/src/rp2_common/pico_bit_ops/bit_ops_aeabi.S.obj
 .text.clzsi    0x000000001000352c        0xc CMakeFiles/semaphores.dir/Users/daniel.sierra/Desktop/freertos-pico/pico-sdk/src/rp2_common/pico_bit_ops/bit_ops_aeabi.S.obj
                0x000000001000352c                __wrap___clz
                0x000000001000352c                __wrap___clzsi2
                0x000000001000352c                __wrap___clzl
 .text.rom_func_lookup
                0x0000000010003538       0x10 CMakeFiles/semaphores.dir/Users/daniel.sierra/Desktop/freertos-pico/pico-sdk/src/rp2_common/pico_bootrom/bootrom.c.obj
                0x0000000010003538                rom_func_lookup
 .text.rom_data_lookup
                0x0000000010003548       0x10 CMakeFiles/semaphores.dir/Users/daniel.sierra/Desktop/freertos-pico/pico-sdk/src/rp2_common/pico_bootrom/bootrom.c.obj
                0x0000000010003548                rom_data_lookup
 .text.rom_funcs_lookup
                0x0000000010003558       0x44 CMakeFiles/semaphores.dir/Users/daniel.sierra/Desktop/freertos-pico/pico-sdk/src/rp2_common/pico_bootrom/bootrom.c.obj
                0x0000000010003558                rom_funcs_lookup
 .text.__wrap___aeabi_idiv
                0x000000001000359c       0x50 CMakeFiles/semaphores.dir/Users/daniel.sierra/Desktop/freertos-pico/pico-sdk/src/rp2_common/pico_divider/divider.S.obj
                0x000000001000359c                __wrap___aeabi_idivmod
                0x000000001000359c                divmod_s32s32
                0x000000001000359c                div_s32s32
                0x000000001000359c                __wrap___aeabi_idiv
                0x00000000100035a4                divmod_s32s32_unsafe
                0x00000000100035d0                divmod_s32s32_savestate
 .text.__wrap___aeabi_uidiv
                0x00000000100035ec       0x4c CMakeFiles/semaphores.dir/Users/daniel.sierra/Desktop/freertos-pico/pico-sdk/src/rp2_common/pico_divider/divider.S.obj
                0x00000000100035ec                __wrap___aeabi_uidiv
                0x00000000100035ec                __wrap___aeabi_uidivmod
                0x00000000100035ec                div_u32u32
                0x00000000100035ec                divmod_u32u32
                0x00000000100035f4                divmod_u32u32_unsafe
                0x000000001000361c                divmod_u32u32_savestate
 .text.__wrap___aeabi_ldiv
                0x0000000010003638      0x424 CMakeFiles/semaphores.dir/Users/daniel.sierra/Desktop/freertos-pico/pico-sdk/src/rp2_common/pico_divider/divider.S.obj
                0x0000000010003638                __wrap___aeabi_ldivmod
                0x0000000010003638                div_s64s64
                0x0000000010003638                divmod_s64s64
                0x0000000010003668                divmod_u64u64
                0x0000000010003668                div_u64u64
                0x0000000010003668                __wrap___aeabi_uldivmod
                0x0000000010003678                divmod_u64u64_savestate
                0x0000000010003698                divmod_s64s64_unsafe
                0x0000000010003720                divmod_u64u64_unsafe
 .text.__wrap___aeabi_darithmetic
                0x0000000010003a5c       0x80 CMakeFiles/semaphores.dir/Users/daniel.sierra/Desktop/freertos-pico/pico-sdk/src/rp2_common/pico_double/double_aeabi.S.obj
                0x0000000010003a5c                __wrap___aeabi_drsub
                0x0000000010003a62                __wrap___aeabi_dsub
                0x0000000010003a74                __wrap___aeabi_dadd
                0x0000000010003a86                __wrap___aeabi_ddiv
                0x0000000010003ac2                __wrap___aeabi_dmul
 .text.__wrap___aeabi_cdcmple
                0x0000000010003adc       0x6c CMakeFiles/semaphores.dir/Users/daniel.sierra/Desktop/freertos-pico/pico-sdk/src/rp2_common/pico_double/double_aeabi.S.obj
                0x0000000010003adc                __wrap___aeabi_cdrcmple
                0x0000000010003aec                __wrap___aeabi_cdcmple
                0x0000000010003aec                __wrap___aeabi_cdcmpeq
 .text.__wrap___aeabi_dcmplt
                0x0000000010003b48        0xc CMakeFiles/semaphores.dir/Users/daniel.sierra/Desktop/freertos-pico/pico-sdk/src/rp2_common/pico_double/double_aeabi.S.obj
                0x0000000010003b48                __wrap___aeabi_dcmplt
 .text.__wrap___aeabi_dcmple
                0x0000000010003b54       0x10 CMakeFiles/semaphores.dir/Users/daniel.sierra/Desktop/freertos-pico/pico-sdk/src/rp2_common/pico_double/double_aeabi.S.obj
                0x0000000010003b54                __wrap___aeabi_dcmple
 .text.__wrap___aeabi_dcmpge
                0x0000000010003b64       0x10 CMakeFiles/semaphores.dir/Users/daniel.sierra/Desktop/freertos-pico/pico-sdk/src/rp2_common/pico_double/double_aeabi.S.obj
                0x0000000010003b64                __wrap___aeabi_dcmpge
 .text.__wrap___aeabi_dcmpgt
                0x0000000010003b74        0xa CMakeFiles/semaphores.dir/Users/daniel.sierra/Desktop/freertos-pico/pico-sdk/src/rp2_common/pico_double/double_aeabi.S.obj
                0x0000000010003b74                __wrap___aeabi_dcmpgt
 .text.__wrap___aeabi_dcmpun
                0x0000000010003b7e       0x1c CMakeFiles/semaphores.dir/Users/daniel.sierra/Desktop/freertos-pico/pico-sdk/src/rp2_common/pico_double/double_aeabi.S.obj
                0x0000000010003b7e                __wrap___aeabi_dcmpun
 *fill*         0x0000000010003b9a        0x2 
 .text.__wrap___aeabi_i2d
                0x0000000010003b9c       0x38 CMakeFiles/semaphores.dir/Users/daniel.sierra/Desktop/freertos-pico/pico-sdk/src/rp2_common/pico_double/double_aeabi.S.obj
                0x0000000010003b9c                __wrap___aeabi_ui2d
                0x0000000010003ba4                __wrap___aeabi_i2d
 .text.__wrap___aeabi_d2iz
                0x0000000010003bd4       0x48 CMakeFiles/semaphores.dir/Users/daniel.sierra/Desktop/freertos-pico/pico-sdk/src/rp2_common/pico_double/double_aeabi.S.obj
                0x0000000010003bd4                __wrap___aeabi_d2iz
                0x0000000010003bd4                double2int_z
 .text.__wrap___aeabi_d2uiz
                0x0000000010003c1c       0x18 CMakeFiles/semaphores.dir/Users/daniel.sierra/Desktop/freertos-pico/pico-sdk/src/rp2_common/pico_double/double_aeabi.S.obj
                0x0000000010003c1c                double2uint
                0x0000000010003c1c                __wrap___aeabi_d2uiz
 .text.__aeabi_double_init
                0x0000000010003c34       0x94 CMakeFiles/semaphores.dir/Users/daniel.sierra/Desktop/freertos-pico/pico-sdk/src/rp2_common/pico_double/double_init_rom.c.obj
                0x0000000010003c34                __aeabi_double_init
 .text.double_table_shim_on_use_helper
                0x0000000010003cc8       0x2c CMakeFiles/semaphores.dir/Users/daniel.sierra/Desktop/freertos-pico/pico-sdk/src/rp2_common/pico_double/double_v1_rom_shim.S.obj
                0x0000000010003cc8                double_table_shim_on_use_helper
 .text.__wrap___aeabi_dsub
                0x0000000010003cf4       0x10 CMakeFiles/semaphores.dir/Users/daniel.sierra/Desktop/freertos-pico/pico-sdk/src/rp2_common/pico_double/double_v1_rom_shim.S.obj
                0x0000000010003cf4                drsub_shim
                0x0000000010003cfa                dsub_shim
 .text.dadd_shim
                0x0000000010003d04      0x15c CMakeFiles/semaphores.dir/Users/daniel.sierra/Desktop/freertos-pico/pico-sdk/src/rp2_common/pico_double/double_v1_rom_shim.S.obj
                0x0000000010003d04                dadd_shim
 .text.dmul_shim
                0x0000000010003e60      0x15c CMakeFiles/semaphores.dir/Users/daniel.sierra/Desktop/freertos-pico/pico-sdk/src/rp2_common/pico_double/double_v1_rom_shim.S.obj
                0x0000000010003e60                dmul_shim
 .text.ddiv_shim
                0x0000000010003fbc      0x1b0 CMakeFiles/semaphores.dir/Users/daniel.sierra/Desktop/freertos-pico/pico-sdk/src/rp2_common/pico_double/double_v1_rom_shim.S.obj
                0x0000000010003fbc                ddiv_shim
 .text.double2uint_shim
                0x000000001000416c        0xe CMakeFiles/semaphores.dir/Users/daniel.sierra/Desktop/freertos-pico/pico-sdk/src/rp2_common/pico_double/double_v1_rom_shim.S.obj
                0x000000001000416c                double2uint_shim
                0x000000001000416e                double2ufix_shim
 *fill*         0x000000001000417a        0x2 
 .text.double2uint64_shim
                0x000000001000417c       0x70 CMakeFiles/semaphores.dir/Users/daniel.sierra/Desktop/freertos-pico/pico-sdk/src/rp2_common/pico_double/double_v1_rom_shim.S.obj
                0x000000001000417c                double2uint64_shim
                0x000000001000417e                double2ufix64_shim
                0x000000001000419e                d2fix_a
 .text.dunpacks
                0x00000000100041ec       0x3c CMakeFiles/semaphores.dir/Users/daniel.sierra/Desktop/freertos-pico/pico-sdk/src/rp2_common/pico_double/double_v1_rom_shim.S.obj
                0x00000000100041ec                dunpacks
 .text.__aeabi_lmul
                0x0000000010004228       0x32 CMakeFiles/semaphores.dir/Users/daniel.sierra/Desktop/freertos-pico/pico-sdk/src/rp2_common/pico_int64_ops/pico_int64_ops_aeabi.S.obj
                0x0000000010004228                __wrap___aeabi_lmul
 *fill*         0x000000001000425a        0x2 
 .text.__aeabi_float_init
                0x000000001000425c       0x64 CMakeFiles/semaphores.dir/Users/daniel.sierra/Desktop/freertos-pico/pico-sdk/src/rp2_common/pico_float/float_init_rom.c.obj
                0x000000001000425c                __aeabi_float_init
 .text.float_table_shim_on_use_helper
                0x00000000100042c0       0x2c CMakeFiles/semaphores.dir/Users/daniel.sierra/Desktop/freertos-pico/pico-sdk/src/rp2_common/pico_float/float_v1_rom_shim.S.obj
                0x00000000100042c0                float_table_shim_on_use_helper
 .text          0x00000000100042ec       0x10 CMakeFiles/semaphores.dir/Users/daniel.sierra/Desktop/freertos-pico/pico-sdk/src/rp2_common/pico_mem_ops/mem_ops_aeabi.S.obj
                0x00000000100042ec                __aeabi_mem_init
 .text.memset   0x00000000100042fc        0xc CMakeFiles/semaphores.dir/Users/daniel.sierra/Desktop/freertos-pico/pico-sdk/src/rp2_common/pico_mem_ops/mem_ops_aeabi.S.obj
                0x00000000100042fc                __wrap_memset
 .text.memcpy   0x0000000010004308        0xc CMakeFiles/semaphores.dir/Users/daniel.sierra/Desktop/freertos-pico/pico-sdk/src/rp2_common/pico_mem_ops/mem_ops_aeabi.S.obj
                0x0000000010004308                __wrap___aeabi_memcpy
                0x0000000010004308                __wrap_memcpy
 .text.stdio_out_chars_no_crlf
                0x0000000010004314       0x10 CMakeFiles/semaphores.dir/Users/daniel.sierra/Desktop/freertos-pico/pico-sdk/src/rp2_common/pico_stdio/stdio.c.obj
 .text.stdio_out_chars_crlf
                0x0000000010004324       0xb4 CMakeFiles/semaphores.dir/Users/daniel.sierra/Desktop/freertos-pico/pico-sdk/src/rp2_common/pico_stdio/stdio.c.obj
 .text.stdio_put_string.isra.0
                0x00000000100043d8       0xfc CMakeFiles/semaphores.dir/Users/daniel.sierra/Desktop/freertos-pico/pico-sdk/src/rp2_common/pico_stdio/stdio.c.obj
 .text.__wrap_putchar
                0x00000000100044d4       0x98 CMakeFiles/semaphores.dir/Users/daniel.sierra/Desktop/freertos-pico/pico-sdk/src/rp2_common/pico_stdio/stdio.c.obj
                0x00000000100044d4                __wrap_putchar
 .text.__wrap_puts
                0x000000001000456c       0x3c CMakeFiles/semaphores.dir/Users/daniel.sierra/Desktop/freertos-pico/pico-sdk/src/rp2_common/pico_stdio/stdio.c.obj
                0x000000001000456c                __wrap_puts
 .text.stdio_set_driver_enabled
                0x00000000100045a8       0x30 CMakeFiles/semaphores.dir/Users/daniel.sierra/Desktop/freertos-pico/pico-sdk/src/rp2_common/pico_stdio/stdio.c.obj
                0x00000000100045a8                stdio_set_driver_enabled
 .text.stdio_init_all
                0x00000000100045d8        0x8 CMakeFiles/semaphores.dir/Users/daniel.sierra/Desktop/freertos-pico/pico-sdk/src/rp2_common/pico_stdio/stdio.c.obj
                0x00000000100045d8                stdio_init_all
 .text.resetd_init
                0x00000000100045e0        0x4 CMakeFiles/semaphores.dir/Users/daniel.sierra/Desktop/freertos-pico/pico-sdk/src/rp2_common/pico_stdio_usb/reset_interface.c.obj
 .text.resetd_reset
                0x00000000100045e4        0xc CMakeFiles/semaphores.dir/Users/daniel.sierra/Desktop/freertos-pico/pico-sdk/src/rp2_common/pico_stdio_usb/reset_interface.c.obj
 .text.resetd_open
                0x00000000100045f0       0x28 CMakeFiles/semaphores.dir/Users/daniel.sierra/Desktop/freertos-pico/pico-sdk/src/rp2_common/pico_stdio_usb/reset_interface.c.obj
 .text.resetd_xfer_cb
                0x0000000010004618        0x4 CMakeFiles/semaphores.dir/Users/daniel.sierra/Desktop/freertos-pico/pico-sdk/src/rp2_common/pico_stdio_usb/reset_interface.c.obj
 .text.resetd_control_xfer_cb
                0x000000001000461c       0x64 CMakeFiles/semaphores.dir/Users/daniel.sierra/Desktop/freertos-pico/pico-sdk/src/rp2_common/pico_stdio_usb/reset_interface.c.obj
 .text.usbd_app_driver_get_cb
                0x0000000010004680        0xc CMakeFiles/semaphores.dir/Users/daniel.sierra/Desktop/freertos-pico/pico-sdk/src/rp2_common/pico_stdio_usb/reset_interface.c.obj
                0x0000000010004680                usbd_app_driver_get_cb
 .text.tud_cdc_line_coding_cb
                0x000000001000468c       0x34 CMakeFiles/semaphores.dir/Users/daniel.sierra/Desktop/freertos-pico/pico-sdk/src/rp2_common/pico_stdio_usb/reset_interface.c.obj
                0x000000001000468c                tud_cdc_line_coding_cb
 .text.stdio_usb_set_chars_available_callback
                0x00000000100046c0       0x14 CMakeFiles/semaphores.dir/Users/daniel.sierra/Desktop/freertos-pico/pico-sdk/src/rp2_common/pico_stdio_usb/stdio_usb.c.obj
                0x00000000100046c0                stdio_usb_set_chars_available_callback
 .text.usb_irq  0x00000000100046d4       0x10 CMakeFiles/semaphores.dir/Users/daniel.sierra/Desktop/freertos-pico/pico-sdk/src/rp2_common/pico_stdio_usb/stdio_usb.c.obj
 .text.timer_task
                0x00000000100046e4       0x54 CMakeFiles/semaphores.dir/Users/daniel.sierra/Desktop/freertos-pico/pico-sdk/src/rp2_common/pico_stdio_usb/stdio_usb.c.obj
 .text.stdio_usb_in_chars
                0x0000000010004738       0x90 CMakeFiles/semaphores.dir/Users/daniel.sierra/Desktop/freertos-pico/pico-sdk/src/rp2_common/pico_stdio_usb/stdio_usb.c.obj
                0x0000000010004738                stdio_usb_in_chars
 .text.stdio_usb_out_chars
                0x00000000100047c8      0x100 CMakeFiles/semaphores.dir/Users/daniel.sierra/Desktop/freertos-pico/pico-sdk/src/rp2_common/pico_stdio_usb/stdio_usb.c.obj
 .text.low_priority_worker_irq
                0x00000000100048c8       0xa8 CMakeFiles/semaphores.dir/Users/daniel.sierra/Desktop/freertos-pico/pico-sdk/src/rp2_common/pico_stdio_usb/stdio_usb.c.obj
 .text.tud_cdc_rx_cb
                0x0000000010004970       0x20 CMakeFiles/semaphores.dir/Users/daniel.sierra/Desktop/freertos-pico/pico-sdk/src/rp2_common/pico_stdio_usb/stdio_usb.c.obj
                0x0000000010004970                tud_cdc_rx_cb
 .text.stdio_usb_init
                0x0000000010004990       0xdc CMakeFiles/semaphores.dir/Users/daniel.sierra/Desktop/freertos-pico/pico-sdk/src/rp2_common/pico_stdio_usb/stdio_usb.c.obj
                0x0000000010004990                stdio_usb_init
 .text.tud_descriptor_device_cb
                0x0000000010004a6c        0x8 CMakeFiles/semaphores.dir/Users/daniel.sierra/Desktop/freertos-pico/pico-sdk/src/rp2_common/pico_stdio_usb/stdio_usb_descriptors.c.obj
                0x0000000010004a6c                tud_descriptor_device_cb
 .text.tud_descriptor_configuration_cb
                0x0000000010004a74        0x8 CMakeFiles/semaphores.dir/Users/daniel.sierra/Desktop/freertos-pico/pico-sdk/src/rp2_common/pico_stdio_usb/stdio_usb_descriptors.c.obj
                0x0000000010004a74                tud_descriptor_configuration_cb
 .text.tud_descriptor_string_cb
                0x0000000010004a7c       0x74 CMakeFiles/semaphores.dir/Users/daniel.sierra/Desktop/freertos-pico/pico-sdk/src/rp2_common/pico_stdio_usb/stdio_usb_descriptors.c.obj
                0x0000000010004a7c                tud_descriptor_string_cb
 .text.startup._retrieve_unique_id_on_boot
                0x0000000010004af0       0x10 CMakeFiles/semaphores.dir/Users/daniel.sierra/Desktop/freertos-pico/pico-sdk/src/rp2_common/pico_unique_id/unique_id.c.obj
 .text.pico_get_unique_board_id_string
                0x0000000010004b00      0x1a8 CMakeFiles/semaphores.dir/Users/daniel.sierra/Desktop/freertos-pico/pico-sdk/src/rp2_common/pico_unique_id/unique_id.c.obj
                0x0000000010004b00                pico_get_unique_board_id_string
 .text.flash_get_unique_id
                0x0000000010004ca8       0x40 CMakeFiles/semaphores.dir/Users/daniel.sierra/Desktop/freertos-pico/pico-sdk/src/rp2_common/hardware_flash/flash.c.obj
                0x0000000010004ca8                flash_get_unique_id
 .text.dcd_int_enable
                0x0000000010004ce8        0xc CMakeFiles/semaphores.dir/Users/daniel.sierra/Desktop/freertos-pico/pico-sdk/lib/tinyusb/src/portable/raspberrypi/rp2040/dcd_rp2040.c.obj
                0x0000000010004ce8                dcd_int_enable
 .text.dcd_set_address
                0x0000000010004cf4       0x14 CMakeFiles/semaphores.dir/Users/daniel.sierra/Desktop/freertos-pico/pico-sdk/lib/tinyusb/src/portable/raspberrypi/rp2040/dcd_rp2040.c.obj
                0x0000000010004cf4                dcd_set_address
 .text.dcd_connect
                0x0000000010004d08       0x10 CMakeFiles/semaphores.dir/Users/daniel.sierra/Desktop/freertos-pico/pico-sdk/lib/tinyusb/src/portable/raspberrypi/rp2040/dcd_rp2040.c.obj
                0x0000000010004d08                dcd_connect
 .text.dcd_init
                0x0000000010004d18       0x98 CMakeFiles/semaphores.dir/Users/daniel.sierra/Desktop/freertos-pico/pico-sdk/lib/tinyusb/src/portable/raspberrypi/rp2040/dcd_rp2040.c.obj
                0x0000000010004d18                dcd_init
 .text.dcd_edpt0_status_complete
                0x0000000010004db0       0x1c CMakeFiles/semaphores.dir/Users/daniel.sierra/Desktop/freertos-pico/pico-sdk/lib/tinyusb/src/portable/raspberrypi/rp2040/dcd_rp2040.c.obj
                0x0000000010004db0                dcd_edpt0_status_complete
 .text.dcd_edpt_open
                0x0000000010004dcc      0x108 CMakeFiles/semaphores.dir/Users/daniel.sierra/Desktop/freertos-pico/pico-sdk/lib/tinyusb/src/portable/raspberrypi/rp2040/dcd_rp2040.c.obj
                0x0000000010004dcc                dcd_edpt_open
 .text.dcd_edpt_close_all
                0x0000000010004ed4        0x8 CMakeFiles/semaphores.dir/Users/daniel.sierra/Desktop/freertos-pico/pico-sdk/lib/tinyusb/src/portable/raspberrypi/rp2040/dcd_rp2040.c.obj
                0x0000000010004ed4                dcd_edpt_close_all
 .text.dcd_edpt_xfer
                0x0000000010004edc       0x24 CMakeFiles/semaphores.dir/Users/daniel.sierra/Desktop/freertos-pico/pico-sdk/lib/tinyusb/src/portable/raspberrypi/rp2040/dcd_rp2040.c.obj
                0x0000000010004edc                dcd_edpt_xfer
 .text.dcd_edpt_stall
                0x0000000010004f00       0x38 CMakeFiles/semaphores.dir/Users/daniel.sierra/Desktop/freertos-pico/pico-sdk/lib/tinyusb/src/portable/raspberrypi/rp2040/dcd_rp2040.c.obj
                0x0000000010004f00                dcd_edpt_stall
 .text.dcd_edpt_clear_stall
                0x0000000010004f38       0x30 CMakeFiles/semaphores.dir/Users/daniel.sierra/Desktop/freertos-pico/pico-sdk/lib/tinyusb/src/portable/raspberrypi/rp2040/dcd_rp2040.c.obj
                0x0000000010004f38                dcd_edpt_clear_stall
 .text.rp2040_usb_init
                0x0000000010004f68       0x4c CMakeFiles/semaphores.dir/Users/daniel.sierra/Desktop/freertos-pico/pico-sdk/lib/tinyusb/src/portable/raspberrypi/rp2040/rp2040_usb.c.obj
                0x0000000010004f68                rp2040_usb_init
 .text.hw_endpoint_xfer_start
                0x0000000010004fb4       0x50 CMakeFiles/semaphores.dir/Users/daniel.sierra/Desktop/freertos-pico/pico-sdk/lib/tinyusb/src/portable/raspberrypi/rp2040/rp2040_usb.c.obj
                0x0000000010004fb4                hw_endpoint_xfer_start
 .text.tud_mounted
                0x0000000010005004       0x10 CMakeFiles/semaphores.dir/Users/daniel.sierra/Desktop/freertos-pico/pico-sdk/lib/tinyusb/src/device/usbd.c.obj
                0x0000000010005004                tud_mounted
 .text.tud_suspended
                0x0000000010005014       0x10 CMakeFiles/semaphores.dir/Users/daniel.sierra/Desktop/freertos-pico/pico-sdk/lib/tinyusb/src/device/usbd.c.obj
                0x0000000010005014                tud_suspended
 .text.tud_inited
                0x0000000010005024       0x14 CMakeFiles/semaphores.dir/Users/daniel.sierra/Desktop/freertos-pico/pico-sdk/lib/tinyusb/src/device/usbd.c.obj
                0x0000000010005024                tud_inited
 .text.tud_init
                0x0000000010005038       0xe4 CMakeFiles/semaphores.dir/Users/daniel.sierra/Desktop/freertos-pico/pico-sdk/lib/tinyusb/src/device/usbd.c.obj
                0x0000000010005038                tud_init
 .text.tud_task_ext
                0x000000001000511c      0x854 CMakeFiles/semaphores.dir/Users/daniel.sierra/Desktop/freertos-pico/pico-sdk/lib/tinyusb/src/device/usbd.c.obj
                0x000000001000511c                tud_task_ext
 .text.usbd_open_edpt_pair
                0x0000000010005970       0x9c CMakeFiles/semaphores.dir/Users/daniel.sierra/Desktop/freertos-pico/pico-sdk/lib/tinyusb/src/device/usbd.c.obj
                0x0000000010005970                usbd_open_edpt_pair
 .text.usbd_defer_func
                0x0000000010005a0c       0x48 CMakeFiles/semaphores.dir/Users/daniel.sierra/Desktop/freertos-pico/pico-sdk/lib/tinyusb/src/device/usbd.c.obj
                0x0000000010005a0c                usbd_defer_func
 .text.usbd_edpt_open
                0x0000000010005a54       0x34 CMakeFiles/semaphores.dir/Users/daniel.sierra/Desktop/freertos-pico/pico-sdk/lib/tinyusb/src/device/usbd.c.obj
                0x0000000010005a54                usbd_edpt_open
 .text.usbd_edpt_claim
                0x0000000010005a88       0x28 CMakeFiles/semaphores.dir/Users/daniel.sierra/Desktop/freertos-pico/pico-sdk/lib/tinyusb/src/device/usbd.c.obj
                0x0000000010005a88                usbd_edpt_claim
 .text.usbd_edpt_release
                0x0000000010005ab0       0x28 CMakeFiles/semaphores.dir/Users/daniel.sierra/Desktop/freertos-pico/pico-sdk/lib/tinyusb/src/device/usbd.c.obj
                0x0000000010005ab0                usbd_edpt_release
 .text.usbd_edpt_xfer
                0x0000000010005ad8       0x4c CMakeFiles/semaphores.dir/Users/daniel.sierra/Desktop/freertos-pico/pico-sdk/lib/tinyusb/src/device/usbd.c.obj
                0x0000000010005ad8                usbd_edpt_xfer
 .text.tud_control_status
                0x0000000010005b24       0x30 CMakeFiles/semaphores.dir/Users/daniel.sierra/Desktop/freertos-pico/pico-sdk/lib/tinyusb/src/device/usbd_control.c.obj
                0x0000000010005b24                tud_control_status
 .text.tud_control_xfer
                0x0000000010005b54       0xbc CMakeFiles/semaphores.dir/Users/daniel.sierra/Desktop/freertos-pico/pico-sdk/lib/tinyusb/src/device/usbd_control.c.obj
                0x0000000010005b54                tud_control_xfer
 .text.usbd_control_reset
                0x0000000010005c10       0x14 CMakeFiles/semaphores.dir/Users/daniel.sierra/Desktop/freertos-pico/pico-sdk/lib/tinyusb/src/device/usbd_control.c.obj
                0x0000000010005c10                usbd_control_reset
 .text.usbd_control_set_complete_callback
                0x0000000010005c24        0xc CMakeFiles/semaphores.dir/Users/daniel.sierra/Desktop/freertos-pico/pico-sdk/lib/tinyusb/src/device/usbd_control.c.obj
                0x0000000010005c24                usbd_control_set_complete_callback
 .text.usbd_control_set_request
                0x0000000010005c30       0x1c CMakeFiles/semaphores.dir/Users/daniel.sierra/Desktop/freertos-pico/pico-sdk/lib/tinyusb/src/device/usbd_control.c.obj
                0x0000000010005c30                usbd_control_set_request
 .text.usbd_control_xfer_cb
                0x0000000010005c4c       0xfc CMakeFiles/semaphores.dir/Users/daniel.sierra/Desktop/freertos-pico/pico-sdk/lib/tinyusb/src/device/usbd_control.c.obj
                0x0000000010005c4c                usbd_control_xfer_cb
 .text.tud_cdc_n_connected
                0x0000000010005d48       0x30 CMakeFiles/semaphores.dir/Users/daniel.sierra/Desktop/freertos-pico/pico-sdk/lib/tinyusb/src/class/cdc/cdc_device.c.obj
                0x0000000010005d48                tud_cdc_n_connected
 .text.tud_cdc_n_available
                0x0000000010005d78       0x18 CMakeFiles/semaphores.dir/Users/daniel.sierra/Desktop/freertos-pico/pico-sdk/lib/tinyusb/src/class/cdc/cdc_device.c.obj
                0x0000000010005d78                tud_cdc_n_available
 .text.tud_cdc_n_read
                0x0000000010005d90       0x70 CMakeFiles/semaphores.dir/Users/daniel.sierra/Desktop/freertos-pico/pico-sdk/lib/tinyusb/src/class/cdc/cdc_device.c.obj
                0x0000000010005d90                tud_cdc_n_read
 .text.tud_cdc_n_write_flush
                0x0000000010005e00       0x78 CMakeFiles/semaphores.dir/Users/daniel.sierra/Desktop/freertos-pico/pico-sdk/lib/tinyusb/src/class/cdc/cdc_device.c.obj
                0x0000000010005e00                tud_cdc_n_write_flush
 .text.tud_cdc_n_write
                0x0000000010005e78       0x34 CMakeFiles/semaphores.dir/Users/daniel.sierra/Desktop/freertos-pico/pico-sdk/lib/tinyusb/src/class/cdc/cdc_device.c.obj
                0x0000000010005e78                tud_cdc_n_write
 .text.tud_cdc_n_write_available
                0x0000000010005eac       0x18 CMakeFiles/semaphores.dir/Users/daniel.sierra/Desktop/freertos-pico/pico-sdk/lib/tinyusb/src/class/cdc/cdc_device.c.obj
                0x0000000010005eac                tud_cdc_n_write_available
 .text.cdcd_init
                0x0000000010005ec4       0x7c CMakeFiles/semaphores.dir/Users/daniel.sierra/Desktop/freertos-pico/pico-sdk/lib/tinyusb/src/class/cdc/cdc_device.c.obj
                0x0000000010005ec4                cdcd_init
 .text.cdcd_reset
                0x0000000010005f40       0x2c CMakeFiles/semaphores.dir/Users/daniel.sierra/Desktop/freertos-pico/pico-sdk/lib/tinyusb/src/class/cdc/cdc_device.c.obj
                0x0000000010005f40                cdcd_reset
 .text.cdcd_open
                0x0000000010005f6c       0xe8 CMakeFiles/semaphores.dir/Users/daniel.sierra/Desktop/freertos-pico/pico-sdk/lib/tinyusb/src/class/cdc/cdc_device.c.obj
                0x0000000010005f6c                cdcd_open
 .text.cdcd_control_xfer_cb
                0x0000000010006054       0xe4 CMakeFiles/semaphores.dir/Users/daniel.sierra/Desktop/freertos-pico/pico-sdk/lib/tinyusb/src/class/cdc/cdc_device.c.obj
                0x0000000010006054                cdcd_control_xfer_cb
 .text.cdcd_xfer_cb
                0x0000000010006138      0x148 CMakeFiles/semaphores.dir/Users/daniel.sierra/Desktop/freertos-pico/pico-sdk/lib/tinyusb/src/class/cdc/cdc_device.c.obj
                0x0000000010006138                cdcd_xfer_cb
 .text.tusb_init
                0x0000000010006280        0xc CMakeFiles/semaphores.dir/Users/daniel.sierra/Desktop/freertos-pico/pico-sdk/lib/tinyusb/src/tusb.c.obj
                0x0000000010006280                tusb_init
 .text.tusb_inited
                0x000000001000628c        0x8 CMakeFiles/semaphores.dir/Users/daniel.sierra/Desktop/freertos-pico/pico-sdk/lib/tinyusb/src/tusb.c.obj
                0x000000001000628c                tusb_inited
 .text.tu_edpt_claim
                0x0000000010006294       0x50 CMakeFiles/semaphores.dir/Users/daniel.sierra/Desktop/freertos-pico/pico-sdk/lib/tinyusb/src/tusb.c.obj
                0x0000000010006294                tu_edpt_claim
 .text.tu_edpt_release
                0x00000000100062e4       0x38 CMakeFiles/semaphores.dir/Users/daniel.sierra/Desktop/freertos-pico/pico-sdk/lib/tinyusb/src/tusb.c.obj
                0x00000000100062e4                tu_edpt_release
 .text.tu_edpt_validate
                0x000000001000631c       0x78 CMakeFiles/semaphores.dir/Users/daniel.sierra/Desktop/freertos-pico/pico-sdk/lib/tinyusb/src/tusb.c.obj
                0x000000001000631c                tu_edpt_validate
 .text.tu_edpt_bind_driver
                0x0000000010006394       0x34 CMakeFiles/semaphores.dir/Users/daniel.sierra/Desktop/freertos-pico/pico-sdk/lib/tinyusb/src/tusb.c.obj
                0x0000000010006394                tu_edpt_bind_driver
 .text.tu_fifo_config
                0x00000000100063c8       0x70 CMakeFiles/semaphores.dir/Users/daniel.sierra/Desktop/freertos-pico/pico-sdk/lib/tinyusb/src/common/tusb_fifo.c.obj
                0x00000000100063c8                tu_fifo_config
 .text.tu_fifo_count
                0x0000000010006438       0x2c CMakeFiles/semaphores.dir/Users/daniel.sierra/Desktop/freertos-pico/pico-sdk/lib/tinyusb/src/common/tusb_fifo.c.obj
                0x0000000010006438                tu_fifo_count
 .text.tu_fifo_empty
                0x0000000010006464       0x10 CMakeFiles/semaphores.dir/Users/daniel.sierra/Desktop/freertos-pico/pico-sdk/lib/tinyusb/src/common/tusb_fifo.c.obj
                0x0000000010006464                tu_fifo_empty
 .text.tu_fifo_remaining
                0x0000000010006474       0x2c CMakeFiles/semaphores.dir/Users/daniel.sierra/Desktop/freertos-pico/pico-sdk/lib/tinyusb/src/common/tusb_fifo.c.obj
                0x0000000010006474                tu_fifo_remaining
 .text.tu_fifo_read
                0x00000000100064a0       0xa0 CMakeFiles/semaphores.dir/Users/daniel.sierra/Desktop/freertos-pico/pico-sdk/lib/tinyusb/src/common/tusb_fifo.c.obj
                0x00000000100064a0                tu_fifo_read
 .text.tu_fifo_read_n
                0x0000000010006540       0xec CMakeFiles/semaphores.dir/Users/daniel.sierra/Desktop/freertos-pico/pico-sdk/lib/tinyusb/src/common/tusb_fifo.c.obj
                0x0000000010006540                tu_fifo_read_n
 .text.tu_fifo_write
                0x000000001000662c       0x88 CMakeFiles/semaphores.dir/Users/daniel.sierra/Desktop/freertos-pico/pico-sdk/lib/tinyusb/src/common/tusb_fifo.c.obj
                0x000000001000662c                tu_fifo_write
 .text.tu_fifo_write_n
                0x00000000100066b4      0x168 CMakeFiles/semaphores.dir/Users/daniel.sierra/Desktop/freertos-pico/pico-sdk/lib/tinyusb/src/common/tusb_fifo.c.obj
                0x00000000100066b4                tu_fifo_write_n
 .text.tu_fifo_clear
                0x000000001000681c       0x40 CMakeFiles/semaphores.dir/Users/daniel.sierra/Desktop/freertos-pico/pico-sdk/lib/tinyusb/src/common/tusb_fifo.c.obj
                0x000000001000681c                tu_fifo_clear
 .text.tu_fifo_set_overwritable
                0x000000001000685c       0x48 CMakeFiles/semaphores.dir/Users/daniel.sierra/Desktop/freertos-pico/pico-sdk/lib/tinyusb/src/common/tusb_fifo.c.obj
                0x000000001000685c                tu_fifo_set_overwritable
 .text.vPortSVCHandler
                0x00000000100068a4        0x4 CMakeFiles/semaphores.dir/Users/daniel.sierra/Desktop/freertos-pico/FreeRTOS-Kernel/portable/ThirdParty/GCC/RP2040/port.c.obj
                0x00000000100068a4                vPortSVCHandler
 *fill*         0x00000000100068a8        0x8 
 .text.vPortStartFirstTask
                0x00000000100068b0       0x38 CMakeFiles/semaphores.dir/Users/daniel.sierra/Desktop/freertos-pico/FreeRTOS-Kernel/portable/ThirdParty/GCC/RP2040/port.c.obj
 .text.prvFIFOInterruptHandler
                0x00000000100068e8       0x2c CMakeFiles/semaphores.dir/Users/daniel.sierra/Desktop/freertos-pico/FreeRTOS-Kernel/portable/ThirdParty/GCC/RP2040/port.c.obj
 *fill*         0x0000000010006914        0xc 
 .text.xPortPendSVHandler
                0x0000000010006920       0x78 CMakeFiles/semaphores.dir/Users/daniel.sierra/Desktop/freertos-pico/FreeRTOS-Kernel/portable/ThirdParty/GCC/RP2040/port.c.obj
                0x0000000010006920                xPortPendSVHandler
 .text.xPortSysTickHandler
                0x0000000010006998       0x2c CMakeFiles/semaphores.dir/Users/daniel.sierra/Desktop/freertos-pico/FreeRTOS-Kernel/portable/ThirdParty/GCC/RP2040/port.c.obj
                0x0000000010006998                xPortSysTickHandler
 .text.prvTaskExitError
                0x00000000100069c4        0x8 CMakeFiles/semaphores.dir/Users/daniel.sierra/Desktop/freertos-pico/FreeRTOS-Kernel/portable/ThirdParty/GCC/RP2040/port.c.obj
 .text.pxPortInitialiseStack
                0x00000000100069cc       0x20 CMakeFiles/semaphores.dir/Users/daniel.sierra/Desktop/freertos-pico/FreeRTOS-Kernel/portable/ThirdParty/GCC/RP2040/port.c.obj
                0x00000000100069cc                pxPortInitialiseStack
 .text.vPortYield
                0x00000000100069ec       0x18 CMakeFiles/semaphores.dir/Users/daniel.sierra/Desktop/freertos-pico/FreeRTOS-Kernel/portable/ThirdParty/GCC/RP2040/port.c.obj
                0x00000000100069ec                vPortYield
 .text.vPortEnableInterrupts
                0x0000000010006a04       0x30 CMakeFiles/semaphores.dir/Users/daniel.sierra/Desktop/freertos-pico/FreeRTOS-Kernel/portable/ThirdParty/GCC/RP2040/port.c.obj
                0x0000000010006a04                vPortEnableInterrupts
 .text.vYieldCore
                0x0000000010006a34        0xc CMakeFiles/semaphores.dir/Users/daniel.sierra/Desktop/freertos-pico/FreeRTOS-Kernel/portable/ThirdParty/GCC/RP2040/port.c.obj
                0x0000000010006a34                vYieldCore
 .text.vPortSetupTimerInterrupt
                0x0000000010006a40       0x34 CMakeFiles/semaphores.dir/Users/daniel.sierra/Desktop/freertos-pico/FreeRTOS-Kernel/portable/ThirdParty/GCC/RP2040/port.c.obj
                0x0000000010006a40                vPortSetupTimerInterrupt
 .text.xPortStartSchedulerOnCore.isra.0
                0x0000000010006a74       0xac CMakeFiles/semaphores.dir/Users/daniel.sierra/Desktop/freertos-pico/FreeRTOS-Kernel/portable/ThirdParty/GCC/RP2040/port.c.obj
 .text.prvDisableInterruptsAndPortStartSchedulerOnCore
                0x0000000010006b20        0xc CMakeFiles/semaphores.dir/Users/daniel.sierra/Desktop/freertos-pico/FreeRTOS-Kernel/portable/ThirdParty/GCC/RP2040/port.c.obj
 .text.xPortStartScheduler
                0x0000000010006b2c       0x28 CMakeFiles/semaphores.dir/Users/daniel.sierra/Desktop/freertos-pico/FreeRTOS-Kernel/portable/ThirdParty/GCC/RP2040/port.c.obj
                0x0000000010006b2c                xPortStartScheduler
 .text.ulPortLockGetCurrentOwnerId
                0x0000000010006b54       0x30 CMakeFiles/semaphores.dir/Users/daniel.sierra/Desktop/freertos-pico/FreeRTOS-Kernel/portable/ThirdParty/GCC/RP2040/port.c.obj
                0x0000000010006b54                ulPortLockGetCurrentOwnerId
 .text.vPortLockInternalSpinUnlockWithNotify
                0x0000000010006b84       0x84 CMakeFiles/semaphores.dir/Users/daniel.sierra/Desktop/freertos-pico/FreeRTOS-Kernel/portable/ThirdParty/GCC/RP2040/port.c.obj
                0x0000000010006b84                vPortLockInternalSpinUnlockWithNotify
 .text.xPortLockInternalSpinUnlockWithBestEffortWaitOrTimeout
                0x0000000010006c08       0xec CMakeFiles/semaphores.dir/Users/daniel.sierra/Desktop/freertos-pico/FreeRTOS-Kernel/portable/ThirdParty/GCC/RP2040/port.c.obj
                0x0000000010006c08                xPortLockInternalSpinUnlockWithBestEffortWaitOrTimeout
 .text.startup.prvRuntimeInitializer
                0x0000000010006cf4       0x10 CMakeFiles/semaphores.dir/Users/daniel.sierra/Desktop/freertos-pico/FreeRTOS-Kernel/portable/ThirdParty/GCC/RP2040/port.c.obj
 .text.vEventGroupSetBitsCallback
                0x0000000010006d04       0x8c CMakeFiles/semaphores.dir/Users/daniel.sierra/Desktop/freertos-pico/FreeRTOS-Kernel/event_groups.c.obj
                0x0000000010006d04                vEventGroupSetBitsCallback
 .text.xEventGroupCreate
                0x0000000010006d90       0x18 CMakeFiles/semaphores.dir/Users/daniel.sierra/Desktop/freertos-pico/FreeRTOS-Kernel/event_groups.c.obj
                0x0000000010006d90                xEventGroupCreate
 .text.xEventGroupWaitBits
                0x0000000010006da8       0xb8 CMakeFiles/semaphores.dir/Users/daniel.sierra/Desktop/freertos-pico/FreeRTOS-Kernel/event_groups.c.obj
                0x0000000010006da8                xEventGroupWaitBits
 .text.xEventGroupSetBits
                0x0000000010006e60       0x90 CMakeFiles/semaphores.dir/Users/daniel.sierra/Desktop/freertos-pico/FreeRTOS-Kernel/event_groups.c.obj
                0x0000000010006e60                xEventGroupSetBits
 .text.xEventGroupSetBitsFromISR
                0x0000000010006ef0       0x14 CMakeFiles/semaphores.dir/Users/daniel.sierra/Desktop/freertos-pico/FreeRTOS-Kernel/event_groups.c.obj
                0x0000000010006ef0                xEventGroupSetBitsFromISR
 .text.vListInitialise
                0x0000000010006f04       0x18 CMakeFiles/semaphores.dir/Users/daniel.sierra/Desktop/freertos-pico/FreeRTOS-Kernel/list.c.obj
                0x0000000010006f04                vListInitialise
 .text.vListInitialiseItem
                0x0000000010006f1c        0x8 CMakeFiles/semaphores.dir/Users/daniel.sierra/Desktop/freertos-pico/FreeRTOS-Kernel/list.c.obj
                0x0000000010006f1c                vListInitialiseItem
 .text.vListInsertEnd
                0x0000000010006f24       0x18 CMakeFiles/semaphores.dir/Users/daniel.sierra/Desktop/freertos-pico/FreeRTOS-Kernel/list.c.obj
                0x0000000010006f24                vListInsertEnd
 .text.vListInsert
                0x0000000010006f3c       0x30 CMakeFiles/semaphores.dir/Users/daniel.sierra/Desktop/freertos-pico/FreeRTOS-Kernel/list.c.obj
                0x0000000010006f3c                vListInsert
 .text.uxListRemove
                0x0000000010006f6c       0x24 CMakeFiles/semaphores.dir/Users/daniel.sierra/Desktop/freertos-pico/FreeRTOS-Kernel/list.c.obj
                0x0000000010006f6c                uxListRemove
 .text.prvUnlockQueue
                0x0000000010006f90      0x140 CMakeFiles/semaphores.dir/Users/daniel.sierra/Desktop/freertos-pico/FreeRTOS-Kernel/queue.c.obj
 .text.prvNotifyQueueSetContainer
                0x00000000100070d0       0x94 CMakeFiles/semaphores.dir/Users/daniel.sierra/Desktop/freertos-pico/FreeRTOS-Kernel/queue.c.obj
 .text.xQueueGenericCreate
                0x0000000010007164       0x6c CMakeFiles/semaphores.dir/Users/daniel.sierra/Desktop/freertos-pico/FreeRTOS-Kernel/queue.c.obj
                0x0000000010007164                xQueueGenericCreate
 .text.xQueueGenericSend
                0x00000000100071d0      0x1cc CMakeFiles/semaphores.dir/Users/daniel.sierra/Desktop/freertos-pico/FreeRTOS-Kernel/queue.c.obj
                0x00000000100071d0                xQueueGenericSend
 .text.xQueueCreateMutex
                0x000000001000739c       0x6c CMakeFiles/semaphores.dir/Users/daniel.sierra/Desktop/freertos-pico/FreeRTOS-Kernel/queue.c.obj
                0x000000001000739c                xQueueCreateMutex
 .text.xQueueGenericSendFromISR
                0x0000000010007408      0x134 CMakeFiles/semaphores.dir/Users/daniel.sierra/Desktop/freertos-pico/FreeRTOS-Kernel/queue.c.obj
                0x0000000010007408                xQueueGenericSendFromISR
 .text.xQueueReceive
                0x000000001000753c      0x11c CMakeFiles/semaphores.dir/Users/daniel.sierra/Desktop/freertos-pico/FreeRTOS-Kernel/queue.c.obj
                0x000000001000753c                xQueueReceive
 .text.xQueueSemaphoreTake
                0x0000000010007658      0x150 CMakeFiles/semaphores.dir/Users/daniel.sierra/Desktop/freertos-pico/FreeRTOS-Kernel/queue.c.obj
                0x0000000010007658                xQueueSemaphoreTake
 .text.vQueueAddToRegistry
                0x00000000100077a8       0x60 CMakeFiles/semaphores.dir/Users/daniel.sierra/Desktop/freertos-pico/FreeRTOS-Kernel/queue.c.obj
                0x00000000100077a8                vQueueAddToRegistry
 .text.vQueueWaitForMessageRestricted
                0x0000000010007808       0x48 CMakeFiles/semaphores.dir/Users/daniel.sierra/Desktop/freertos-pico/FreeRTOS-Kernel/queue.c.obj
                0x0000000010007808                vQueueWaitForMessageRestricted
 .text.prvMinimalIdleTask
                0x0000000010007850       0x18 CMakeFiles/semaphores.dir/Users/daniel.sierra/Desktop/freertos-pico/FreeRTOS-Kernel/tasks.c.obj
 .text.prvAddCurrentTaskToDelayedList
                0x0000000010007868       0xe0 CMakeFiles/semaphores.dir/Users/daniel.sierra/Desktop/freertos-pico/FreeRTOS-Kernel/tasks.c.obj
 .text.vTaskExitCritical.part.0
                0x0000000010007948       0xc4 CMakeFiles/semaphores.dir/Users/daniel.sierra/Desktop/freertos-pico/FreeRTOS-Kernel/tasks.c.obj
 .text.prvCheckForRunStateChange.part.0
                0x0000000010007a0c      0x18c CMakeFiles/semaphores.dir/Users/daniel.sierra/Desktop/freertos-pico/FreeRTOS-Kernel/tasks.c.obj
 .text.prvIdleTask
                0x0000000010007b98      0x1f0 CMakeFiles/semaphores.dir/Users/daniel.sierra/Desktop/freertos-pico/FreeRTOS-Kernel/tasks.c.obj
 .text.prvYieldForTask
                0x0000000010007d88       0xe0 CMakeFiles/semaphores.dir/Users/daniel.sierra/Desktop/freertos-pico/FreeRTOS-Kernel/tasks.c.obj
 .text.vTaskSuspendAll
                0x0000000010007e68      0x108 CMakeFiles/semaphores.dir/Users/daniel.sierra/Desktop/freertos-pico/FreeRTOS-Kernel/tasks.c.obj
                0x0000000010007e68                vTaskSuspendAll
 .text.xTaskGetTickCount
                0x0000000010007f70        0xc CMakeFiles/semaphores.dir/Users/daniel.sierra/Desktop/freertos-pico/FreeRTOS-Kernel/tasks.c.obj
                0x0000000010007f70                xTaskGetTickCount
 .text.vTaskSwitchContext
                0x0000000010007f7c      0x350 CMakeFiles/semaphores.dir/Users/daniel.sierra/Desktop/freertos-pico/FreeRTOS-Kernel/tasks.c.obj
                0x0000000010007f7c                vTaskSwitchContext
 .text.vTaskPlaceOnEventList
                0x00000000100082cc       0xe0 CMakeFiles/semaphores.dir/Users/daniel.sierra/Desktop/freertos-pico/FreeRTOS-Kernel/tasks.c.obj
                0x00000000100082cc                vTaskPlaceOnEventList
 .text.vTaskPlaceOnUnorderedEventList
                0x00000000100083ac       0x48 CMakeFiles/semaphores.dir/Users/daniel.sierra/Desktop/freertos-pico/FreeRTOS-Kernel/tasks.c.obj
                0x00000000100083ac                vTaskPlaceOnUnorderedEventList
 .text.vTaskPlaceOnEventListRestricted
                0x00000000100083f4      0x100 CMakeFiles/semaphores.dir/Users/daniel.sierra/Desktop/freertos-pico/FreeRTOS-Kernel/tasks.c.obj
                0x00000000100083f4                vTaskPlaceOnEventListRestricted
 .text.xTaskRemoveFromEventList
                0x00000000100084f4      0x140 CMakeFiles/semaphores.dir/Users/daniel.sierra/Desktop/freertos-pico/FreeRTOS-Kernel/tasks.c.obj
                0x00000000100084f4                xTaskRemoveFromEventList
 .text.vTaskInternalSetTimeOutState
                0x0000000010008634       0x18 CMakeFiles/semaphores.dir/Users/daniel.sierra/Desktop/freertos-pico/FreeRTOS-Kernel/tasks.c.obj
                0x0000000010008634                vTaskInternalSetTimeOutState
 .text.xTaskCheckForTimeOut
                0x000000001000864c      0x1e0 CMakeFiles/semaphores.dir/Users/daniel.sierra/Desktop/freertos-pico/FreeRTOS-Kernel/tasks.c.obj
                0x000000001000864c                xTaskCheckForTimeOut
 .text.vTaskMissedYield
                0x000000001000882c       0x14 CMakeFiles/semaphores.dir/Users/daniel.sierra/Desktop/freertos-pico/FreeRTOS-Kernel/tasks.c.obj
                0x000000001000882c                vTaskMissedYield
 .text.xTaskGetCurrentTaskHandle
                0x0000000010008840       0x1c CMakeFiles/semaphores.dir/Users/daniel.sierra/Desktop/freertos-pico/FreeRTOS-Kernel/tasks.c.obj
                0x0000000010008840                xTaskGetCurrentTaskHandle
 .text.xTaskGetSchedulerState
                0x000000001000885c      0x14c CMakeFiles/semaphores.dir/Users/daniel.sierra/Desktop/freertos-pico/FreeRTOS-Kernel/tasks.c.obj
                0x000000001000885c                xTaskGetSchedulerState
 .text.xTaskPriorityInherit
                0x00000000100089a8       0xdc CMakeFiles/semaphores.dir/Users/daniel.sierra/Desktop/freertos-pico/FreeRTOS-Kernel/tasks.c.obj
                0x00000000100089a8                xTaskPriorityInherit
 .text.xTaskPriorityDisinherit
                0x0000000010008a84       0x58 CMakeFiles/semaphores.dir/Users/daniel.sierra/Desktop/freertos-pico/FreeRTOS-Kernel/tasks.c.obj
                0x0000000010008a84                xTaskPriorityDisinherit
 .text.vTaskPriorityDisinheritAfterTimeout
                0x0000000010008adc       0x70 CMakeFiles/semaphores.dir/Users/daniel.sierra/Desktop/freertos-pico/FreeRTOS-Kernel/tasks.c.obj
                0x0000000010008adc                vTaskPriorityDisinheritAfterTimeout
 .text.vTaskYieldWithinAPI
                0x0000000010008b4c       0x34 CMakeFiles/semaphores.dir/Users/daniel.sierra/Desktop/freertos-pico/FreeRTOS-Kernel/tasks.c.obj
                0x0000000010008b4c                vTaskYieldWithinAPI
 .text.vTaskEnterCritical
                0x0000000010008b80      0x110 CMakeFiles/semaphores.dir/Users/daniel.sierra/Desktop/freertos-pico/FreeRTOS-Kernel/tasks.c.obj
                0x0000000010008b80                vTaskEnterCritical
 .text.xTaskCreateAffinitySet
                0x0000000010008c90      0x2e0 CMakeFiles/semaphores.dir/Users/daniel.sierra/Desktop/freertos-pico/FreeRTOS-Kernel/tasks.c.obj
                0x0000000010008c90                xTaskCreateAffinitySet
 .text.vTaskStartScheduler
                0x0000000010008f70       0xc0 CMakeFiles/semaphores.dir/Users/daniel.sierra/Desktop/freertos-pico/FreeRTOS-Kernel/tasks.c.obj
                0x0000000010008f70                vTaskStartScheduler
 .text.xTaskIncrementTick
                0x0000000010009030      0x240 CMakeFiles/semaphores.dir/Users/daniel.sierra/Desktop/freertos-pico/FreeRTOS-Kernel/tasks.c.obj
                0x0000000010009030                xTaskIncrementTick
 .text.xTaskResumeAll.part.0
                0x0000000010009270      0x144 CMakeFiles/semaphores.dir/Users/daniel.sierra/Desktop/freertos-pico/FreeRTOS-Kernel/tasks.c.obj
 .text.xTaskResumeAll
                0x00000000100093b4       0x18 CMakeFiles/semaphores.dir/Users/daniel.sierra/Desktop/freertos-pico/FreeRTOS-Kernel/tasks.c.obj
                0x00000000100093b4                xTaskResumeAll
 .text.vTaskRemoveFromUnorderedEventList
                0x00000000100093cc       0x7c CMakeFiles/semaphores.dir/Users/daniel.sierra/Desktop/freertos-pico/FreeRTOS-Kernel/tasks.c.obj
                0x00000000100093cc                vTaskRemoveFromUnorderedEventList
 .text.xTaskCreate
                0x0000000010009448      0x2e4 CMakeFiles/semaphores.dir/Users/daniel.sierra/Desktop/freertos-pico/FreeRTOS-Kernel/tasks.c.obj
                0x0000000010009448                xTaskCreate
 .text.vTaskExitCritical
                0x000000001000972c       0x34 CMakeFiles/semaphores.dir/Users/daniel.sierra/Desktop/freertos-pico/FreeRTOS-Kernel/tasks.c.obj
                0x000000001000972c                vTaskExitCritical
 .text.uxTaskResetEventItemValue
                0x0000000010009760       0x48 CMakeFiles/semaphores.dir/Users/daniel.sierra/Desktop/freertos-pico/FreeRTOS-Kernel/tasks.c.obj
                0x0000000010009760                uxTaskResetEventItemValue
 .text.pvTaskIncrementMutexHeldCount
                0x00000000100097a8       0x4c CMakeFiles/semaphores.dir/Users/daniel.sierra/Desktop/freertos-pico/FreeRTOS-Kernel/tasks.c.obj
                0x00000000100097a8                pvTaskIncrementMutexHeldCount
 .text.xTaskGenericNotifyWait
                0x00000000100097f4      0x180 CMakeFiles/semaphores.dir/Users/daniel.sierra/Desktop/freertos-pico/FreeRTOS-Kernel/tasks.c.obj
                0x00000000100097f4                xTaskGenericNotifyWait
 .text.xTaskGenericNotifyFromISR
                0x0000000010009974      0x264 CMakeFiles/semaphores.dir/Users/daniel.sierra/Desktop/freertos-pico/FreeRTOS-Kernel/tasks.c.obj
                0x0000000010009974                xTaskGenericNotifyFromISR
 .text.prvSwitchTimerLists
                0x0000000010009bd8       0x9c CMakeFiles/semaphores.dir/Users/daniel.sierra/Desktop/freertos-pico/FreeRTOS-Kernel/timers.c.obj
 .text.prvTimerTask
                0x0000000010009c74      0x268 CMakeFiles/semaphores.dir/Users/daniel.sierra/Desktop/freertos-pico/FreeRTOS-Kernel/timers.c.obj
 .text.xTimerCreateTimerTask
                0x0000000010009edc       0x8c CMakeFiles/semaphores.dir/Users/daniel.sierra/Desktop/freertos-pico/FreeRTOS-Kernel/timers.c.obj
                0x0000000010009edc                xTimerCreateTimerTask
 .text.xTimerPendFunctionCallFromISR
                0x0000000010009f68       0x28 CMakeFiles/semaphores.dir/Users/daniel.sierra/Desktop/freertos-pico/FreeRTOS-Kernel/timers.c.obj
                0x0000000010009f68                xTimerPendFunctionCallFromISR
 .text.exception_set_exclusive_handler
                0x0000000010009f90       0x48 CMakeFiles/semaphores.dir/Users/daniel.sierra/Desktop/freertos-pico/pico-sdk/src/rp2_common/hardware_exception/exception.c.obj
                0x0000000010009f90                exception_set_exclusive_handler
 .text.core1_trampoline
                0x0000000010009fd8        0x4 CMakeFiles/semaphores.dir/Users/daniel.sierra/Desktop/freertos-pico/pico-sdk/src/rp2_common/pico_multicore/multicore.c.obj
 .text.core1_wrapper
                0x0000000010009fdc        0xc CMakeFiles/semaphores.dir/Users/daniel.sierra/Desktop/freertos-pico/pico-sdk/src/rp2_common/pico_multicore/multicore.c.obj
                0x0000000010009fdc                core1_wrapper
 .text.multicore_launch_core1_raw
                0x0000000010009fe8       0x84 CMakeFiles/semaphores.dir/Users/daniel.sierra/Desktop/freertos-pico/pico-sdk/src/rp2_common/pico_multicore/multicore.c.obj
                0x0000000010009fe8                multicore_launch_core1_raw
 .text.multicore_launch_core1
                0x000000001000a06c       0x4c CMakeFiles/semaphores.dir/Users/daniel.sierra/Desktop/freertos-pico/pico-sdk/src/rp2_common/pico_multicore/multicore.c.obj
                0x000000001000a06c                multicore_launch_core1
 .text.pvPortMalloc
                0x000000001000a0b8      0x16c CMakeFiles/semaphores.dir/Users/daniel.sierra/Desktop/freertos-pico/FreeRTOS-Kernel/portable/MemMang/heap_4.c.obj
                0x000000001000a0b8                pvPortMalloc
 .text.vPortFree
                0x000000001000a224       0x90 CMakeFiles/semaphores.dir/Users/daniel.sierra/Desktop/freertos-pico/FreeRTOS-Kernel/portable/MemMang/heap_4.c.obj
                0x000000001000a224                vPortFree
 .text.strlen   0x000000001000a2b4       0x5c /usr/local/Cellar/arm-none-eabi-gcc/10.3-2021.07/gcc/bin/../lib/gcc/arm-none-eabi/10.3.1/../../../../arm-none-eabi/lib/thumb/v6-m/nofp/libc.a(lib_a-strlen-stub.o)
                0x000000001000a2b4                strlen
 *(.fini)
 .fini          0x000000001000a310        0x4 /usr/local/Cellar/arm-none-eabi-gcc/10.3-2021.07/gcc/bin/../lib/gcc/arm-none-eabi/10.3.1/thumb/v6-m/nofp/crti.o
                0x000000001000a310                _fini
 *fill*         0x000000001000a314        0x4 
 .fini.__stub   0x000000001000a318       0xd0 linker stubs
 *crtbegin.o(.ctors)
 *crtbegin?.o(.ctors)
 *(EXCLUDE_FILE(*crtend.o *crtend?.o) .ctors)
 *(SORT_BY_NAME(.ctors.*))
 *(.ctors)
 *crtbegin.o(.dtors)
 *crtbegin?.o(.dtors)
 *(EXCLUDE_FILE(*crtend.o *crtend?.o) .dtors)
 *(SORT_BY_NAME(.dtors.*))
 *(.dtors)
 *(.eh_frame*)
 .eh_frame      0x000000001000a3e8        0x0 /usr/local/Cellar/arm-none-eabi-gcc/10.3-2021.07/gcc/bin/../lib/gcc/arm-none-eabi/10.3.1/thumb/v6-m/nofp/crtbegin.o
                0x000000001000a3e8                . = ALIGN (0x4)

.glue_7         0x000000001000a3e8        0x0
 .glue_7        0x000000001000a3e8        0x0 linker stubs

.glue_7t        0x000000001000a3e8        0x0
 .glue_7t       0x000000001000a3e8        0x0 linker stubs

.vfp11_veneer   0x000000001000a3e8        0x0
 .vfp11_veneer  0x000000001000a3e8        0x0 linker stubs

.v4_bx          0x000000001000a3e8        0x0
 .v4_bx         0x000000001000a3e8        0x0 linker stubs

.iplt           0x000000001000a3e8        0x0
 .iplt          0x000000001000a3e8        0x0 /usr/local/Cellar/arm-none-eabi-gcc/10.3-2021.07/gcc/bin/../lib/gcc/arm-none-eabi/10.3.1/thumb/v6-m/nofp/crtbegin.o

.rodata         0x000000001000a3e8      0x5d0
 *(EXCLUDE_FILE(*libm.a: *libc.a:*lib_a-mem*.o *libgcc.a:) .rodata*)
 .rodata.vNotifyTask.str1.4
                0x000000001000a3e8       0x18 CMakeFiles/semaphores.dir/main.c.obj
 .rodata.main.str1.4
                0x000000001000a400       0x2e CMakeFiles/semaphores.dir/main.c.obj
 *fill*         0x000000001000a42e        0x2 
 .rodata.spin_lock_claim.str1.4
                0x000000001000a430       0x1f CMakeFiles/semaphores.dir/Users/daniel.sierra/Desktop/freertos-pico/pico-sdk/src/rp2_common/hardware_sync/sync.c.obj
 *fill*         0x000000001000a44f        0x1 
 .rodata.spin_lock_claim_unused.str1.4
                0x000000001000a450       0x1b CMakeFiles/semaphores.dir/Users/daniel.sierra/Desktop/freertos-pico/pico-sdk/src/rp2_common/hardware_sync/sync.c.obj
 *fill*         0x000000001000a46b        0x1 
 .rodata.user_irq_claim_unused.str1.4
                0x000000001000a46c       0x1b CMakeFiles/semaphores.dir/Users/daniel.sierra/Desktop/freertos-pico/pico-sdk/src/rp2_common/hardware_irq/irq.c.obj
 *fill*         0x000000001000a487        0x1 
 .rodata.hardware_alarm_claim.str1.4
                0x000000001000a488       0x22 CMakeFiles/semaphores.dir/Users/daniel.sierra/Desktop/freertos-pico/pico-sdk/src/rp2_common/hardware_timer/timer.c.obj
 *fill*         0x000000001000a4aa        0x2 
 .rodata.panic.str1.4
                0x000000001000a4ac       0x12 CMakeFiles/semaphores.dir/Users/daniel.sierra/Desktop/freertos-pico/pico-sdk/src/rp2_common/pico_runtime/runtime.c.obj
 *fill*         0x000000001000a4be        0x2 
 .rodata.panic_unsupported.str1.4
                0x000000001000a4c0        0xe CMakeFiles/semaphores.dir/Users/daniel.sierra/Desktop/freertos-pico/pico-sdk/src/rp2_common/pico_runtime/runtime.c.obj
 *fill*         0x000000001000a4ce        0x2 
 .rodata.hard_assertion_failure.str1.4
                0x000000001000a4d0        0xc CMakeFiles/semaphores.dir/Users/daniel.sierra/Desktop/freertos-pico/pico-sdk/src/rp2_common/pico_runtime/runtime.c.obj
 .rodata._ftoa.str1.4
                0x000000001000a4dc       0x15 CMakeFiles/semaphores.dir/Users/daniel.sierra/Desktop/freertos-pico/pico-sdk/src/rp2_common/pico_printf/printf.c.obj
 *fill*         0x000000001000a4f1        0x3 
 .rodata._vsnprintf
                0x000000001000a4f4      0x1e0 CMakeFiles/semaphores.dir/Users/daniel.sierra/Desktop/freertos-pico/pico-sdk/src/rp2_common/pico_printf/printf.c.obj
 *fill*         0x000000001000a6d4        0x4 
 .rodata.pow10.0
                0x000000001000a6d8       0x50 CMakeFiles/semaphores.dir/Users/daniel.sierra/Desktop/freertos-pico/pico-sdk/src/rp2_common/pico_printf/printf.c.obj
 .rodata.str1.4
                0x000000001000a728       0x40 CMakeFiles/semaphores.dir/Users/daniel.sierra/Desktop/freertos-pico/pico-sdk/src/rp2_common/pico_standard_link/binary_info.c.obj
 .rodata.__bi_44
                0x000000001000a768        0xc CMakeFiles/semaphores.dir/Users/daniel.sierra/Desktop/freertos-pico/pico-sdk/src/rp2_common/pico_standard_link/binary_info.c.obj
 .rodata.__bi_75
                0x000000001000a774        0xc CMakeFiles/semaphores.dir/Users/daniel.sierra/Desktop/freertos-pico/pico-sdk/src/rp2_common/pico_standard_link/binary_info.c.obj
 .rodata.__bi_81
                0x000000001000a780        0xc CMakeFiles/semaphores.dir/Users/daniel.sierra/Desktop/freertos-pico/pico-sdk/src/rp2_common/pico_standard_link/binary_info.c.obj
 .rodata.crlf_str.0
                0x000000001000a78c        0x2 CMakeFiles/semaphores.dir/Users/daniel.sierra/Desktop/freertos-pico/pico-sdk/src/rp2_common/pico_stdio/stdio.c.obj
 *fill*         0x000000001000a78e        0x2 
 .rodata._resetd_driver
                0x000000001000a790       0x18 CMakeFiles/semaphores.dir/Users/daniel.sierra/Desktop/freertos-pico/pico-sdk/src/rp2_common/pico_stdio_usb/reset_interface.c.obj
 .rodata.str1.4
                0x000000001000a7a8       0x13 CMakeFiles/semaphores.dir/Users/daniel.sierra/Desktop/freertos-pico/pico-sdk/src/rp2_common/pico_stdio_usb/stdio_usb.c.obj
 *fill*         0x000000001000a7bb        0x1 
 .rodata.__bi_188.0
                0x000000001000a7bc        0xc CMakeFiles/semaphores.dir/Users/daniel.sierra/Desktop/freertos-pico/pico-sdk/src/rp2_common/pico_stdio_usb/stdio_usb.c.obj
 .rodata.str1.4
                0x000000001000a7c8       0x2a CMakeFiles/semaphores.dir/Users/daniel.sierra/Desktop/freertos-pico/pico-sdk/src/rp2_common/pico_stdio_usb/stdio_usb_descriptors.c.obj
 *fill*         0x000000001000a7f2        0x2 
 .rodata.usbd_desc_cfg
                0x000000001000a7f4       0x54 CMakeFiles/semaphores.dir/Users/daniel.sierra/Desktop/freertos-pico/pico-sdk/src/rp2_common/pico_stdio_usb/stdio_usb_descriptors.c.obj
 .rodata.usbd_desc_device
                0x000000001000a848       0x12 CMakeFiles/semaphores.dir/Users/daniel.sierra/Desktop/freertos-pico/pico-sdk/src/rp2_common/pico_stdio_usb/stdio_usb_descriptors.c.obj
 *fill*         0x000000001000a85a        0x2 
 .rodata.usbd_desc_str
                0x000000001000a85c       0x18 CMakeFiles/semaphores.dir/Users/daniel.sierra/Desktop/freertos-pico/pico-sdk/src/rp2_common/pico_stdio_usb/stdio_usb_descriptors.c.obj
 .rodata.str1.4
                0x000000001000a874       0x14 CMakeFiles/semaphores.dir/Users/daniel.sierra/Desktop/freertos-pico/pico-sdk/lib/tinyusb/src/portable/raspberrypi/rp2040/dcd_rp2040.c.obj
 .rodata.str1.4
                0x000000001000a888       0x53 CMakeFiles/semaphores.dir/Users/daniel.sierra/Desktop/freertos-pico/pico-sdk/lib/tinyusb/src/portable/raspberrypi/rp2040/rp2040_usb.c.obj
 *fill*         0x000000001000a8db        0x1 
 .rodata.tud_task_ext
                0x000000001000a8dc       0x8c CMakeFiles/semaphores.dir/Users/daniel.sierra/Desktop/freertos-pico/pico-sdk/lib/tinyusb/src/device/usbd.c.obj
 .rodata._usbd_driver
                0x000000001000a968       0x18 CMakeFiles/semaphores.dir/Users/daniel.sierra/Desktop/freertos-pico/pico-sdk/lib/tinyusb/src/device/usbd.c.obj
 .rodata.prvTimerTask
                0x000000001000a980       0x28 CMakeFiles/semaphores.dir/Users/daniel.sierra/Desktop/freertos-pico/FreeRTOS-Kernel/timers.c.obj
 .rodata.xTimerCreateTimerTask.str1.4
                0x000000001000a9a8       0x10 CMakeFiles/semaphores.dir/Users/daniel.sierra/Desktop/freertos-pico/FreeRTOS-Kernel/timers.c.obj
                0x000000001000a9b8                . = ALIGN (0x4)
 *(SORT_BY_ALIGNMENT(SORT_BY_NAME(.flashdata*)))
                0x000000001000a9b8                . = ALIGN (0x4)

.rel.dyn        0x000000001000a9b8        0x0
 .rel.iplt      0x000000001000a9b8        0x0 /usr/local/Cellar/arm-none-eabi-gcc/10.3-2021.07/gcc/bin/../lib/gcc/arm-none-eabi/10.3.1/thumb/v6-m/nofp/crtbegin.o

.ARM.extab
 *(.ARM.extab* .gnu.linkonce.armextab.*)
                0x000000001000a9b8                __exidx_start = .

.ARM.exidx
 *(.ARM.exidx* .gnu.linkonce.armexidx.*)
                0x000000001000a9b8                __exidx_end = .
                0x000000001000a9b8                . = ALIGN (0x4)
                0x000000001000a9b8                __binary_info_start = .

.binary_info    0x000000001000a9b8       0x20
 *(.binary_info.keep.*)
 .binary_info.keep.__bi_ptr22
                0x000000001000a9b8        0x4 CMakeFiles/semaphores.dir/Users/daniel.sierra/Desktop/freertos-pico/pico-sdk/src/rp2_common/pico_standard_link/binary_info.c.obj
 .binary_info.keep.__bi_ptr30
                0x000000001000a9bc        0x4 CMakeFiles/semaphores.dir/Users/daniel.sierra/Desktop/freertos-pico/pico-sdk/src/rp2_common/pico_standard_link/binary_info.c.obj
 .binary_info.keep.__bi_ptr38
                0x000000001000a9c0        0x4 CMakeFiles/semaphores.dir/Users/daniel.sierra/Desktop/freertos-pico/pico-sdk/src/rp2_common/pico_standard_link/binary_info.c.obj
 .binary_info.keep.__bi_ptr44
                0x000000001000a9c4        0x4 CMakeFiles/semaphores.dir/Users/daniel.sierra/Desktop/freertos-pico/pico-sdk/src/rp2_common/pico_standard_link/binary_info.c.obj
 .binary_info.keep.__bi_ptr50
                0x000000001000a9c8        0x4 CMakeFiles/semaphores.dir/Users/daniel.sierra/Desktop/freertos-pico/pico-sdk/src/rp2_common/pico_standard_link/binary_info.c.obj
 .binary_info.keep.__bi_ptr75
                0x000000001000a9cc        0x4 CMakeFiles/semaphores.dir/Users/daniel.sierra/Desktop/freertos-pico/pico-sdk/src/rp2_common/pico_standard_link/binary_info.c.obj
 .binary_info.keep.__bi_ptr81
                0x000000001000a9d0        0x4 CMakeFiles/semaphores.dir/Users/daniel.sierra/Desktop/freertos-pico/pico-sdk/src/rp2_common/pico_standard_link/binary_info.c.obj
 *(.binary_info.*)
 .binary_info.__bi_ptr188
                0x000000001000a9d4        0x4 CMakeFiles/semaphores.dir/Users/daniel.sierra/Desktop/freertos-pico/pico-sdk/src/rp2_common/pico_stdio_usb/stdio_usb.c.obj
                0x000000001000a9d8                __binary_info_end = .
                0x000000001000a9d8                . = ALIGN (0x4)
                0x000000001000a9d8                __etext = .

.ram_vector_table
                0x0000000020000000       0xc0
 *(.ram_vector_table)
 .ram_vector_table
                0x0000000020000000       0xc0 CMakeFiles/semaphores.dir/Users/daniel.sierra/Desktop/freertos-pico/pico-sdk/src/rp2_common/pico_runtime/runtime.c.obj
                0x0000000020000000                ram_vector_table

.data           0x00000000200000c0      0xe60 load address 0x000000001000a9d8
                0x00000000200000c0                __data_start__ = .
 *(vtable)
 *(.time_critical*)
 .time_critical.mutex_try_enter
                0x00000000200000c0       0x44 CMakeFiles/semaphores.dir/Users/daniel.sierra/Desktop/freertos-pico/pico-sdk/src/common/pico_sync/mutex.c.obj
                0x00000000200000c0                mutex_try_enter
 .time_critical.mutex_try_enter_block_until
                0x0000000020000104       0x9c CMakeFiles/semaphores.dir/Users/daniel.sierra/Desktop/freertos-pico/pico-sdk/src/common/pico_sync/mutex.c.obj
                0x0000000020000104                mutex_try_enter_block_until
 .time_critical.mutex_enter_timeout_ms
                0x00000000200001a0       0x78 CMakeFiles/semaphores.dir/Users/daniel.sierra/Desktop/freertos-pico/pico-sdk/src/common/pico_sync/mutex.c.obj
                0x00000000200001a0                mutex_enter_timeout_ms
 .time_critical.mutex_exit
                0x0000000020000218       0x20 CMakeFiles/semaphores.dir/Users/daniel.sierra/Desktop/freertos-pico/pico-sdk/src/common/pico_sync/mutex.c.obj
                0x0000000020000218                mutex_exit
 .time_critical.flash_init_boot2_copyout
                0x0000000020000238       0x30 CMakeFiles/semaphores.dir/Users/daniel.sierra/Desktop/freertos-pico/pico-sdk/src/rp2_common/hardware_flash/flash.c.obj
 .time_critical.flash_enable_xip_via_boot2
                0x0000000020000268       0x10 CMakeFiles/semaphores.dir/Users/daniel.sierra/Desktop/freertos-pico/pico-sdk/src/rp2_common/hardware_flash/flash.c.obj
 .time_critical.flash_cs_force
                0x0000000020000278       0x38 CMakeFiles/semaphores.dir/Users/daniel.sierra/Desktop/freertos-pico/pico-sdk/src/rp2_common/hardware_flash/flash.c.obj
 .time_critical.flash_do_cmd
                0x00000000200002b0       0xc4 CMakeFiles/semaphores.dir/Users/daniel.sierra/Desktop/freertos-pico/pico-sdk/src/rp2_common/hardware_flash/flash.c.obj
                0x00000000200002b0                flash_do_cmd
 .time_critical.reset_non_control_endpoints
                0x0000000020000374       0xbc CMakeFiles/semaphores.dir/Users/daniel.sierra/Desktop/freertos-pico/pico-sdk/lib/tinyusb/src/portable/raspberrypi/rp2040/dcd_rp2040.c.obj
 .time_critical.hw_handle_buff_status
                0x0000000020000430       0xa8 CMakeFiles/semaphores.dir/Users/daniel.sierra/Desktop/freertos-pico/pico-sdk/lib/tinyusb/src/portable/raspberrypi/rp2040/dcd_rp2040.c.obj
 .time_critical.dcd_rp2040_irq
                0x00000000200004d8      0x4d8 CMakeFiles/semaphores.dir/Users/daniel.sierra/Desktop/freertos-pico/pico-sdk/lib/tinyusb/src/portable/raspberrypi/rp2040/dcd_rp2040.c.obj
 .time_critical.e15_is_bulkin_ep
                0x00000000200009b0       0x28 CMakeFiles/semaphores.dir/Users/daniel.sierra/Desktop/freertos-pico/pico-sdk/lib/tinyusb/src/portable/raspberrypi/rp2040/rp2040_usb.c.obj
 .time_critical.e15_is_critical_frame_period
                0x00000000200009d8       0x34 CMakeFiles/semaphores.dir/Users/daniel.sierra/Desktop/freertos-pico/pico-sdk/lib/tinyusb/src/portable/raspberrypi/rp2040/rp2040_usb.c.obj
 .time_critical.prepare_ep_buffer
                0x0000000020000a0c       0x70 CMakeFiles/semaphores.dir/Users/daniel.sierra/Desktop/freertos-pico/pico-sdk/lib/tinyusb/src/portable/raspberrypi/rp2040/rp2040_usb.c.obj
 .time_critical.sync_ep_buffer
                0x0000000020000a7c       0x4c CMakeFiles/semaphores.dir/Users/daniel.sierra/Desktop/freertos-pico/pico-sdk/lib/tinyusb/src/portable/raspberrypi/rp2040/rp2040_usb.c.obj
 .time_critical._hw_endpoint_xfer_sync
                0x0000000020000ac8       0x28 CMakeFiles/semaphores.dir/Users/daniel.sierra/Desktop/freertos-pico/pico-sdk/lib/tinyusb/src/portable/raspberrypi/rp2040/rp2040_usb.c.obj
 .time_critical.hw_endpoint_reset_transfer
                0x0000000020000af0        0xc CMakeFiles/semaphores.dir/Users/daniel.sierra/Desktop/freertos-pico/pico-sdk/lib/tinyusb/src/portable/raspberrypi/rp2040/rp2040_usb.c.obj
                0x0000000020000af0                hw_endpoint_reset_transfer
 .time_critical._hw_endpoint_buffer_control_update32
                0x0000000020000afc       0x58 CMakeFiles/semaphores.dir/Users/daniel.sierra/Desktop/freertos-pico/pico-sdk/lib/tinyusb/src/portable/raspberrypi/rp2040/rp2040_usb.c.obj
                0x0000000020000afc                _hw_endpoint_buffer_control_update32
 .time_critical.hw_endpoint_start_next_buffer
                0x0000000020000b54       0x6c CMakeFiles/semaphores.dir/Users/daniel.sierra/Desktop/freertos-pico/pico-sdk/lib/tinyusb/src/portable/raspberrypi/rp2040/rp2040_usb.c.obj
                0x0000000020000b54                hw_endpoint_start_next_buffer
 .time_critical.hw_endpoint_xfer_continue
                0x0000000020000bc0       0x50 CMakeFiles/semaphores.dir/Users/daniel.sierra/Desktop/freertos-pico/pico-sdk/lib/tinyusb/src/portable/raspberrypi/rp2040/rp2040_usb.c.obj
                0x0000000020000bc0                hw_endpoint_xfer_continue
 .time_critical.tinyusb
                0x0000000020000c10      0x170 CMakeFiles/semaphores.dir/Users/daniel.sierra/Desktop/freertos-pico/pico-sdk/lib/tinyusb/src/device/usbd.c.obj
                0x0000000020000c10                dcd_event_handler
 *(.text*)
 .text          0x0000000020000d80        0x4 /usr/local/Cellar/arm-none-eabi-gcc/10.3-2021.07/gcc/bin/../lib/gcc/arm-none-eabi/10.3.1/thumb/v6-m/nofp/libgcc.a(_dvmd_tls.o)
                0x0000000020000d80                __aeabi_ldiv0
                0x0000000020000d80                __aeabi_idiv0
 *fill*         0x0000000020000d84        0x4 
 .text.__stub   0x0000000020000d88       0x90 linker stubs
                0x0000000020000e18                . = ALIGN (0x4)
 *(.rodata*)
                0x0000000020000e18                . = ALIGN (0x4)
 *(.data*)
 .data.striped_spin_lock_num
                0x0000000020000e18        0x1 CMakeFiles/semaphores.dir/Users/daniel.sierra/Desktop/freertos-pico/pico-sdk/src/rp2_common/hardware_sync/sync.c.obj
 *fill*         0x0000000020000e19        0x3 
 .data          0x0000000020000e1c       0x48 CMakeFiles/semaphores.dir/Users/daniel.sierra/Desktop/freertos-pico/pico-sdk/src/rp2_common/hardware_irq/irq_handler_chain.S.obj
                0x0000000020000e1c                irq_handler_chain_slots
                0x0000000020000e4c                irq_handler_chain_first_slot
                0x0000000020000e56                irq_handler_chain_remove_tail
 .data.default_alarm_pool
                0x0000000020000e64       0x18 CMakeFiles/semaphores.dir/Users/daniel.sierra/Desktop/freertos-pico/pico-sdk/src/common/pico_time/time.c.obj
 .data.default_alarm_pool_heap
                0x0000000020000e7c       0x10 CMakeFiles/semaphores.dir/Users/daniel.sierra/Desktop/freertos-pico/pico-sdk/src/common/pico_time/time.c.obj
 *fill*         0x0000000020000e8c        0x4 
 .data.aeabi_bits_funcs
                0x0000000020000e90       0x10 CMakeFiles/semaphores.dir/Users/daniel.sierra/Desktop/freertos-pico/pico-sdk/src/rp2_common/pico_bit_ops/bit_ops_aeabi.S.obj
                0x0000000020000e90                aeabi_bits_funcs
                0x0000000020000ea0                aeabi_bits_funcs_end
 .data.aeabi_mem_funcs
                0x0000000020000ea0       0x10 CMakeFiles/semaphores.dir/Users/daniel.sierra/Desktop/freertos-pico/pico-sdk/src/rp2_common/pico_mem_ops/mem_ops_aeabi.S.obj
                0x0000000020000ea0                aeabi_mem_funcs
                0x0000000020000eb0                aeabi_mem_funcs_end
 .data.stdio_usb
                0x0000000020000eb0       0x18 CMakeFiles/semaphores.dir/Users/daniel.sierra/Desktop/freertos-pico/pico-sdk/src/rp2_common/pico_stdio_usb/stdio_usb.c.obj
                0x0000000020000eb0                stdio_usb
 .data.ep_dir_string
                0x0000000020000ec8        0x8 CMakeFiles/semaphores.dir/Users/daniel.sierra/Desktop/freertos-pico/pico-sdk/lib/tinyusb/src/portable/raspberrypi/rp2040/rp2040_usb.c.obj
                0x0000000020000ec8                ep_dir_string
 .data._usbd_qdef
                0x0000000020000ed0       0x1c CMakeFiles/semaphores.dir/Users/daniel.sierra/Desktop/freertos-pico/pico-sdk/lib/tinyusb/src/device/usbd.c.obj
                0x0000000020000ed0                _usbd_qdef
 .data._usbd_rhport
                0x0000000020000eec        0x1 CMakeFiles/semaphores.dir/Users/daniel.sierra/Desktop/freertos-pico/pico-sdk/lib/tinyusb/src/device/usbd.c.obj
 .data.ucPrimaryCoreNum
                0x0000000020000eed        0x1 CMakeFiles/semaphores.dir/Users/daniel.sierra/Desktop/freertos-pico/FreeRTOS-Kernel/portable/ThirdParty/GCC/RP2040/port.c.obj
 *fill*         0x0000000020000eee        0x2 
 .data.uxTopUsedPriority
                0x0000000020000ef0        0x4 CMakeFiles/semaphores.dir/Users/daniel.sierra/Desktop/freertos-pico/FreeRTOS-Kernel/tasks.c.obj
                0x0000000020000ef0                uxTopUsedPriority