Archive member included to satisfy reference by file (symbol)

/usr/local/Cellar/arm-none-eabi-gcc/10.3-2021.07/gcc/bin/../lib/gcc/arm-none-eabi/10.3.1/thumb/v6-m/nofp/libgcc.a(_dvmd_tls.o)
                              CMakeFiles/blink.dir/Users/daniel.sierra/Desktop/freertos-pico/pico-sdk/src/rp2_common/pico_divider/divider.S.obj (__aeabi_idiv0)
/usr/local/Cellar/arm-none-eabi-gcc/10.3-2021.07/gcc/bin/../lib/gcc/arm-none-eabi/10.3.1/../../../../arm-none-eabi/lib/thumb/v6-m/nofp/libc.a(lib_a-calloc.o)
                              CMakeFiles/blink.dir/Users/daniel.sierra/Desktop/freertos-pico/pico-sdk/src/rp2_common/pico_malloc/pico_malloc.c.obj (calloc)
/usr/local/Cellar/arm-none-eabi-gcc/10.3-2021.07/gcc/bin/../lib/gcc/arm-none-eabi/10.3.1/../../../../arm-none-eabi/lib/thumb/v6-m/nofp/libc.a(lib_a-callocr.o)
                              /usr/local/Cellar/arm-none-eabi-gcc/10.3-2021.07/gcc/bin/../lib/gcc/arm-none-eabi/10.3.1/../../../../arm-none-eabi/lib/thumb/v6-m/nofp/libc.a(lib_a-calloc.o) (_calloc_r)
/usr/local/Cellar/arm-none-eabi-gcc/10.3-2021.07/gcc/bin/../lib/gcc/arm-none-eabi/10.3.1/../../../../arm-none-eabi/lib/thumb/v6-m/nofp/libc.a(lib_a-errno.o)
                              /usr/local/Cellar/arm-none-eabi-gcc/10.3-2021.07/gcc/bin/../lib/gcc/arm-none-eabi/10.3.1/../../../../arm-none-eabi/lib/thumb/v6-m/nofp/libc.a(lib_a-callocr.o) (__errno)
/usr/local/Cellar/arm-none-eabi-gcc/10.3-2021.07/gcc/bin/../lib/gcc/arm-none-eabi/10.3.1/../../../../arm-none-eabi/lib/thumb/v6-m/nofp/libc.a(lib_a-impure.o)
                              /usr/local/Cellar/arm-none-eabi-gcc/10.3-2021.07/gcc/bin/../lib/gcc/arm-none-eabi/10.3.1/../../../../arm-none-eabi/lib/thumb/v6-m/nofp/libc.a(lib_a-calloc.o) (_impure_ptr)
/usr/local/Cellar/arm-none-eabi-gcc/10.3-2021.07/gcc/bin/../lib/gcc/arm-none-eabi/10.3.1/../../../../arm-none-eabi/lib/thumb/v6-m/nofp/libc.a(lib_a-init.o)
                              /usr/local/Cellar/arm-none-eabi-gcc/10.3-2021.07/gcc/bin/../lib/gcc/arm-none-eabi/10.3.1/../../../../arm-none-eabi/lib/thumb/v6-m/nofp/crt0.o (__libc_init_array)
/usr/local/Cellar/arm-none-eabi-gcc/10.3-2021.07/gcc/bin/../lib/gcc/arm-none-eabi/10.3.1/../../../../arm-none-eabi/lib/thumb/v6-m/nofp/libc.a(lib_a-malloc.o)
                              CMakeFiles/blink.dir/Users/daniel.sierra/Desktop/freertos-pico/pico-sdk/src/rp2_common/pico_malloc/pico_malloc.c.obj (malloc)
/usr/local/Cellar/arm-none-eabi-gcc/10.3-2021.07/gcc/bin/../lib/gcc/arm-none-eabi/10.3.1/../../../../arm-none-eabi/lib/thumb/v6-m/nofp/libc.a(lib_a-mallocr.o)
                              /usr/local/Cellar/arm-none-eabi-gcc/10.3-2021.07/gcc/bin/../lib/gcc/arm-none-eabi/10.3.1/../../../../arm-none-eabi/lib/thumb/v6-m/nofp/libc.a(lib_a-callocr.o) (_malloc_r)
/usr/local/Cellar/arm-none-eabi-gcc/10.3-2021.07/gcc/bin/../lib/gcc/arm-none-eabi/10.3.1/../../../../arm-none-eabi/lib/thumb/v6-m/nofp/libc.a(lib_a-mlock.o)
                              /usr/local/Cellar/arm-none-eabi-gcc/10.3-2021.07/gcc/bin/../lib/gcc/arm-none-eabi/10.3.1/../../../../arm-none-eabi/lib/thumb/v6-m/nofp/libc.a(lib_a-mallocr.o) (__malloc_lock)
/usr/local/Cellar/arm-none-eabi-gcc/10.3-2021.07/gcc/bin/../lib/gcc/arm-none-eabi/10.3.1/../../../../arm-none-eabi/lib/thumb/v6-m/nofp/libc.a(lib_a-realloc.o)
                              CMakeFiles/blink.dir/Users/daniel.sierra/Desktop/freertos-pico/pico-sdk/src/rp2_common/pico_malloc/pico_malloc.c.obj (realloc)
/usr/local/Cellar/arm-none-eabi-gcc/10.3-2021.07/gcc/bin/../lib/gcc/arm-none-eabi/10.3.1/../../../../arm-none-eabi/lib/thumb/v6-m/nofp/libc.a(lib_a-reallocr.o)
                              /usr/local/Cellar/arm-none-eabi-gcc/10.3-2021.07/gcc/bin/../lib/gcc/arm-none-eabi/10.3.1/../../../../arm-none-eabi/lib/thumb/v6-m/nofp/libc.a(lib_a-realloc.o) (_realloc_r)
/usr/local/Cellar/arm-none-eabi-gcc/10.3-2021.07/gcc/bin/../lib/gcc/arm-none-eabi/10.3.1/../../../../arm-none-eabi/lib/thumb/v6-m/nofp/libc.a(lib_a-sbrkr.o)
                              /usr/local/Cellar/arm-none-eabi-gcc/10.3-2021.07/gcc/bin/../lib/gcc/arm-none-eabi/10.3.1/../../../../arm-none-eabi/lib/thumb/v6-m/nofp/libc.a(lib_a-mallocr.o) (_sbrk_r)
/usr/local/Cellar/arm-none-eabi-gcc/10.3-2021.07/gcc/bin/../lib/gcc/arm-none-eabi/10.3.1/../../../../arm-none-eabi/lib/thumb/v6-m/nofp/libc.a(lib_a-strlen-stub.o)
                              CMakeFiles/blink.dir/Users/daniel.sierra/Desktop/freertos-pico/pico-sdk/src/rp2_common/pico_stdio/stdio.c.obj (strlen)
/usr/local/Cellar/arm-none-eabi-gcc/10.3-2021.07/gcc/bin/../lib/gcc/arm-none-eabi/10.3.1/../../../../arm-none-eabi/lib/thumb/v6-m/nofp/libc.a(lib_a-freer.o)
                              /usr/local/Cellar/arm-none-eabi-gcc/10.3-2021.07/gcc/bin/../lib/gcc/arm-none-eabi/10.3.1/../../../../arm-none-eabi/lib/thumb/v6-m/nofp/libc.a(lib_a-malloc.o) (_free_r)
/usr/local/Cellar/arm-none-eabi-gcc/10.3-2021.07/gcc/bin/../lib/gcc/arm-none-eabi/10.3.1/../../../../arm-none-eabi/lib/thumb/v6-m/nofp/libc.a(lib_a-lock.o)
[...]
Memory Configuration

Name             Origin             Length             Attributes
FLASH            0x0000000010000000 0x0000000000200000 xr
RAM              0x0000000020000000 0x0000000000040000 xrw
SCRATCH_X        0x0000000020040000 0x0000000000001000 xrw
SCRATCH_Y        0x0000000020041000 0x0000000000001000 xrw
*default*        0x0000000000000000 0xffffffffffffffff

Linker script and memory map

LOAD /usr/local/Cellar/arm-none-eabi-gcc/10.3-2021.07/gcc/bin/../lib/gcc/arm-none-eabi/10.3.1/thumb/v6-m/nofp/crti.o
LOAD /usr/local/Cellar/arm-none-eabi-gcc/10.3-2021.07/gcc/bin/../lib/gcc/arm-none-eabi/10.3.1/thumb/v6-m/nofp/crtbegin.o
LOAD /usr/local/Cellar/arm-none-eabi-gcc/10.3-2021.07/gcc/bin/../lib/gcc/arm-none-eabi/10.3.1/../../../../arm-none-eabi/lib/thumb/v6-m/nofp/crt0.o

.flash_begin    0x0000000010000000        0x0
                0x0000000010000000                __flash_binary_start = .

.boot2          0x0000000010000000      0x100
                0x0000000010000000                __boot2_start__ = .
 *(.boot2)
 .boot2         0x0000000010000000      0x100 /var/folders/m8/0vkhrb2d79q5vj59ddsmwqxmj03f_3/T//ccukx3Cb.o
                0x0000000010000100                __boot2_end__ = .
                0x0000000000000001                ASSERT (((__boot2_end__ - __boot2_start__) == 0x100), ERROR: Pico second stage bootloader must be 256 bytes in size)

.text           0x0000000010000100     0x5608
                0x0000000010000100                __logical_binary_start = .
 *(.vectors)
 .vectors       0x0000000010000100       0xd4 CMakeFiles/blink.dir/Users/daniel.sierra/Desktop/freertos-pico/pico-sdk/src/rp2_common/pico_standard_link/crt0.S.obj
                0x0000000010000100                __VECTOR_TABLE
                0x0000000010000100                __vectors
                0x00000000100001c0                __default_isrs_start
                0x00000000100001c0                isr_invalid
                0x00000000100001c2                isr_nmi
                0x00000000100001c4                isr_hardfault
                0x00000000100001c6                isr_svcall
                0x00000000100001c8                isr_pendsv
                0x00000000100001ca                isr_systick
                0x00000000100001cc                isr_irq28
                0x00000000100001cc                isr_irq19
                0x00000000100001cc                isr_irq0
                0x00000000100001cc                isr_irq6
                0x00000000100001cc                isr_irq22
                0x00000000100001cc                isr_irq17
                0x00000000100001cc                isr_irq14
                0x00000000100001cc                isr_irq2
                0x00000000100001cc                isr_irq10
                0x00000000100001cc                isr_irq8
                0x00000000100001cc                isr_irq24
                0x00000000100001cc                isr_irq1
                0x00000000100001cc                isr_irq7
                0x00000000100001cc                isr_irq21
                0x00000000100001cc                isr_irq20
                0x00000000100001cc                isr_irq15
                0x00000000100001cc                isr_irq25
                0x00000000100001cc                isr_irq4
                0x00000000100001cc                isr_irq16
                0x00000000100001cc                isr_irq29
                0x00000000100001cc                isr_irq26
                0x00000000100001cc                __default_isrs_end
                0x00000000100001cc                isr_irq3
                0x00000000100001cc                isr_irq9
                0x00000000100001cc                __unhandled_user_irq
                0x00000000100001cc                isr_irq13
                0x00000000100001cc                isr_irq27
                0x00000000100001cc                isr_irq31
                0x00000000100001cc                isr_irq5
                0x00000000100001cc                isr_irq11
                0x00000000100001cc                isr_irq23
                0x00000000100001cc                isr_irq18
                0x00000000100001cc                isr_irq30
                0x00000000100001cc                isr_irq12
                0x00000000100001d2                unhandled_user_irq_num_in_r0
 *(.binary_info_header)
 .binary_info_header
                0x00000000100001d4       0x14 CMakeFiles/blink.dir/Users/daniel.sierra/Desktop/freertos-pico/pico-sdk/src/rp2_common/pico_standard_link/crt0.S.obj
                0x00000000100001e8                __binary_info_header_end = .
 *(.reset)
 .reset         0x00000000100001e8       0xa0 CMakeFiles/blink.dir/Users/daniel.sierra/Desktop/freertos-pico/pico-sdk/src/rp2_common/pico_standard_link/crt0.S.obj
                0x00000000100001e8                _entry_point
 .reset         0x0000000010000288       0x30 CMakeFiles/blink.dir/Users/daniel.sierra/Desktop/freertos-pico/pico-sdk/src/rp2_common/pico_standard_link/binary_info.c.obj
 *(.init)
 .init          0x00000000100002b8        0x4 /usr/local/Cellar/arm-none-eabi-gcc/10.3-2021.07/gcc/bin/../lib/gcc/arm-none-eabi/10.3.1/thumb/v6-m/nofp/crti.o
                0x00000000100002b8                _init
 *(EXCLUDE_FILE(*libm.a: *libc.a:*lib_a-mem*.o *libgcc.a:) .text*)
 .text          0x00000000100002bc       0x48 /usr/local/Cellar/arm-none-eabi-gcc/10.3-2021.07/gcc/bin/../lib/gcc/arm-none-eabi/10.3.1/thumb/v6-m/nofp/crtbegin.o
 .text.vBlinkTask
                0x0000000010000304       0x20 CMakeFiles/blink.dir/main.c.obj
                0x0000000010000304                vBlinkTask
 .text.startup.main
                0x0000000010000324       0x38 CMakeFiles/blink.dir/main.c.obj
                0x0000000010000324                main
 .text.gpio_init
                0x000000001000035c       0x3c CMakeFiles/blink.dir/Users/daniel.sierra/Desktop/freertos-pico/pico-sdk/src/rp2_common/hardware_gpio/gpio.c.obj
                0x000000001000035c                gpio_init
 .text.running_on_fpga
                0x0000000010000398       0x10 CMakeFiles/blink.dir/Users/daniel.sierra/Desktop/freertos-pico/pico-sdk/src/rp2_common/pico_platform/platform.c.obj
                0x0000000010000398                running_on_fpga
 .text.hw_claim_or_assert
                0x00000000100003a8       0x44 CMakeFiles/blink.dir/Users/daniel.sierra/Desktop/freertos-pico/pico-sdk/src/rp2_common/hardware_claim/claim.c.obj
                0x00000000100003a8                hw_claim_or_assert
 .text.spin_locks_reset
                0x00000000100003ec       0x1c CMakeFiles/blink.dir/Users/daniel.sierra/Desktop/freertos-pico/pico-sdk/src/rp2_common/hardware_sync/sync.c.obj
                0x00000000100003ec                spin_locks_reset
 .text.next_striped_spin_lock_num
                0x0000000010000408       0x18 CMakeFiles/blink.dir/Users/daniel.sierra/Desktop/freertos-pico/pico-sdk/src/rp2_common/hardware_sync/sync.c.obj
                0x0000000010000408                next_striped_spin_lock_num
 .text.spin_lock_claim
                0x0000000010000420       0x18 CMakeFiles/blink.dir/Users/daniel.sierra/Desktop/freertos-pico/pico-sdk/src/rp2_common/hardware_sync/sync.c.obj
                0x0000000010000420                spin_lock_claim
 .text.irq_set_enabled
                0x0000000010000438       0x24 CMakeFiles/blink.dir/Users/daniel.sierra/Desktop/freertos-pico/pico-sdk/src/rp2_common/hardware_irq/irq.c.obj
                0x0000000010000438                irq_set_enabled
 .text.irq_is_enabled
                0x000000001000045c       0x18 CMakeFiles/blink.dir/Users/daniel.sierra/Desktop/freertos-pico/pico-sdk/src/rp2_common/hardware_irq/irq.c.obj
                0x000000001000045c                irq_is_enabled
 .text.irq_get_vtable_handler
                0x0000000010000474       0x10 CMakeFiles/blink.dir/Users/daniel.sierra/Desktop/freertos-pico/pico-sdk/src/rp2_common/hardware_irq/irq.c.obj
                0x0000000010000474                irq_get_vtable_handler
 .text.irq_set_exclusive_handler
                0x0000000010000484       0x54 CMakeFiles/blink.dir/Users/daniel.sierra/Desktop/freertos-pico/pico-sdk/src/rp2_common/hardware_irq/irq.c.obj
                0x0000000010000484                irq_set_exclusive_handler
 .text.irq_remove_handler
                0x00000000100004d8      0x1b0 CMakeFiles/blink.dir/Users/daniel.sierra/Desktop/freertos-pico/pico-sdk/src/rp2_common/hardware_irq/irq.c.obj
                0x00000000100004d8                irq_remove_handler
 .text.irq_set_priority
                0x0000000010000688       0x28 CMakeFiles/blink.dir/Users/daniel.sierra/Desktop/freertos-pico/pico-sdk/src/rp2_common/hardware_irq/irq.c.obj
                0x0000000010000688                irq_set_priority
 .text.irq_add_tail_to_free_list
                0x00000000100006b0       0xb4 CMakeFiles/blink.dir/Users/daniel.sierra/Desktop/freertos-pico/pico-sdk/src/rp2_common/hardware_irq/irq.c.obj
                0x00000000100006b0                irq_add_tail_to_free_list
 .text.irq_init_priorities
                0x0000000010000764       0x24 CMakeFiles/blink.dir/Users/daniel.sierra/Desktop/freertos-pico/pico-sdk/src/rp2_common/hardware_irq/irq.c.obj
                0x0000000010000764                irq_init_priorities
 .text.lock_init
                0x0000000010000788       0x10 CMakeFiles/blink.dir/Users/daniel.sierra/Desktop/freertos-pico/pico-sdk/src/common/pico_sync/lock_core.c.obj
                0x0000000010000788                lock_init
 .text.mutex_init
                0x0000000010000798       0x1c CMakeFiles/blink.dir/Users/daniel.sierra/Desktop/freertos-pico/pico-sdk/src/common/pico_sync/mutex.c.obj
                0x0000000010000798                mutex_init
 .text.recursive_mutex_init
                0x00000000100007b4       0x20 CMakeFiles/blink.dir/Users/daniel.sierra/Desktop/freertos-pico/pico-sdk/src/common/pico_sync/mutex.c.obj
                0x00000000100007b4                recursive_mutex_init
 .text.timer_pool_entry_comparator
                0x00000000100007d4       0x34 CMakeFiles/blink.dir/Users/daniel.sierra/Desktop/freertos-pico/pico-sdk/src/common/pico_time/time.c.obj
                0x00000000100007d4                timer_pool_entry_comparator
 .text.sleep_until_callback
                0x0000000010000808       0x24 CMakeFiles/blink.dir/Users/daniel.sierra/Desktop/freertos-pico/pico-sdk/src/common/pico_time/time.c.obj
 .text.add_alarm_under_lock.isra.0
                0x000000001000082c      0x100 CMakeFiles/blink.dir/Users/daniel.sierra/Desktop/freertos-pico/pico-sdk/src/common/pico_time/time.c.obj
 .text.alarm_pool_alarm_callback
                0x000000001000092c      0x1b8 CMakeFiles/blink.dir/Users/daniel.sierra/Desktop/freertos-pico/pico-sdk/src/common/pico_time/time.c.obj
 .text.alarm_pool_init_default
                0x0000000010000ae4       0x6c CMakeFiles/blink.dir/Users/daniel.sierra/Desktop/freertos-pico/pico-sdk/src/common/pico_time/time.c.obj
                0x0000000010000ae4                alarm_pool_init_default
 .text.alarm_pool_add_alarm_at
                0x0000000010000b50      0x17c CMakeFiles/blink.dir/Users/daniel.sierra/Desktop/freertos-pico/pico-sdk/src/common/pico_time/time.c.obj
                0x0000000010000b50                alarm_pool_add_alarm_at
 .text.alarm_pool_cancel_alarm
                0x0000000010000ccc       0x74 CMakeFiles/blink.dir/Users/daniel.sierra/Desktop/freertos-pico/pico-sdk/src/common/pico_time/time.c.obj
                0x0000000010000ccc                alarm_pool_cancel_alarm
 .text.best_effort_wfe_or_timeout
                0x0000000010000d40       0x78 CMakeFiles/blink.dir/Users/daniel.sierra/Desktop/freertos-pico/pico-sdk/src/common/pico_time/time.c.obj
                0x0000000010000d40                best_effort_wfe_or_timeout
 .text.hardware_alarm_irq_handler
                0x0000000010000db8       0xbc CMakeFiles/blink.dir/Users/daniel.sierra/Desktop/freertos-pico/pico-sdk/src/rp2_common/hardware_timer/timer.c.obj
 .text.hardware_alarm_claim
                0x0000000010000e74       0x18 CMakeFiles/blink.dir/Users/daniel.sierra/Desktop/freertos-pico/pico-sdk/src/rp2_common/hardware_timer/timer.c.obj
                0x0000000010000e74                hardware_alarm_claim
 .text.time_us_64
                0x0000000010000e8c       0x14 CMakeFiles/blink.dir/Users/daniel.sierra/Desktop/freertos-pico/pico-sdk/src/rp2_common/hardware_timer/timer.c.obj
                0x0000000010000e8c                time_us_64
 .text.hardware_alarm_set_callback
                0x0000000010000ea0       0x8c CMakeFiles/blink.dir/Users/daniel.sierra/Desktop/freertos-pico/pico-sdk/src/rp2_common/hardware_timer/timer.c.obj
                0x0000000010000ea0                hardware_alarm_set_callback
 .text.hardware_alarm_set_target
                0x0000000010000f2c       0xe0 CMakeFiles/blink.dir/Users/daniel.sierra/Desktop/freertos-pico/pico-sdk/src/rp2_common/hardware_timer/timer.c.obj
                0x0000000010000f2c                hardware_alarm_set_target
 .text.hardware_alarm_cancel
                0x000000001000100c       0x3c CMakeFiles/blink.dir/Users/daniel.sierra/Desktop/freertos-pico/pico-sdk/src/rp2_common/hardware_timer/timer.c.obj
                0x000000001000100c                hardware_alarm_cancel
 .text.ph_merge_nodes
                0x0000000010001048       0x68 CMakeFiles/blink.dir/Users/daniel.sierra/Desktop/freertos-pico/pico-sdk/src/common/pico_util/pheap.c.obj
 .text.ph_post_alloc_init
                0x00000000100010b0       0x3c CMakeFiles/blink.dir/Users/daniel.sierra/Desktop/freertos-pico/pico-sdk/src/common/pico_util/pheap.c.obj
                0x00000000100010b0                ph_post_alloc_init
 .text.ph_merge_two_pass
                0x00000000100010ec       0x90 CMakeFiles/blink.dir/Users/daniel.sierra/Desktop/freertos-pico/pico-sdk/src/common/pico_util/pheap.c.obj
                0x00000000100010ec                ph_merge_two_pass
 .text.ph_remove_any_head
                0x000000001000117c      0x100 CMakeFiles/blink.dir/Users/daniel.sierra/Desktop/freertos-pico/pico-sdk/src/common/pico_util/pheap.c.obj
 .text.ph_remove_head
                0x000000001000127c      0x104 CMakeFiles/blink.dir/Users/daniel.sierra/Desktop/freertos-pico/pico-sdk/src/common/pico_util/pheap.c.obj
                0x000000001000127c                ph_remove_head
 .text.ph_remove_and_free_node
                0x0000000010001380       0x7c CMakeFiles/blink.dir/Users/daniel.sierra/Desktop/freertos-pico/pico-sdk/src/common/pico_util/pheap.c.obj
                0x0000000010001380                ph_remove_and_free_node
 .text.clocks_init
                0x00000000100013fc      0x2bc CMakeFiles/blink.dir/Users/daniel.sierra/Desktop/freertos-pico/pico-sdk/src/rp2_common/hardware_clocks/clocks.c.obj
                0x00000000100013fc                clocks_init
 .text.clock_get_hz
                0x00000000100016b8        0xc CMakeFiles/blink.dir/Users/daniel.sierra/Desktop/freertos-pico/pico-sdk/src/rp2_common/hardware_clocks/clocks.c.obj
                0x00000000100016b8                clock_get_hz
 .text.pll_init
                0x00000000100016c4       0xb0 CMakeFiles/blink.dir/Users/daniel.sierra/Desktop/freertos-pico/pico-sdk/src/rp2_common/hardware_pll/pll.c.obj
                0x00000000100016c4                pll_init
 .text.watchdog_start_tick
                0x0000000010001774       0x10 CMakeFiles/blink.dir/Users/daniel.sierra/Desktop/freertos-pico/pico-sdk/src/rp2_common/hardware_watchdog/watchdog.c.obj
                0x0000000010001774                watchdog_start_tick
 .text.xosc_init
                0x0000000010001784       0x28 CMakeFiles/blink.dir/Users/daniel.sierra/Desktop/freertos-pico/pico-sdk/src/rp2_common/hardware_xosc/xosc.c.obj
                0x0000000010001784                xosc_init
 .text.runtime_init
                0x00000000100017ac       0xf0 CMakeFiles/blink.dir/Users/daniel.sierra/Desktop/freertos-pico/pico-sdk/src/rp2_common/pico_runtime/runtime.c.obj
                0x00000000100017ac                runtime_init
 .text._exit    0x000000001000189c        0x4 CMakeFiles/blink.dir/Users/daniel.sierra/Desktop/freertos-pico/pico-sdk/src/rp2_common/pico_runtime/runtime.c.obj
                0x000000001000189c                _exit
 .text.exit     0x00000000100018a0        0x8 CMakeFiles/blink.dir/Users/daniel.sierra/Desktop/freertos-pico/pico-sdk/src/rp2_common/pico_runtime/runtime.c.obj
                0x00000000100018a0                exit
 .text.panic    0x00000000100018a8       0x30 CMakeFiles/blink.dir/Users/daniel.sierra/Desktop/freertos-pico/pico-sdk/src/rp2_common/pico_runtime/runtime.c.obj
                0x00000000100018a8                panic
 .text.panic_unsupported
                0x00000000100018d8        0xc CMakeFiles/blink.dir/Users/daniel.sierra/Desktop/freertos-pico/pico-sdk/src/rp2_common/pico_runtime/runtime.c.obj
                0x00000000100018d8                panic_unsupported
 .text.hard_assertion_failure
                0x00000000100018e4        0xc CMakeFiles/blink.dir/Users/daniel.sierra/Desktop/freertos-pico/pico-sdk/src/rp2_common/pico_runtime/runtime.c.obj
                0x00000000100018e4                hard_assertion_failure
 .text._out_char
                0x00000000100018f0       0x10 CMakeFiles/blink.dir/Users/daniel.sierra/Desktop/freertos-pico/pico-sdk/src/rp2_common/pico_printf/printf.c.obj
 .text.weak_raw_vprintf
                0x0000000010001900       0x30 CMakeFiles/blink.dir/Users/daniel.sierra/Desktop/freertos-pico/pico-sdk/src/rp2_common/pico_printf/printf.c.obj
                0x0000000010001900                weak_raw_vprintf
 .text          0x0000000010001930       0x10 CMakeFiles/blink.dir/Users/daniel.sierra/Desktop/freertos-pico/pico-sdk/src/rp2_common/pico_bit_ops/bit_ops_aeabi.S.obj
 .text.clzsi    0x0000000010001940        0xc CMakeFiles/blink.dir/Users/daniel.sierra/Desktop/freertos-pico/pico-sdk/src/rp2_common/pico_bit_ops/bit_ops_aeabi.S.obj
                0x0000000010001940                __wrap___clz
                0x0000000010001940                __wrap___clzsi2
                0x0000000010001940                __wrap___clzl
 .text.rom_func_lookup
                0x000000001000194c       0x10 CMakeFiles/blink.dir/Users/daniel.sierra/Desktop/freertos-pico/pico-sdk/src/rp2_common/pico_bootrom/bootrom.c.obj
                0x000000001000194c                rom_func_lookup
 .text.rom_data_lookup
                0x000000001000195c       0x10 CMakeFiles/blink.dir/Users/daniel.sierra/Desktop/freertos-pico/pico-sdk/src/rp2_common/pico_bootrom/bootrom.c.obj
                0x000000001000195c                rom_data_lookup
 .text.rom_funcs_lookup
                0x000000001000196c       0x44 CMakeFiles/blink.dir/Users/daniel.sierra/Desktop/freertos-pico/pico-sdk/src/rp2_common/pico_bootrom/bootrom.c.obj
                0x000000001000196c                rom_funcs_lookup
 .text.__wrap___aeabi_uidiv
                0x00000000100019b0       0x4c CMakeFiles/blink.dir/Users/daniel.sierra/Desktop/freertos-pico/pico-sdk/src/rp2_common/pico_divider/divider.S.obj
                0x00000000100019b0                __wrap___aeabi_uidiv
                0x00000000100019b0                __wrap___aeabi_uidivmod
                0x00000000100019b0                div_u32u32
                0x00000000100019b0                divmod_u32u32
                0x00000000100019b8                divmod_u32u32_unsafe
                0x00000000100019e0                divmod_u32u32_savestate
 .text.__wrap___aeabi_ldiv
                0x00000000100019fc      0x424 CMakeFiles/blink.dir/Users/daniel.sierra/Desktop/freertos-pico/pico-sdk/src/rp2_common/pico_divider/divider.S.obj
                0x00000000100019fc                __wrap___aeabi_ldivmod
                0x00000000100019fc                div_s64s64
                0x00000000100019fc                divmod_s64s64
                0x0000000010001a2c                divmod_u64u64
                0x0000000010001a2c                div_u64u64
                0x0000000010001a2c                __wrap___aeabi_uldivmod
                0x0000000010001a3c                divmod_u64u64_savestate
                0x0000000010001a5c                divmod_s64s64_unsafe
                0x0000000010001ae4                divmod_u64u64_unsafe
 .text.__aeabi_double_init
                0x0000000010001e20       0x94 CMakeFiles/blink.dir/Users/daniel.sierra/Desktop/freertos-pico/pico-sdk/src/rp2_common/pico_double/double_init_rom.c.obj
                0x0000000010001e20                __aeabi_double_init
 .text.double_table_shim_on_use_helper
                0x0000000010001eb4       0x2c CMakeFiles/blink.dir/Users/daniel.sierra/Desktop/freertos-pico/pico-sdk/src/rp2_common/pico_double/double_v1_rom_shim.S.obj
                0x0000000010001eb4                double_table_shim_on_use_helper
 .text.__aeabi_float_init
                0x0000000010001ee0       0x64 CMakeFiles/blink.dir/Users/daniel.sierra/Desktop/freertos-pico/pico-sdk/src/rp2_common/pico_float/float_init_rom.c.obj
                0x0000000010001ee0                __aeabi_float_init
 .text.float_table_shim_on_use_helper
                0x0000000010001f44       0x2c CMakeFiles/blink.dir/Users/daniel.sierra/Desktop/freertos-pico/pico-sdk/src/rp2_common/pico_float/float_v1_rom_shim.S.obj
                0x0000000010001f44                float_table_shim_on_use_helper
 .text          0x0000000010001f70       0x10 CMakeFiles/blink.dir/Users/daniel.sierra/Desktop/freertos-pico/pico-sdk/src/rp2_common/pico_mem_ops/mem_ops_aeabi.S.obj
                0x0000000010001f70                __aeabi_mem_init
 .text.memset   0x0000000010001f80        0xc CMakeFiles/blink.dir/Users/daniel.sierra/Desktop/freertos-pico/pico-sdk/src/rp2_common/pico_mem_ops/mem_ops_aeabi.S.obj
                0x0000000010001f80                __wrap_memset
 .text.memcpy   0x0000000010001f8c        0xc CMakeFiles/blink.dir/Users/daniel.sierra/Desktop/freertos-pico/pico-sdk/src/rp2_common/pico_mem_ops/mem_ops_aeabi.S.obj
                0x0000000010001f8c                __wrap___aeabi_memcpy
                0x0000000010001f8c                __wrap_memcpy
 .text.stdio_out_chars_no_crlf
                0x0000000010001f98       0x10 CMakeFiles/blink.dir/Users/daniel.sierra/Desktop/freertos-pico/pico-sdk/src/rp2_common/pico_stdio/stdio.c.obj
 .text.stdio_out_chars_crlf
                0x0000000010001fa8       0xb4 CMakeFiles/blink.dir/Users/daniel.sierra/Desktop/freertos-pico/pico-sdk/src/rp2_common/pico_stdio/stdio.c.obj
 .text.stdio_put_string.isra.0
                0x000000001000205c       0xfc CMakeFiles/blink.dir/Users/daniel.sierra/Desktop/freertos-pico/pico-sdk/src/rp2_common/pico_stdio/stdio.c.obj
 .text.__wrap_putchar
                0x0000000010002158       0x98 CMakeFiles/blink.dir/Users/daniel.sierra/Desktop/freertos-pico/pico-sdk/src/rp2_common/pico_stdio/stdio.c.obj
                0x0000000010002158                __wrap_putchar
 .text.__wrap_puts
                0x00000000100021f0       0x3c CMakeFiles/blink.dir/Users/daniel.sierra/Desktop/freertos-pico/pico-sdk/src/rp2_common/pico_stdio/stdio.c.obj
                0x00000000100021f0                __wrap_puts
 .text.vPortSVCHandler
                0x000000001000222c        0x4 CMakeFiles/blink.dir/Users/daniel.sierra/Desktop/freertos-pico/FreeRTOS-Kernel/portable/ThirdParty/GCC/RP2040/port.c.obj
                0x000000001000222c                vPortSVCHandler
 .text.vPortStartFirstTask
                0x0000000010002230       0x38 CMakeFiles/blink.dir/Users/daniel.sierra/Desktop/freertos-pico/FreeRTOS-Kernel/portable/ThirdParty/GCC/RP2040/port.c.obj
 .text.prvFIFOInterruptHandler
                0x0000000010002268       0x2c CMakeFiles/blink.dir/Users/daniel.sierra/Desktop/freertos-pico/FreeRTOS-Kernel/portable/ThirdParty/GCC/RP2040/port.c.obj
 *fill*         0x0000000010002294        0xc 
 .text.xPortPendSVHandler
                0x00000000100022a0       0x78 CMakeFiles/blink.dir/Users/daniel.sierra/Desktop/freertos-pico/FreeRTOS-Kernel/portable/ThirdParty/GCC/RP2040/port.c.obj
                0x00000000100022a0                xPortPendSVHandler
 .text.xPortSysTickHandler
                0x0000000010002318       0x2c CMakeFiles/blink.dir/Users/daniel.sierra/Desktop/freertos-pico/FreeRTOS-Kernel/portable/ThirdParty/GCC/RP2040/port.c.obj
                0x0000000010002318                xPortSysTickHandler
 .text.prvTaskExitError
                0x0000000010002344        0x8 CMakeFiles/blink.dir/Users/daniel.sierra/Desktop/freertos-pico/FreeRTOS-Kernel/portable/ThirdParty/GCC/RP2040/port.c.obj
 .text.pxPortInitialiseStack
                0x000000001000234c       0x20 CMakeFiles/blink.dir/Users/daniel.sierra/Desktop/freertos-pico/FreeRTOS-Kernel/portable/ThirdParty/GCC/RP2040/port.c.obj
                0x000000001000234c                pxPortInitialiseStack
 .text.vPortYield
                0x000000001000236c       0x18 CMakeFiles/blink.dir/Users/daniel.sierra/Desktop/freertos-pico/FreeRTOS-Kernel/portable/ThirdParty/GCC/RP2040/port.c.obj
                0x000000001000236c                vPortYield
 .text.vPortEnableInterrupts
                0x0000000010002384       0x30 CMakeFiles/blink.dir/Users/daniel.sierra/Desktop/freertos-pico/FreeRTOS-Kernel/portable/ThirdParty/GCC/RP2040/port.c.obj
                0x0000000010002384                vPortEnableInterrupts
 .text.vYieldCore
                0x00000000100023b4        0xc CMakeFiles/blink.dir/Users/daniel.sierra/Desktop/freertos-pico/FreeRTOS-Kernel/portable/ThirdParty/GCC/RP2040/port.c.obj
                0x00000000100023b4                vYieldCore
 .text.vPortSetupTimerInterrupt
                0x00000000100023c0       0x34 CMakeFiles/blink.dir/Users/daniel.sierra/Desktop/freertos-pico/FreeRTOS-Kernel/portable/ThirdParty/GCC/RP2040/port.c.obj
                0x00000000100023c0                vPortSetupTimerInterrupt
 .text.xPortStartSchedulerOnCore.isra.0
                0x00000000100023f4       0xac CMakeFiles/blink.dir/Users/daniel.sierra/Desktop/freertos-pico/FreeRTOS-Kernel/portable/ThirdParty/GCC/RP2040/port.c.obj
 .text.prvDisableInterruptsAndPortStartSchedulerOnCore
                0x00000000100024a0        0xc CMakeFiles/blink.dir/Users/daniel.sierra/Desktop/freertos-pico/FreeRTOS-Kernel/portable/ThirdParty/GCC/RP2040/port.c.obj
 .text.xPortStartScheduler
                0x00000000100024ac       0x28 CMakeFiles/blink.dir/Users/daniel.sierra/Desktop/freertos-pico/FreeRTOS-Kernel/portable/ThirdParty/GCC/RP2040/port.c.obj
                0x00000000100024ac                xPortStartScheduler
 .text.ulPortLockGetCurrentOwnerId
                0x00000000100024d4       0x30 CMakeFiles/blink.dir/Users/daniel.sierra/Desktop/freertos-pico/FreeRTOS-Kernel/portable/ThirdParty/GCC/RP2040/port.c.obj
                0x00000000100024d4                ulPortLockGetCurrentOwnerId
 .text.vPortLockInternalSpinUnlockWithNotify
                0x0000000010002504       0x84 CMakeFiles/blink.dir/Users/daniel.sierra/Desktop/freertos-pico/FreeRTOS-Kernel/portable/ThirdParty/GCC/RP2040/port.c.obj
                0x0000000010002504                vPortLockInternalSpinUnlockWithNotify
 .text.xPortLockInternalSpinUnlockWithBestEffortWaitOrTimeout
                0x0000000010002588       0xec CMakeFiles/blink.dir/Users/daniel.sierra/Desktop/freertos-pico/FreeRTOS-Kernel/portable/ThirdParty/GCC/RP2040/port.c.obj
                0x0000000010002588                xPortLockInternalSpinUnlockWithBestEffortWaitOrTimeout
 .text.startup.prvRuntimeInitializer
                0x0000000010002674       0x10 CMakeFiles/blink.dir/Users/daniel.sierra/Desktop/freertos-pico/FreeRTOS-Kernel/portable/ThirdParty/GCC/RP2040/port.c.obj
 .text.vEventGroupSetBitsCallback
                0x0000000010002684       0x8c CMakeFiles/blink.dir/Users/daniel.sierra/Desktop/freertos-pico/FreeRTOS-Kernel/event_groups.c.obj
                0x0000000010002684                vEventGroupSetBitsCallback
 .text.xEventGroupCreate
                0x0000000010002710       0x18 CMakeFiles/blink.dir/Users/daniel.sierra/Desktop/freertos-pico/FreeRTOS-Kernel/event_groups.c.obj
                0x0000000010002710                xEventGroupCreate
 .text.xEventGroupWaitBits
                0x0000000010002728       0xb8 CMakeFiles/blink.dir/Users/daniel.sierra/Desktop/freertos-pico/FreeRTOS-Kernel/event_groups.c.obj
                0x0000000010002728                xEventGroupWaitBits
 .text.xEventGroupSetBits
                0x00000000100027e0       0x90 CMakeFiles/blink.dir/Users/daniel.sierra/Desktop/freertos-pico/FreeRTOS-Kernel/event_groups.c.obj
                0x00000000100027e0                xEventGroupSetBits
 .text.xEventGroupSetBitsFromISR
                0x0000000010002870       0x14 CMakeFiles/blink.dir/Users/daniel.sierra/Desktop/freertos-pico/FreeRTOS-Kernel/event_groups.c.obj
                0x0000000010002870                xEventGroupSetBitsFromISR
 .text.vListInitialise
                0x0000000010002884       0x18 CMakeFiles/blink.dir/Users/daniel.sierra/Desktop/freertos-pico/FreeRTOS-Kernel/list.c.obj
                0x0000000010002884                vListInitialise
 .text.vListInitialiseItem
                0x000000001000289c        0x8 CMakeFiles/blink.dir/Users/daniel.sierra/Desktop/freertos-pico/FreeRTOS-Kernel/list.c.obj
                0x000000001000289c                vListInitialiseItem
 .text.vListInsertEnd
                0x00000000100028a4       0x18 CMakeFiles/blink.dir/Users/daniel.sierra/Desktop/freertos-pico/FreeRTOS-Kernel/list.c.obj
                0x00000000100028a4                vListInsertEnd
 .text.vListInsert
                0x00000000100028bc       0x30 CMakeFiles/blink.dir/Users/daniel.sierra/Desktop/freertos-pico/FreeRTOS-Kernel/list.c.obj
                0x00000000100028bc                vListInsert
 .text.uxListRemove
                0x00000000100028ec       0x24 CMakeFiles/blink.dir/Users/daniel.sierra/Desktop/freertos-pico/FreeRTOS-Kernel/list.c.obj
                0x00000000100028ec                uxListRemove
 .text.prvUnlockQueue
                0x0000000010002910      0x140 CMakeFiles/blink.dir/Users/daniel.sierra/Desktop/freertos-pico/FreeRTOS-Kernel/queue.c.obj
 .text.prvNotifyQueueSetContainer
                0x0000000010002a50       0x94 CMakeFiles/blink.dir/Users/daniel.sierra/Desktop/freertos-pico/FreeRTOS-Kernel/queue.c.obj
 .text.xQueueGenericCreate
                0x0000000010002ae4       0x6c CMakeFiles/blink.dir/Users/daniel.sierra/Desktop/freertos-pico/FreeRTOS-Kernel/queue.c.obj
                0x0000000010002ae4                xQueueGenericCreate
 .text.xQueueGenericSend
                0x0000000010002b50      0x1cc CMakeFiles/blink.dir/Users/daniel.sierra/Desktop/freertos-pico/FreeRTOS-Kernel/queue.c.obj
                0x0000000010002b50                xQueueGenericSend
 .text.xQueueGenericSendFromISR
                0x0000000010002d1c      0x134 CMakeFiles/blink.dir/Users/daniel.sierra/Desktop/freertos-pico/FreeRTOS-Kernel/queue.c.obj
                0x0000000010002d1c                xQueueGenericSendFromISR
 .text.xQueueReceive
                0x0000000010002e50      0x11c CMakeFiles/blink.dir/Users/daniel.sierra/Desktop/freertos-pico/FreeRTOS-Kernel/queue.c.obj
                0x0000000010002e50                xQueueReceive
 .text.vQueueAddToRegistry
                0x0000000010002f6c       0x60 CMakeFiles/blink.dir/Users/daniel.sierra/Desktop/freertos-pico/FreeRTOS-Kernel/queue.c.obj
                0x0000000010002f6c                vQueueAddToRegistry
 .text.vQueueWaitForMessageRestricted
                0x0000000010002fcc       0x48 CMakeFiles/blink.dir/Users/daniel.sierra/Desktop/freertos-pico/FreeRTOS-Kernel/queue.c.obj
                0x0000000010002fcc                vQueueWaitForMessageRestricted
 .text.prvMinimalIdleTask
                0x0000000010003014       0x18 CMakeFiles/blink.dir/Users/daniel.sierra/Desktop/freertos-pico/FreeRTOS-Kernel/tasks.c.obj
 .text.prvAddCurrentTaskToDelayedList
                0x000000001000302c       0xe0 CMakeFiles/blink.dir/Users/daniel.sierra/Desktop/freertos-pico/FreeRTOS-Kernel/tasks.c.obj
 .text.vTaskExitCritical.part.0
                0x000000001000310c       0xc4 CMakeFiles/blink.dir/Users/daniel.sierra/Desktop/freertos-pico/FreeRTOS-Kernel/tasks.c.obj
 .text.prvCheckForRunStateChange.part.0
                0x00000000100031d0      0x18c CMakeFiles/blink.dir/Users/daniel.sierra/Desktop/freertos-pico/FreeRTOS-Kernel/tasks.c.obj
 .text.vTaskSuspendAll.part.0
                0x000000001000335c       0xfc CMakeFiles/blink.dir/Users/daniel.sierra/Desktop/freertos-pico/FreeRTOS-Kernel/tasks.c.obj
 .text.prvIdleTask
                0x0000000010003458      0x1f0 CMakeFiles/blink.dir/Users/daniel.sierra/Desktop/freertos-pico/FreeRTOS-Kernel/tasks.c.obj
 .text.prvYieldForTask
                0x0000000010003648       0xe0 CMakeFiles/blink.dir/Users/daniel.sierra/Desktop/freertos-pico/FreeRTOS-Kernel/tasks.c.obj
 .text.vTaskSuspendAll
                0x0000000010003728      0x108 CMakeFiles/blink.dir/Users/daniel.sierra/Desktop/freertos-pico/FreeRTOS-Kernel/tasks.c.obj
                0x0000000010003728                vTaskSuspendAll
 .text.xTaskGetTickCount
                0x0000000010003830        0xc CMakeFiles/blink.dir/Users/daniel.sierra/Desktop/freertos-pico/FreeRTOS-Kernel/tasks.c.obj
                0x0000000010003830                xTaskGetTickCount
 .text.vTaskSwitchContext
                0x000000001000383c      0x350 CMakeFiles/blink.dir/Users/daniel.sierra/Desktop/freertos-pico/FreeRTOS-Kernel/tasks.c.obj
                0x000000001000383c                vTaskSwitchContext
 .text.vTaskPlaceOnEventList
                0x0000000010003b8c       0xe0 CMakeFiles/blink.dir/Users/daniel.sierra/Desktop/freertos-pico/FreeRTOS-Kernel/tasks.c.obj
                0x0000000010003b8c                vTaskPlaceOnEventList
 .text.vTaskPlaceOnUnorderedEventList
                0x0000000010003c6c       0x48 CMakeFiles/blink.dir/Users/daniel.sierra/Desktop/freertos-pico/FreeRTOS-Kernel/tasks.c.obj
                0x0000000010003c6c                vTaskPlaceOnUnorderedEventList
 .text.vTaskPlaceOnEventListRestricted
                0x0000000010003cb4      0x100 CMakeFiles/blink.dir/Users/daniel.sierra/Desktop/freertos-pico/FreeRTOS-Kernel/tasks.c.obj
                0x0000000010003cb4                vTaskPlaceOnEventListRestricted
 .text.xTaskRemoveFromEventList
                0x0000000010003db4      0x140 CMakeFiles/blink.dir/Users/daniel.sierra/Desktop/freertos-pico/FreeRTOS-Kernel/tasks.c.obj
                0x0000000010003db4                xTaskRemoveFromEventList
 .text.vTaskInternalSetTimeOutState
                0x0000000010003ef4       0x18 CMakeFiles/blink.dir/Users/daniel.sierra/Desktop/freertos-pico/FreeRTOS-Kernel/tasks.c.obj
                0x0000000010003ef4                vTaskInternalSetTimeOutState
 .text.xTaskCheckForTimeOut
                0x0000000010003f0c      0x1e0 CMakeFiles/blink.dir/Users/daniel.sierra/Desktop/freertos-pico/FreeRTOS-Kernel/tasks.c.obj
                0x0000000010003f0c                xTaskCheckForTimeOut
 .text.vTaskMissedYield
                0x00000000100040ec       0x14 CMakeFiles/blink.dir/Users/daniel.sierra/Desktop/freertos-pico/FreeRTOS-Kernel/tasks.c.obj
                0x00000000100040ec                vTaskMissedYield
 .text.xTaskGetCurrentTaskHandle
                0x0000000010004100       0x1c CMakeFiles/blink.dir/Users/daniel.sierra/Desktop/freertos-pico/FreeRTOS-Kernel/tasks.c.obj
                0x0000000010004100                xTaskGetCurrentTaskHandle
 .text.xTaskGetSchedulerState
                0x000000001000411c      0x14c CMakeFiles/blink.dir/Users/daniel.sierra/Desktop/freertos-pico/FreeRTOS-Kernel/tasks.c.obj
                0x000000001000411c                xTaskGetSchedulerState
 .text.xTaskPriorityDisinherit
                0x0000000010004268       0x58 CMakeFiles/blink.dir/Users/daniel.sierra/Desktop/freertos-pico/FreeRTOS-Kernel/tasks.c.obj
                0x0000000010004268                xTaskPriorityDisinherit
 .text.vTaskYieldWithinAPI
                0x00000000100042c0       0x34 CMakeFiles/blink.dir/Users/daniel.sierra/Desktop/freertos-pico/FreeRTOS-Kernel/tasks.c.obj
                0x00000000100042c0                vTaskYieldWithinAPI
 .text.vTaskEnterCritical
                0x00000000100042f4      0x110 CMakeFiles/blink.dir/Users/daniel.sierra/Desktop/freertos-pico/FreeRTOS-Kernel/tasks.c.obj
                0x00000000100042f4                vTaskEnterCritical
 .text.xTaskCreateAffinitySet
                0x0000000010004404      0x2e0 CMakeFiles/blink.dir/Users/daniel.sierra/Desktop/freertos-pico/FreeRTOS-Kernel/tasks.c.obj
                0x0000000010004404                xTaskCreateAffinitySet
 .text.vTaskStartScheduler
                0x00000000100046e4       0xc0 CMakeFiles/blink.dir/Users/daniel.sierra/Desktop/freertos-pico/FreeRTOS-Kernel/tasks.c.obj
                0x00000000100046e4                vTaskStartScheduler
 .text.xTaskIncrementTick
                0x00000000100047a4      0x240 CMakeFiles/blink.dir/Users/daniel.sierra/Desktop/freertos-pico/FreeRTOS-Kernel/tasks.c.obj
                0x00000000100047a4                xTaskIncrementTick
 .text.xTaskResumeAll.part.0
                0x00000000100049e4      0x144 CMakeFiles/blink.dir/Users/daniel.sierra/Desktop/freertos-pico/FreeRTOS-Kernel/tasks.c.obj
 .text.xTaskResumeAll
                0x0000000010004b28       0x18 CMakeFiles/blink.dir/Users/daniel.sierra/Desktop/freertos-pico/FreeRTOS-Kernel/tasks.c.obj
                0x0000000010004b28                xTaskResumeAll
 .text.vTaskDelay
                0x0000000010004b40       0x70 CMakeFiles/blink.dir/Users/daniel.sierra/Desktop/freertos-pico/FreeRTOS-Kernel/tasks.c.obj
                0x0000000010004b40                vTaskDelay
 .text.vTaskRemoveFromUnorderedEventList
                0x0000000010004bb0       0x7c CMakeFiles/blink.dir/Users/daniel.sierra/Desktop/freertos-pico/FreeRTOS-Kernel/tasks.c.obj
                0x0000000010004bb0                vTaskRemoveFromUnorderedEventList
 .text.xTaskCreate
                0x0000000010004c2c      0x2e4 CMakeFiles/blink.dir/Users/daniel.sierra/Desktop/freertos-pico/FreeRTOS-Kernel/tasks.c.obj
                0x0000000010004c2c                xTaskCreate
 .text.vTaskExitCritical
                0x0000000010004f10       0x34 CMakeFiles/blink.dir/Users/daniel.sierra/Desktop/freertos-pico/FreeRTOS-Kernel/tasks.c.obj
                0x0000000010004f10                vTaskExitCritical
 .text.uxTaskResetEventItemValue
                0x0000000010004f44       0x48 CMakeFiles/blink.dir/Users/daniel.sierra/Desktop/freertos-pico/FreeRTOS-Kernel/tasks.c.obj
                0x0000000010004f44                uxTaskResetEventItemValue
 .text.prvSwitchTimerLists
                0x0000000010004f8c       0x9c CMakeFiles/blink.dir/Users/daniel.sierra/Desktop/freertos-pico/FreeRTOS-Kernel/timers.c.obj
 .text.prvTimerTask
                0x0000000010005028      0x268 CMakeFiles/blink.dir/Users/daniel.sierra/Desktop/freertos-pico/FreeRTOS-Kernel/timers.c.obj
 .text.xTimerCreateTimerTask
                0x0000000010005290       0x8c CMakeFiles/blink.dir/Users/daniel.sierra/Desktop/freertos-pico/FreeRTOS-Kernel/timers.c.obj
                0x0000000010005290                xTimerCreateTimerTask
 .text.xTimerPendFunctionCallFromISR
                0x000000001000531c       0x28 CMakeFiles/blink.dir/Users/daniel.sierra/Desktop/freertos-pico/FreeRTOS-Kernel/timers.c.obj
                0x000000001000531c                xTimerPendFunctionCallFromISR
 .text.exception_set_exclusive_handler
                0x0000000010005344       0x48 CMakeFiles/blink.dir/Users/daniel.sierra/Desktop/freertos-pico/pico-sdk/src/rp2_common/hardware_exception/exception.c.obj
                0x0000000010005344                exception_set_exclusive_handler
 .text.core1_trampoline
                0x000000001000538c        0x4 CMakeFiles/blink.dir/Users/daniel.sierra/Desktop/freertos-pico/pico-sdk/src/rp2_common/pico_multicore/multicore.c.obj
 .text.core1_wrapper
                0x0000000010005390        0xc CMakeFiles/blink.dir/Users/daniel.sierra/Desktop/freertos-pico/pico-sdk/src/rp2_common/pico_multicore/multicore.c.obj
                0x0000000010005390                core1_wrapper
 .text.multicore_launch_core1_raw
                0x000000001000539c       0x84 CMakeFiles/blink.dir/Users/daniel.sierra/Desktop/freertos-pico/pico-sdk/src/rp2_common/pico_multicore/multicore.c.obj
                0x000000001000539c                multicore_launch_core1_raw
 .text.multicore_launch_core1
                0x0000000010005420       0x4c CMakeFiles/blink.dir/Users/daniel.sierra/Desktop/freertos-pico/pico-sdk/src/rp2_common/pico_multicore/multicore.c.obj
                0x0000000010005420                multicore_launch_core1
 .text.pvPortMalloc
                0x000000001000546c      0x16c CMakeFiles/blink.dir/Users/daniel.sierra/Desktop/freertos-pico/FreeRTOS-Kernel/portable/MemMang/heap_4.c.obj
                0x000000001000546c                pvPortMalloc
 .text.vPortFree
                0x00000000100055d8       0x90 CMakeFiles/blink.dir/Users/daniel.sierra/Desktop/freertos-pico/FreeRTOS-Kernel/portable/MemMang/heap_4.c.obj
                0x00000000100055d8                vPortFree
 .text.strlen   0x0000000010005668       0x5c /usr/local/Cellar/arm-none-eabi-gcc/10.3-2021.07/gcc/bin/../lib/gcc/arm-none-eabi/10.3.1/../../../../arm-none-eabi/lib/thumb/v6-m/nofp/libc.a(lib_a-strlen-stub.o)
                0x0000000010005668                strlen
 *(.fini)
 .fini          0x00000000100056c4        0x4 /usr/local/Cellar/arm-none-eabi-gcc/10.3-2021.07/gcc/bin/../lib/gcc/arm-none-eabi/10.3.1/thumb/v6-m/nofp/crti.o
                0x00000000100056c4                _fini
 .fini.__stub   0x00000000100056c8       0x40 linker stubs
 *crtbegin.o(.ctors)
 *crtbegin?.o(.ctors)
 *(EXCLUDE_FILE(*crtend.o *crtend?.o) .ctors)
 *(SORT_BY_NAME(.ctors.*))
 *(.ctors)
 *crtbegin.o(.dtors)
 *crtbegin?.o(.dtors)
 *(EXCLUDE_FILE(*crtend.o *crtend?.o) .dtors)
 *(SORT_BY_NAME(.dtors.*))
 *(.dtors)
 *(.eh_frame*)
 .eh_frame      0x0000000010005708        0x0 /usr/local/Cellar/arm-none-eabi-gcc/10.3-2021.07/gcc/bin/../lib/gcc/arm-none-eabi/10.3.1/thumb/v6-m/nofp/crtbegin.o
                0x0000000010005708                . = ALIGN (0x4)

.glue_7         0x0000000010005708        0x0
 .glue_7        0x0000000010005708        0x0 linker stubs

.glue_7t        0x0000000010005708        0x0
 .glue_7t       0x0000000010005708        0x0 linker stubs

.vfp11_veneer   0x0000000010005708        0x0
 .vfp11_veneer  0x0000000010005708        0x0 linker stubs

.v4_bx          0x0000000010005708        0x0
 .v4_bx         0x0000000010005708        0x0 linker stubs

.iplt           0x0000000010005708        0x0
 .iplt          0x0000000010005708        0x0 /usr/local/Cellar/arm-none-eabi-gcc/10.3-2021.07/gcc/bin/../lib/gcc/arm-none-eabi/10.3.1/thumb/v6-m/nofp/crtbegin.o

.rodata         0x0000000010005708      0x11c
 *(EXCLUDE_FILE(*libm.a: *libc.a:*lib_a-mem*.o *libgcc.a:) .rodata*)
 .rodata.main.str1.4
                0x0000000010005708        0xb CMakeFiles/blink.dir/main.c.obj
 *fill*         0x0000000010005713        0x1 
 .rodata.spin_lock_claim.str1.4
                0x0000000010005714       0x1f CMakeFiles/blink.dir/Users/daniel.sierra/Desktop/freertos-pico/pico-sdk/src/rp2_common/hardware_sync/sync.c.obj
 *fill*         0x0000000010005733        0x1 
 .rodata.hardware_alarm_claim.str1.4
                0x0000000010005734       0x22 CMakeFiles/blink.dir/Users/daniel.sierra/Desktop/freertos-pico/pico-sdk/src/rp2_common/hardware_timer/timer.c.obj
 *fill*         0x0000000010005756        0x2 
 .rodata.panic.str1.4
                0x0000000010005758       0x12 CMakeFiles/blink.dir/Users/daniel.sierra/Desktop/freertos-pico/pico-sdk/src/rp2_common/pico_runtime/runtime.c.obj
 *fill*         0x000000001000576a        0x2 
 .rodata.panic_unsupported.str1.4
                0x000000001000576c        0xe CMakeFiles/blink.dir/Users/daniel.sierra/Desktop/freertos-pico/pico-sdk/src/rp2_common/pico_runtime/runtime.c.obj
 *fill*         0x000000001000577a        0x2 
 .rodata.hard_assertion_failure.str1.4
                0x000000001000577c        0xc CMakeFiles/blink.dir/Users/daniel.sierra/Desktop/freertos-pico/pico-sdk/src/rp2_common/pico_runtime/runtime.c.obj
 .rodata.str1.4
                0x0000000010005788       0x3c CMakeFiles/blink.dir/Users/daniel.sierra/Desktop/freertos-pico/pico-sdk/src/rp2_common/pico_standard_link/binary_info.c.obj
 .rodata.__bi_44
                0x00000000100057c4        0xc CMakeFiles/blink.dir/Users/daniel.sierra/Desktop/freertos-pico/pico-sdk/src/rp2_common/pico_standard_link/binary_info.c.obj
 .rodata.__bi_75
                0x00000000100057d0        0xc CMakeFiles/blink.dir/Users/daniel.sierra/Desktop/freertos-pico/pico-sdk/src/rp2_common/pico_standard_link/binary_info.c.obj
 .rodata.__bi_81
                0x00000000100057dc        0xc CMakeFiles/blink.dir/Users/daniel.sierra/Desktop/freertos-pico/pico-sdk/src/rp2_common/pico_standard_link/binary_info.c.obj
 .rodata.crlf_str.0
                0x00000000100057e8        0x2 CMakeFiles/blink.dir/Users/daniel.sierra/Desktop/freertos-pico/pico-sdk/src/rp2_common/pico_stdio/stdio.c.obj
 *fill*         0x00000000100057ea        0x2 
 .rodata.prvTimerTask
                0x00000000100057ec       0x28 CMakeFiles/blink.dir/Users/daniel.sierra/Desktop/freertos-pico/FreeRTOS-Kernel/timers.c.obj
 .rodata.xTimerCreateTimerTask.str1.4
                0x0000000010005814       0x10 CMakeFiles/blink.dir/Users/daniel.sierra/Desktop/freertos-pico/FreeRTOS-Kernel/timers.c.obj
                0x0000000010005824                . = ALIGN (0x4)
 *(SORT_BY_ALIGNMENT(SORT_BY_NAME(.flashdata*)))
                0x0000000010005824                . = ALIGN (0x4)

.rel.dyn        0x0000000010005824        0x0
 .rel.iplt      0x0000000010005824        0x0 /usr/local/Cellar/arm-none-eabi-gcc/10.3-2021.07/gcc/bin/../lib/gcc/arm-none-eabi/10.3.1/thumb/v6-m/nofp/crtbegin.o

.ARM.extab
 *(.ARM.extab* .gnu.linkonce.armextab.*)
                0x0000000010005824                __exidx_start = .

.ARM.exidx
 *(.ARM.exidx* .gnu.linkonce.armexidx.*)
                0x0000000010005824                __exidx_end = .
                0x0000000010005824                . = ALIGN (0x4)
                0x0000000010005824                __binary_info_start = .

.binary_info    0x0000000010005824       0x1c
 *(.binary_info.keep.*)
 .binary_info.keep.__bi_ptr22
                0x0000000010005824        0x4 CMakeFiles/blink.dir/Users/daniel.sierra/Desktop/freertos-pico/pico-sdk/src/rp2_common/pico_standard_link/binary_info.c.obj
 .binary_info.keep.__bi_ptr30
                0x0000000010005828        0x4 CMakeFiles/blink.dir/Users/daniel.sierra/Desktop/freertos-pico/pico-sdk/src/rp2_common/pico_standard_link/binary_info.c.obj
 .binary_info.keep.__bi_ptr38
                0x000000001000582c        0x4 CMakeFiles/blink.dir/Users/daniel.sierra/Desktop/freertos-pico/pico-sdk/src/rp2_common/pico_standard_link/binary_info.c.obj
 .binary_info.keep.__bi_ptr44
                0x0000000010005830        0x4 CMakeFiles/blink.dir/Users/daniel.sierra/Desktop/freertos-pico/pico-sdk/src/rp2_common/pico_standard_link/binary_info.c.obj
 .binary_info.keep.__bi_ptr50
                0x0000000010005834        0x4 CMakeFiles/blink.dir/Users/daniel.sierra/Desktop/freertos-pico/pico-sdk/src/rp2_common/pico_standard_link/binary_info.c.obj
 .binary_info.keep.__bi_ptr75
                0x0000000010005838        0x4 CMakeFiles/blink.dir/Users/daniel.sierra/Desktop/freertos-pico/pico-sdk/src/rp2_common/pico_standard_link/binary_info.c.obj
 .binary_info.keep.__bi_ptr81
                0x000000001000583c        0x4 CMakeFiles/blink.dir/Users/daniel.sierra/Desktop/freertos-pico/pico-sdk/src/rp2_common/pico_standard_link/binary_info.c.obj
 *(.binary_info.*)
                0x0000000010005840                __binary_info_end = .
                0x0000000010005840                . = ALIGN (0x4)
                0x0000000010005840                __etext = .

.ram_vector_table
                0x0000000020000000       0xc0
 *(.ram_vector_table)
 .ram_vector_table
                0x0000000020000000       0xc0 CMakeFiles/blink.dir/Users/daniel.sierra/Desktop/freertos-pico/pico-sdk/src/rp2_common/pico_runtime/runtime.c.obj
                0x0000000020000000                ram_vector_table

.data           0x00000000200000c0      0x1c0 load address 0x0000000010005840
                0x00000000200000c0                __data_start__ = .
 *(vtable)
 *(.time_critical*)
 .time_critical.mutex_try_enter_block_until
                0x00000000200000c0       0x9c CMakeFiles/blink.dir/Users/daniel.sierra/Desktop/freertos-pico/pico-sdk/src/common/pico_sync/mutex.c.obj
                0x00000000200000c0                mutex_try_enter_block_until
 .time_critical.mutex_exit
                0x000000002000015c       0x20 CMakeFiles/blink.dir/Users/daniel.sierra/Desktop/freertos-pico/pico-sdk/src/common/pico_sync/mutex.c.obj
                0x000000002000015c                mutex_exit
 *(.text*)
 .text          0x000000002000017c        0x4 /usr/local/Cellar/arm-none-eabi-gcc/10.3-2021.07/gcc/bin/../lib/gcc/arm-none-eabi/10.3.1/thumb/v6-m/nofp/libgcc.a(_dvmd_tls.o)
                0x000000002000017c                __aeabi_ldiv0
                0x000000002000017c                __aeabi_idiv0
 .text.__stub   0x0000000020000180       0x30 linker stubs
                0x00000000200001b0                . = ALIGN (0x4)
 *(.rodata*)
                0x00000000200001b0                . = ALIGN (0x4)
 *(.data*)
 .data.striped_spin_lock_num
                0x00000000200001b0        0x1 CMakeFiles/blink.dir/Users/daniel.sierra/Desktop/freertos-pico/pico-sdk/src/rp2_common/hardware_sync/sync.c.obj
 *fill*         0x00000000200001b1        0x3 
 .data          0x00000000200001b4       0x48 CMakeFiles/blink.dir/Users/daniel.sierra/Desktop/freertos-pico/pico-sdk/src/rp2_common/hardware_irq/irq_handler_chain.S.obj
                0x00000000200001b4                irq_handler_chain_slots
                0x00000000200001e4                irq_handler_chain_first_slot
                0x00000000200001ee                irq_handler_chain_remove_tail
 .data.default_alarm_pool
                0x00000000200001fc       0x18 CMakeFiles/blink.dir/Users/daniel.sierra/Desktop/freertos-pico/pico-sdk/src/common/pico_time/time.c.obj
 .data.default_alarm_pool_heap
                0x0000000020000214       0x10 CMakeFiles/blink.dir/Users/daniel.sierra/Desktop/freertos-pico/pico-sdk/src/common/pico_time/time.c.obj
 *fill*         0x0000000020000224        0xc 
 .data.aeabi_bits_funcs
                0x0000000020000230       0x10 CMakeFiles/blink.dir/Users/daniel.sierra/Desktop/freertos-pico/pico-sdk/src/rp2_common/pico_bit_ops/bit_ops_aeabi.S.obj
                0x0000000020000230                aeabi_bits_funcs
                0x0000000020000240                aeabi_bits_funcs_end
 .data.aeabi_mem_funcs
                0x0000000020000240       0x10 CMakeFiles/blink.dir/Users/daniel.sierra/Desktop/freertos-pico/pico-sdk/src/rp2_common/pico_mem_ops/mem_ops_aeabi.S.obj
                0x0000000020000240                aeabi_mem_funcs
                0x0000000020000250                aeabi_mem_funcs_end
 .data.ucPrimaryCoreNum
                0x0000000020000250        0x1 CMakeFiles/blink.dir/Users/daniel.sierra/Desktop/freertos-pico/FreeRTOS-Kernel/portable/ThirdParty/GCC/RP2040/port.c.obj
 *fill*         0x0000000020000251        0x3 
 .data.uxTopUsedPriority
                0x0000000020000254        0x4 CMakeFiles/blink.dir/Users/daniel.sierra/Desktop/freertos-pico/FreeRTOS-Kernel/tasks.c.obj
                0x0000000020000254                uxTopUsedPriority
                0x0000000020000258                . = ALIGN (0x4)
 *(.after_data.*)
                0x0000000020000258                . = ALIGN (0x4)
                0x0000000020000258                PROVIDE (__mutex_array_start = .)
 *(SORT_BY_NAME(.mutex_array.*))
 *(.mutex_array)
 .mutex_array   0x0000000020000258        0x8 CMakeFiles/blink.dir/Users/daniel.sierra/Desktop/freertos-pico/pico-sdk/src/rp2_common/pico_malloc/pico_malloc.c.obj
 .mutex_array   0x0000000020000260        0x8 CMakeFiles/blink.dir/Users/daniel.sierra/Desktop/freertos-pico/pico-sdk/src/rp2_common/pico_stdio/stdio.c.obj
                0x0000000020000268                PROVIDE (__mutex_array_end = .)
                0x0000000020000268                . = ALIGN (0x4)
                0x0000000020000268                PROVIDE (__preinit_array_start = .)
 *(SORT_BY_NAME(.preinit_array.*))
 .preinit_array.00001
                0x0000000020000268        0x4 CMakeFiles/blink.dir/Users/daniel.sierra/Desktop/freertos-pico/pico-sdk/src/rp2_common/pico_mem_ops/mem_ops_aeabi.S.obj
 .preinit_array.00010
                0x000000002000026c        0x4 CMakeFiles/blink.dir/Users/daniel.sierra/Desktop/freertos-pico/pico-sdk/src/rp2_common/pico_bit_ops/bit_ops_aeabi.S.obj
 .preinit_array.00020
                0x0000000020000270        0x4 CMakeFiles/blink.dir/Users/daniel.sierra/Desktop/freertos-pico/pico-sdk/src/rp2_common/pico_double/double_aeabi.S.obj
 .preinit_array.00020
                0x0000000020000274        0x4 CMakeFiles/blink.dir/Users/daniel.sierra/Desktop/freertos-pico/pico-sdk/src/rp2_common/pico_float/float_aeabi.S.obj
 *(.preinit_array)
                0x0000000020000278                PROVIDE (__preinit_array_end = .)
                0x0000000020000278                . = ALIGN (0x4)
                0x0000000020000278                PROVIDE (__init_array_start = .)
 *(SORT_BY_NAME(.init_array.*))
 *(.init_array)
 .init_array    0x0000000020000278        0x4 /usr/local/Cellar/arm-none-eabi-gcc/10.3-2021.07/gcc/bin/../lib/gcc/arm-none-eabi/10.3.1/thumb/v6-m/nofp/crtbegin.o
 .init_array    0x000000002000027c        0x4 CMakeFiles/blink.dir/Users/daniel.sierra/Desktop/freertos-pico/FreeRTOS-Kernel/portable/ThirdParty/GCC/RP2040/port.c.obj
                0x0000000020000280                PROVIDE (__init_array_end = .)
                0x0000000020000280                . = ALIGN (0x4)
                [!provide]                        PROVIDE (__fini_array_start = .)
 *(SORT_BY_NAME(.fini_array.*))
 *(.fini_array)
                [!provide]                        PROVIDE (__fini_array_end = .)
 *(.jcr)
                0x0000000020000280                . = ALIGN (0x4)
                0x0000000020000280                __data_end__ = .

.igot.plt       0x0000000020000280        0x0 load address 0x0000000010005a00
 .igot.plt      0x0000000020000280        0x0 /usr/local/Cellar/arm-none-eabi-gcc/10.3-2021.07/gcc/bin/../lib/gcc/arm-none-eabi/10.3.1/thumb/v6-m/nofp/crtbegin.o

.uninitialized_data
                0x0000000020000280        0x0 load address 0x0000000010005a00
                0x0000000020000280                . = ALIGN (0x4)
 *(.uninitialized_data*)

.scratch_x      0x0000000020040000        0x0 load address 0x0000000010005a00
                0x0000000020040000                __scratch_x_start__ = .
 *(.scratch_x.*)
                0x0000000020040000                . = ALIGN (0x4)
                0x0000000020040000                __scratch_x_end__ = .
                0x0000000010005a00                __scratch_x_source__ = LOADADDR (.scratch_x)

.scratch_y      0x0000000020041000        0x0 load address 0x0000000010005a00
                0x0000000020041000                __scratch_y_start__ = .
 *(.scratch_y.*)
                0x0000000020041000                . = ALIGN (0x4)
                0x0000000020041000                __scratch_y_end__ = .
                0x0000000010005a00                __scratch_y_source__ = LOADADDR (.scratch_y)

.bss            0x0000000020000280    0x207b4
                0x0000000020000280                . = ALIGN (0x4)
                0x0000000020000280                __bss_start__ = .
 *(SORT_BY_ALIGNMENT(SORT_BY_NAME(.bss*)))
 .bss.default_alarm_pool_entries
                0x0000000020000280      0x100 CMakeFiles/blink.dir/Users/daniel.sierra/Desktop/freertos-pico/pico-sdk/src/common/pico_time/time.c.obj
 .bss.sd_table  0x0000000020000380      0x100 CMakeFiles/blink.dir/Users/daniel.sierra/Desktop/freertos-pico/pico-sdk/src/rp2_common/pico_double/double_init_rom.c.obj
                0x0000000020000380                sd_table
 .bss.sf_table  0x0000000020000480      0x100 CMakeFiles/blink.dir/Users/daniel.sierra/Desktop/freertos-pico/pico-sdk/src/rp2_common/pico_float/float_init_rom.c.obj
                0x0000000020000480                sf_table
 .bss.xQueueRegistry
                0x0000000020000580       0x40 CMakeFiles/blink.dir/Users/daniel.sierra/Desktop/freertos-pico/FreeRTOS-Kernel/queue.c.obj
                0x0000000020000580                xQueueRegistry
 .bss           0x00000000200005c0       0x1c /usr/local/Cellar/arm-none-eabi-gcc/10.3-2021.07/gcc/bin/../lib/gcc/arm-none-eabi/10.3.1/thumb/v6-m/nofp/crtbegin.o
 .bss.alarm_callbacks
                0x00000000200005dc       0x10 CMakeFiles/blink.dir/Users/daniel.sierra/Desktop/freertos-pico/pico-sdk/src/rp2_common/hardware_timer/timer.c.obj
 .bss.claimed   0x00000000200005ec        0x4 CMakeFiles/blink.dir/Users/daniel.sierra/Desktop/freertos-pico/pico-sdk/src/rp2_common/hardware_sync/sync.c.obj
 .bss.configured_freq
                0x00000000200005f0       0x28 CMakeFiles/blink.dir/Users/daniel.sierra/Desktop/freertos-pico/pico-sdk/src/rp2_common/hardware_clocks/clocks.c.obj
 .bss.default_alarm_pool_entry_ids_high
                0x0000000020000618       0x10 CMakeFiles/blink.dir/Users/daniel.sierra/Desktop/freertos-pico/pico-sdk/src/common/pico_time/time.c.obj
 .bss.default_alarm_pool_heap_nodes
                0x0000000020000628       0x30 CMakeFiles/blink.dir/Users/daniel.sierra/Desktop/freertos-pico/pico-sdk/src/common/pico_time/time.c.obj
 .bss.drivers   0x0000000020000658        0x4 CMakeFiles/blink.dir/Users/daniel.sierra/Desktop/freertos-pico/pico-sdk/src/rp2_common/pico_stdio/stdio.c.obj
 .bss.filter    0x000000002000065c        0x4 CMakeFiles/blink.dir/Users/daniel.sierra/Desktop/freertos-pico/pico-sdk/src/rp2_common/pico_stdio/stdio.c.obj
 .bss.lazy_vsnprintf
                0x0000000020000660        0x4 CMakeFiles/blink.dir/Users/daniel.sierra/Desktop/freertos-pico/pico-sdk/src/rp2_common/pico_printf/printf.c.obj
 .bss.pools     0x0000000020000664       0x10 CMakeFiles/blink.dir/Users/daniel.sierra/Desktop/freertos-pico/pico-sdk/src/common/pico_time/time.c.obj
 .bss.pxCurrentTCBs
                0x0000000020000674        0x8 CMakeFiles/blink.dir/Users/daniel.sierra/Desktop/freertos-pico/FreeRTOS-Kernel/tasks.c.obj
                0x0000000020000674                pxCurrentTCBs
 .bss.pxCurrentTimerList
                0x000000002000067c        0x4 CMakeFiles/blink.dir/Users/daniel.sierra/Desktop/freertos-pico/FreeRTOS-Kernel/timers.c.obj
 .bss.pxDelayedTaskList
                0x0000000020000680        0x4 CMakeFiles/blink.dir/Users/daniel.sierra/Desktop/freertos-pico/FreeRTOS-Kernel/tasks.c.obj
 .bss.pxEnd     0x0000000020000684        0x4 CMakeFiles/blink.dir/Users/daniel.sierra/Desktop/freertos-pico/FreeRTOS-Kernel/portable/MemMang/heap_4.c.obj
 .bss.pxOverflowDelayedTaskList
                0x0000000020000688        0x4 CMakeFiles/blink.dir/Users/daniel.sierra/Desktop/freertos-pico/FreeRTOS-Kernel/tasks.c.obj
 .bss.pxOverflowTimerList
                0x000000002000068c        0x4 CMakeFiles/blink.dir/Users/daniel.sierra/Desktop/freertos-pico/FreeRTOS-Kernel/timers.c.obj
 .bss.pxReadyTasksLists
                0x0000000020000690      0x280 CMakeFiles/blink.dir/Users/daniel.sierra/Desktop/freertos-pico/FreeRTOS-Kernel/tasks.c.obj
 .bss.pxYieldSpinLock
                0x0000000020000910        0x8 CMakeFiles/blink.dir/Users/daniel.sierra/Desktop/freertos-pico/FreeRTOS-Kernel/portable/ThirdParty/GCC/RP2040/port.c.obj
 .bss.sf_clz_func
                0x0000000020000918        0x4 CMakeFiles/blink.dir/Users/daniel.sierra/Desktop/freertos-pico/pico-sdk/src/rp2_common/pico_double/double_init_rom.c.obj
                0x0000000020000918                sf_clz_func
 .bss.sleep_notifier
                0x000000002000091c        0x4 CMakeFiles/blink.dir/Users/daniel.sierra/Desktop/freertos-pico/pico-sdk/src/common/pico_time/time.c.obj
 .bss.target_hi
                0x0000000020000920       0x10 CMakeFiles/blink.dir/Users/daniel.sierra/Desktop/freertos-pico/pico-sdk/src/rp2_common/hardware_timer/timer.c.obj
 .bss.ucHeap    0x0000000020000930    0x20000 CMakeFiles/blink.dir/Users/daniel.sierra/Desktop/freertos-pico/FreeRTOS-Kernel/portable/MemMang/heap_4.c.obj
 .bss.ucOwnedByCore.1
                0x0000000020020930        0x2 CMakeFiles/blink.dir/Users/daniel.sierra/Desktop/freertos-pico/FreeRTOS-Kernel/tasks.c.obj
 *fill*         0x0000000020020932        0x2 
 .bss.ucRecursionCountByLock.0
                0x0000000020020934        0x2 CMakeFiles/blink.dir/Users/daniel.sierra/Desktop/freertos-pico/FreeRTOS-Kernel/tasks.c.obj
 *fill*         0x0000000020020936        0x2 
 .bss.ulYieldSpinLockSaveValue
                0x0000000020020938        0x8 CMakeFiles/blink.dir/Users/daniel.sierra/Desktop/freertos-pico/FreeRTOS-Kernel/portable/ThirdParty/GCC/RP2040/port.c.obj
 .bss.uxCurrentNumberOfTasks
                0x0000000020020940        0x4 CMakeFiles/blink.dir/Users/daniel.sierra/Desktop/freertos-pico/FreeRTOS-Kernel/tasks.c.obj
 .bss.uxDeletedTasksWaitingCleanUp
                0x0000000020020944        0x4 CMakeFiles/blink.dir/Users/daniel.sierra/Desktop/freertos-pico/FreeRTOS-Kernel/tasks.c.obj
 .bss.uxSchedulerSuspended
                0x0000000020020948        0x4 CMakeFiles/blink.dir/Users/daniel.sierra/Desktop/freertos-pico/FreeRTOS-Kernel/tasks.c.obj
 .bss.uxTaskNumber
                0x000000002002094c        0x4 CMakeFiles/blink.dir/Users/daniel.sierra/Desktop/freertos-pico/FreeRTOS-Kernel/tasks.c.obj
 .bss.uxTopReadyPriority
                0x0000000020020950        0x4 CMakeFiles/blink.dir/Users/daniel.sierra/Desktop/freertos-pico/FreeRTOS-Kernel/tasks.c.obj
 .bss.xActiveTimerList1
                0x0000000020020954       0x14 CMakeFiles/blink.dir/Users/daniel.sierra/Desktop/freertos-pico/FreeRTOS-Kernel/timers.c.obj
 .bss.xActiveTimerList2
                0x0000000020020968       0x14 CMakeFiles/blink.dir/Users/daniel.sierra/Desktop/freertos-pico/FreeRTOS-Kernel/timers.c.obj
 .bss.xBlockAllocatedBit
                0x000000002002097c        0x4 CMakeFiles/blink.dir/Users/daniel.sierra/Desktop/freertos-pico/FreeRTOS-Kernel/portable/MemMang/heap_4.c.obj
 .bss.xDelayedTaskList1
                0x0000000020020980       0x14 CMakeFiles/blink.dir/Users/daniel.sierra/Desktop/freertos-pico/FreeRTOS-Kernel/tasks.c.obj
 .bss.xDelayedTaskList2
                0x0000000020020994       0x14 CMakeFiles/blink.dir/Users/daniel.sierra/Desktop/freertos-pico/FreeRTOS-Kernel/tasks.c.obj
 .bss.xEventGroup
                0x00000000200209a8        0x4 CMakeFiles/blink.dir/Users/daniel.sierra/Desktop/freertos-pico/FreeRTOS-Kernel/portable/ThirdParty/GCC/RP2040/port.c.obj
 .bss.xFreeBytesRemaining
                0x00000000200209ac        0x4 CMakeFiles/blink.dir/Users/daniel.sierra/Desktop/freertos-pico/FreeRTOS-Kernel/portable/MemMang/heap_4.c.obj
 .bss.xIdleTaskHandle
                0x00000000200209b0        0x8 CMakeFiles/blink.dir/Users/daniel.sierra/Desktop/freertos-pico/FreeRTOS-Kernel/tasks.c.obj
 .bss.xLastTime.0
                0x00000000200209b8        0x4 CMakeFiles/blink.dir/Users/daniel.sierra/Desktop/freertos-pico/FreeRTOS-Kernel/timers.c.obj
 .bss.xMinimumEverFreeBytesRemaining
                0x00000000200209bc        0x4 CMakeFiles/blink.dir/Users/daniel.sierra/Desktop/freertos-pico/FreeRTOS-Kernel/portable/MemMang/heap_4.c.obj
 .bss.xNextTaskUnblockTime
                0x00000000200209c0        0x4 CMakeFiles/blink.dir/Users/daniel.sierra/Desktop/freertos-pico/FreeRTOS-Kernel/tasks.c.obj
 .bss.xNumOfOverflows
                0x00000000200209c4        0x4 CMakeFiles/blink.dir/Users/daniel.sierra/Desktop/freertos-pico/FreeRTOS-Kernel/tasks.c.obj
 .bss.xNumberOfSuccessfulAllocations
                0x00000000200209c8        0x4 CMakeFiles/blink.dir/Users/daniel.sierra/Desktop/freertos-pico/FreeRTOS-Kernel/portable/MemMang/heap_4.c.obj
 .bss.xNumberOfSuccessfulFrees
                0x00000000200209cc        0x4 CMakeFiles/blink.dir/Users/daniel.sierra/Desktop/freertos-pico/FreeRTOS-Kernel/portable/MemMang/heap_4.c.obj
 .bss.xPendedTicks
                0x00000000200209d0        0x4 CMakeFiles/blink.dir/Users/daniel.sierra/Desktop/freertos-pico/FreeRTOS-Kernel/tasks.c.obj
 .bss.xPendingReadyList
                0x00000000200209d4       0x14 CMakeFiles/blink.dir/Users/daniel.sierra/Desktop/freertos-pico/FreeRTOS-Kernel/tasks.c.obj
 .bss.xSchedulerRunning
                0x00000000200209e8        0x4 CMakeFiles/blink.dir/Users/daniel.sierra/Desktop/freertos-pico/FreeRTOS-Kernel/tasks.c.obj
 .bss.xStart    0x00000000200209ec        0x8 CMakeFiles/blink.dir/Users/daniel.sierra/Desktop/freertos-pico/FreeRTOS-Kernel/portable/MemMang/heap_4.c.obj
 .bss.xSuspendedTaskList
                0x00000000200209f4       0x14 CMakeFiles/blink.dir/Users/daniel.sierra/Desktop/freertos-pico/FreeRTOS-Kernel/tasks.c.obj
 .bss.xTasksWaitingTermination
                0x0000000020020a08       0x14 CMakeFiles/blink.dir/Users/daniel.sierra/Desktop/freertos-pico/FreeRTOS-Kernel/tasks.c.obj
 .bss.xTickCount
                0x0000000020020a1c        0x4 CMakeFiles/blink.dir/Users/daniel.sierra/Desktop/freertos-pico/FreeRTOS-Kernel/tasks.c.obj
 .bss.xTimerQueue
                0x0000000020020a20        0x4 CMakeFiles/blink.dir/Users/daniel.sierra/Desktop/freertos-pico/FreeRTOS-Kernel/timers.c.obj
 .bss.xTimerTaskHandle
                0x0000000020020a24        0x4 CMakeFiles/blink.dir/Users/daniel.sierra/Desktop/freertos-pico/FreeRTOS-Kernel/timers.c.obj
 .bss.xYieldPendings
                0x0000000020020a28        0x8 CMakeFiles/blink.dir/Users/daniel.sierra/Desktop/freertos-pico/FreeRTOS-Kernel/tasks.c.obj
 .bss.claimed   0x0000000020020a30        0x1 CMakeFiles/blink.dir/Users/daniel.sierra/Desktop/freertos-pico/pico-sdk/src/rp2_common/hardware_timer/timer.c.obj
 .bss.irq_hander_chain_free_slot_head
                0x0000000020020a31        0x1 CMakeFiles/blink.dir/Users/daniel.sierra/Desktop/freertos-pico/pico-sdk/src/rp2_common/hardware_irq/irq.c.obj
 .bss.timer_callbacks_pending
                0x0000000020020a32        0x1 CMakeFiles/blink.dir/Users/daniel.sierra/Desktop/freertos-pico/pico-sdk/src/rp2_common/hardware_timer/timer.c.obj
 *(COMMON)
                0x0000000020020a34                . = ALIGN (0x4)
 *fill*         0x0000000020020a33        0x1 
                0x0000000020020a34                __bss_end__ = .

.heap           0x0000000020020a34      0x800
                0x0000000020020a34                __end__ = .
                0x0000000020020a34                end = __end__
 *(.heap*)
 .heap          0x0000000020020a34      0x800 CMakeFiles/blink.dir/Users/daniel.sierra/Desktop/freertos-pico/pico-sdk/src/rp2_common/pico_standard_link/crt0.S.obj
                0x0000000020021234                __HeapLimit = .

.stack1_dummy   0x0000000020040000      0x800
 *(.stack1*)
 .stack1        0x0000000020040000      0x800 CMakeFiles/blink.dir/Users/daniel.sierra/Desktop/freertos-pico/pico-sdk/src/rp2_common/pico_multicore/multicore.c.obj

.stack_dummy    0x0000000020041000      0x800
 *(.stack*)
 .stack         0x0000000020041000      0x800 CMakeFiles/blink.dir/Users/daniel.sierra/Desktop/freertos-pico/pico-sdk/src/rp2_common/pico_standard_link/crt0.S.obj

.flash_end      0x0000000010005a00        0x0
                0x0000000010005a00                __flash_binary_end = .
                0x0000000020040000                __StackLimit = (ORIGIN (RAM) + LENGTH (RAM))
                0x0000000020041000                __StackOneTop = (ORIGIN (SCRATCH_X) + LENGTH (SCRATCH_X))
                0x0000000020042000                __StackTop = (ORIGIN (SCRATCH_Y) + LENGTH (SCRATCH_Y))
                0x0000000020040800                __StackOneBottom = (__StackOneTop - SIZEOF (.stack1_dummy))
                0x0000000020041800                __StackBottom = (__StackTop - SIZEOF (.stack_dummy))
                0x0000000020042000                PROVIDE (__stack = __StackTop)
                0x0000000000000001                ASSERT ((__StackLimit >= __HeapLimit), region RAM overflowed)
                0x0000000000000001                ASSERT (((__binary_info_header_end - __logical_binary_start) <= 0x100), Binary info must be in first 256 bytes of the binary)
LOAD CMakeFiles/blink.dir/main.c.obj
LOAD CMakeFiles/blink.dir/Users/daniel.sierra/Desktop/freertos-pico/pico-sdk/src/rp2_common/pico_stdlib/stdlib.c.obj
LOAD CMakeFiles/blink.dir/Users/daniel.sierra/Desktop/freertos-pico/pico-sdk/src/rp2_common/hardware_gpio/gpio.c.obj
LOAD CMakeFiles/blink.dir/Users/daniel.sierra/Desktop/freertos-pico/pico-sdk/src/rp2_common/pico_platform/platform.c.obj
LOAD CMakeFiles/blink.dir/Users/daniel.sierra/Desktop/freertos-pico/pico-sdk/src/rp2_common/hardware_claim/claim.c.obj
LOAD CMakeFiles/blink.dir/Users/daniel.sierra/Desktop/freertos-pico/pico-sdk/src/rp2_common/hardware_sync/sync.c.obj
LOAD CMakeFiles/blink.dir/Users/daniel.sierra/Desktop/freertos-pico/pico-sdk/src/rp2_common/hardware_irq/irq.c.obj
LOAD CMakeFiles/blink.dir/Users/daniel.sierra/Desktop/freertos-pico/pico-sdk/src/rp2_common/hardware_irq/irq_handler_chain.S.obj
LOAD CMakeFiles/blink.dir/Users/daniel.sierra/Desktop/freertos-pico/pico-sdk/src/common/pico_sync/sem.c.obj
LOAD CMakeFiles/blink.dir/Users/daniel.sierra/Desktop/freertos-pico/pico-sdk/src/common/pico_sync/lock_core.c.obj
LOAD CMakeFiles/blink.dir/Users/daniel.sierra/Desktop/freertos-pico/pico-sdk/src/common/pico_sync/mutex.c.obj
LOAD CMakeFiles/blink.dir/Users/daniel.sierra/Desktop/freertos-pico/pico-sdk/src/common/pico_sync/critical_section.c.obj
LOAD CMakeFiles/blink.dir/Users/daniel.sierra/Desktop/freertos-pico/pico-sdk/src/common/pico_time/time.c.obj
LOAD CMakeFiles/blink.dir/Users/daniel.sierra/Desktop/freertos-pico/pico-sdk/src/common/pico_time/timeout_helper.c.obj
LOAD CMakeFiles/blink.dir/Users/daniel.sierra/Desktop/freertos-pico/pico-sdk/src/rp2_common/hardware_timer/timer.c.obj
LOAD CMakeFiles/blink.dir/Users/daniel.sierra/Desktop/freertos-pico/pico-sdk/src/common/pico_util/datetime.c.obj
LOAD CMakeFiles/blink.dir/Users/daniel.sierra/Desktop/freertos-pico/pico-sdk/src/common/pico_util/pheap.c.obj
LOAD CMakeFiles/blink.dir/Users/daniel.sierra/Desktop/freertos-pico/pico-sdk/src/common/pico_util/queue.c.obj
LOAD CMakeFiles/blink.dir/Users/daniel.sierra/Desktop/freertos-pico/pico-sdk/src/rp2_common/hardware_uart/uart.c.obj
LOAD CMakeFiles/blink.dir/Users/daniel.sierra/Desktop/freertos-pico/pico-sdk/src/rp2_common/hardware_clocks/clocks.c.obj
LOAD CMakeFiles/blink.dir/Users/daniel.sierra/Desktop/freertos-pico/pico-sdk/src/rp2_common/hardware_pll/pll.c.obj
LOAD CMakeFiles/blink.dir/Users/daniel.sierra/Desktop/freertos-pico/pico-sdk/src/rp2_common/hardware_vreg/vreg.c.obj
LOAD CMakeFiles/blink.dir/Users/daniel.sierra/Desktop/freertos-pico/pico-sdk/src/rp2_common/hardware_watchdog/watchdog.c.obj
LOAD CMakeFiles/blink.dir/Users/daniel.sierra/Desktop/freertos-pico/pico-sdk/src/rp2_common/hardware_xosc/xosc.c.obj
LOAD CMakeFiles/blink.dir/Users/daniel.sierra/Desktop/freertos-pico/pico-sdk/src/rp2_common/hardware_divider/divider.S.obj
LOAD CMakeFiles/blink.dir/Users/daniel.sierra/Desktop/freertos-pico/pico-sdk/src/rp2_common/pico_runtime/runtime.c.obj
LOAD CMakeFiles/blink.dir/Users/daniel.sierra/Desktop/freertos-pico/pico-sdk/src/rp2_common/pico_printf/printf.c.obj
LOAD CMakeFiles/blink.dir/Users/daniel.sierra/Desktop/freertos-pico/pico-sdk/src/rp2_common/pico_bit_ops/bit_ops_aeabi.S.obj
LOAD CMakeFiles/blink.dir/Users/daniel.sierra/Desktop/freertos-pico/pico-sdk/src/rp2_common/pico_bootrom/bootrom.c.obj
LOAD CMakeFiles/blink.dir/Users/daniel.sierra/Desktop/freertos-pico/pico-sdk/src/rp2_common/pico_divider/divider.S.obj
LOAD CMakeFiles/blink.dir/Users/daniel.sierra/Desktop/freertos-pico/pico-sdk/src/rp2_common/pico_double/double_aeabi.S.obj
LOAD CMakeFiles/blink.dir/Users/daniel.sierra/Desktop/freertos-pico/pico-sdk/src/rp2_common/pico_double/double_init_rom.c.obj
LOAD CMakeFiles/blink.dir/Users/daniel.sierra/Desktop/freertos-pico/pico-sdk/src/rp2_common/pico_double/double_math.c.obj
LOAD CMakeFiles/blink.dir/Users/daniel.sierra/Desktop/freertos-pico/pico-sdk/src/rp2_common/pico_double/double_v1_rom_shim.S.obj
LOAD CMakeFiles/blink.dir/Users/daniel.sierra/Desktop/freertos-pico/pico-sdk/src/rp2_common/pico_int64_ops/pico_int64_ops_aeabi.S.obj
LOAD CMakeFiles/blink.dir/Users/daniel.sierra/Desktop/freertos-pico/pico-sdk/src/rp2_common/pico_float/float_aeabi.S.obj
LOAD CMakeFiles/blink.dir/Users/daniel.sierra/Desktop/freertos-pico/pico-sdk/src/rp2_common/pico_float/float_init_rom.c.obj
LOAD CMakeFiles/blink.dir/Users/daniel.sierra/Desktop/freertos-pico/pico-sdk/src/rp2_common/pico_float/float_math.c.obj
LOAD CMakeFiles/blink.dir/Users/daniel.sierra/Desktop/freertos-pico/pico-sdk/src/rp2_common/pico_float/float_v1_rom_shim.S.obj
LOAD CMakeFiles/blink.dir/Users/daniel.sierra/Desktop/freertos-pico/pico-sdk/src/rp2_common/pico_malloc/pico_malloc.c.obj
LOAD CMakeFiles/blink.dir/Users/daniel.sierra/Desktop/freertos-pico/pico-sdk/src/rp2_common/pico_mem_ops/mem_ops_aeabi.S.obj
LOAD CMakeFiles/blink.dir/Users/daniel.sierra/Desktop/freertos-pico/pico-sdk/src/rp2_common/pico_standard_link/crt0.S.obj
LOAD CMakeFiles/blink.dir/Users/daniel.sierra/Desktop/freertos-pico/pico-sdk/src/rp2_common/pico_standard_link/new_delete.cpp.obj
LOAD CMakeFiles/blink.dir/Users/daniel.sierra/Desktop/freertos-pico/pico-sdk/src/rp2_common/pico_standard_link/binary_info.c.obj
LOAD CMakeFiles/blink.dir/Users/daniel.sierra/Desktop/freertos-pico/pico-sdk/src/rp2_common/pico_stdio/stdio.c.obj
LOAD CMakeFiles/blink.dir/Users/daniel.sierra/Desktop/freertos-pico/pico-sdk/src/rp2_common/pico_stdio_uart/stdio_uart.c.obj
LOAD CMakeFiles/blink.dir/Users/daniel.sierra/Desktop/freertos-pico/FreeRTOS-Kernel/portable/ThirdParty/GCC/RP2040/port.c.obj
LOAD CMakeFiles/blink.dir/Users/daniel.sierra/Desktop/freertos-pico/FreeRTOS-Kernel/croutine.c.obj
LOAD CMakeFiles/blink.dir/Users/daniel.sierra/Desktop/freertos-pico/FreeRTOS-Kernel/event_groups.c.obj
LOAD CMakeFiles/blink.dir/Users/daniel.sierra/Desktop/freertos-pico/FreeRTOS-Kernel/list.c.obj
LOAD CMakeFiles/blink.dir/Users/daniel.sierra/Desktop/freertos-pico/FreeRTOS-Kernel/queue.c.obj
LOAD CMakeFiles/blink.dir/Users/daniel.sierra/Desktop/freertos-pico/FreeRTOS-Kernel/stream_buffer.c.obj
LOAD CMakeFiles/blink.dir/Users/daniel.sierra/Desktop/freertos-pico/FreeRTOS-Kernel/tasks.c.obj
LOAD CMakeFiles/blink.dir/Users/daniel.sierra/Desktop/freertos-pico/FreeRTOS-Kernel/timers.c.obj
LOAD CMakeFiles/blink.dir/Users/daniel.sierra/Desktop/freertos-pico/pico-sdk/src/rp2_common/hardware_exception/exception.c.obj
LOAD CMakeFiles/blink.dir/Users/daniel.sierra/Desktop/freertos-pico/pico-sdk/src/rp2_common/pico_multicore/multicore.c.obj
LOAD CMakeFiles/blink.dir/Users/daniel.sierra/Desktop/freertos-pico/FreeRTOS-Kernel/portable/MemMang/heap_4.c.obj
LOAD /var/folders/m8/0vkhrb2d79q5vj59ddsmwqxmj03f_3/T//ccukx3Cb.o
LOAD /usr/local/Cellar/arm-none-eabi-gcc/10.3-2021.07/gcc/bin/../lib/gcc/arm-none-eabi/10.3.1/../../../../arm-none-eabi/lib/thumb/v6-m/nofp/libstdc++.a
LOAD /usr/local/Cellar/arm-none-eabi-gcc/10.3-2021.07/gcc/bin/../lib/gcc/arm-none-eabi/10.3.1/../../../../arm-none-eabi/lib/thumb/v6-m/nofp/libm.a
START GROUP
LOAD /usr/local/Cellar/arm-none-eabi-gcc/10.3-2021.07/gcc/bin/../lib/gcc/arm-none-eabi/10.3.1/thumb/v6-m/nofp/libgcc.a
LOAD /usr/local/Cellar/arm-none-eabi-gcc/10.3-2021.07/gcc/bin/../lib/gcc/arm-none-eabi/10.3.1/../../../../arm-none-eabi/lib/thumb/v6-m/nofp/libc.a
END GROUP
START GROUP
LOAD /usr/local/Cellar/arm-none-eabi-gcc/10.3-2021.07/gcc/bin/../lib/gcc/arm-none-eabi/10.3.1/thumb/v6-m/nofp/libgcc.a
LOAD /usr/local/Cellar/arm-none-eabi-gcc/10.3-2021.07/gcc/bin/../lib/gcc/arm-none-eabi/10.3.1/../../../../arm-none-eabi/lib/thumb/v6-m/nofp/libc.a
LOAD /usr/local/Cellar/arm-none-eabi-gcc/10.3-2021.07/gcc/bin/../lib/gcc/arm-none-eabi/10.3.1/../../../../arm-none-eabi/lib/thumb/v6-m/nofp/libnosys.a
END GROUP
LOAD /usr/local/Cellar/arm-none-eabi-gcc/10.3-2021.07/gcc/bin/../lib/gcc/arm-none-eabi/10.3.1/thumb/v6-m/nofp/crtend.o
LOAD /usr/local/Cellar/arm-none-eabi-gcc/10.3-2021.07/gcc/bin/../lib/gcc/arm-none-eabi/10.3.1/thumb/v6-m/nofp/crtn.o
OUTPUT(blink.elf elf32-littlearm)
LOAD linker stubs

.ARM.attributes
                0x0000000000000000       0x28
 .ARM.attributes
                0x0000000000000000       0x1e /usr/local/Cellar/arm-none-eabi-gcc/10.3-2021.07/gcc/bin/../lib/gcc/arm-none-eabi/10.3.1/thumb/v6-m/nofp/crti.o
 .ARM.attributes
                0x000000000000001e       0x2c /usr/local/Cellar/arm-none-eabi-gcc/10.3-2021.07/gcc/bin/../lib/gcc/arm-none-eabi/10.3.1/thumb/v6-m/nofp/crtbegin.o
 .ARM.attributes
                0x000000000000004a       0x2c CMakeFiles/blink.dir/main.c.obj
 .ARM.attributes
                0x0000000000000076       0x2c CMakeFiles/blink.dir/Users/daniel.sierra/Desktop/freertos-pico/pico-sdk/src/rp2_common/hardware_gpio/gpio.c.obj
 .ARM.attributes
                0x00000000000000a2       0x2c CMakeFiles/blink.dir/Users/daniel.sierra/Desktop/freertos-pico/pico-sdk/src/rp2_common/pico_platform/platform.c.obj
 .ARM.attributes
                0x00000000000000ce       0x2c CMakeFiles/blink.dir/Users/daniel.sierra/Desktop/freertos-pico/pico-sdk/src/rp2_common/hardware_claim/claim.c.obj
 .ARM.attributes
                0x00000000000000fa       0x2c CMakeFiles/blink.dir/Users/daniel.sierra/Desktop/freertos-pico/pico-sdk/src/rp2_common/hardware_sync/sync.c.obj
 .ARM.attributes
                0x0000000000000126       0x2c CMakeFiles/blink.dir/Users/daniel.sierra/Desktop/freertos-pico/pico-sdk/src/rp2_common/hardware_irq/irq.c.obj
 .ARM.attributes
                0x0000000000000152       0x22 CMakeFiles/blink.dir/Users/daniel.sierra/Desktop/freertos-pico/pico-sdk/src/rp2_common/hardware_irq/irq_handler_chain.S.obj
 .ARM.attributes
                0x0000000000000174       0x2c CMakeFiles/blink.dir/Users/daniel.sierra/Desktop/freertos-pico/pico-sdk/src/common/pico_sync/lock_core.c.obj
 .ARM.attributes
                0x00000000000001a0       0x2c CMakeFiles/blink.dir/Users/daniel.sierra/Desktop/freertos-pico/pico-sdk/src/common/pico_sync/mutex.c.obj
 .ARM.attributes
                0x00000000000001cc       0x2c CMakeFiles/blink.dir/Users/daniel.sierra/Desktop/freertos-pico/pico-sdk/src/common/pico_time/time.c.obj
 .ARM.attributes
                0x00000000000001f8       0x2c CMakeFiles/blink.dir/Users/daniel.sierra/Desktop/freertos-pico/pico-sdk/src/rp2_common/hardware_timer/timer.c.obj
 .ARM.attributes
                0x0000000000000224       0x2c CMakeFiles/blink.dir/Users/daniel.sierra/Desktop/freertos-pico/pico-sdk/src/common/pico_util/pheap.c.obj
 .ARM.attributes
                0x0000000000000250       0x2c CMakeFiles/blink.dir/Users/daniel.sierra/Desktop/freertos-pico/pico-sdk/src/rp2_common/hardware_clocks/clocks.c.obj
 .ARM.attributes
                0x000000000000027c       0x2c CMakeFiles/blink.dir/Users/daniel.sierra/Desktop/freertos-pico/pico-sdk/src/rp2_common/hardware_pll/pll.c.obj
 .ARM.attributes
                0x00000000000002a8       0x2c CMakeFiles/blink.dir/Users/daniel.sierra/Desktop/freertos-pico/pico-sdk/src/rp2_common/hardware_watchdog/watchdog.c.obj
 .ARM.attributes
                0x00000000000002d4       0x2c CMakeFiles/blink.dir/Users/daniel.sierra/Desktop/freertos-pico/pico-sdk/src/rp2_common/hardware_xosc/xosc.c.obj
 .ARM.attributes
                0x0000000000000300       0x2c CMakeFiles/blink.dir/Users/daniel.sierra/Desktop/freertos-pico/pico-sdk/src/rp2_common/pico_runtime/runtime.c.obj
 .ARM.attributes
                0x000000000000032c       0x2c CMakeFiles/blink.dir/Users/daniel.sierra/Desktop/freertos-pico/pico-sdk/src/rp2_common/pico_printf/printf.c.obj
 .ARM.attributes
                0x0000000000000358       0x22 CMakeFiles/blink.dir/Users/daniel.sierra/Desktop/freertos-pico/pico-sdk/src/rp2_common/pico_bit_ops/bit_ops_aeabi.S.obj
 .ARM.attributes
                0x000000000000037a       0x2c CMakeFiles/blink.dir/Users/daniel.sierra/Desktop/freertos-pico/pico-sdk/src/rp2_common/pico_bootrom/bootrom.c.obj
 .ARM.attributes
                0x00000000000003a6       0x22 CMakeFiles/blink.dir/Users/daniel.sierra/Desktop/freertos-pico/pico-sdk/src/rp2_common/pico_divider/divider.S.obj
 .ARM.attributes
                0x00000000000003c8       0x22 CMakeFiles/blink.dir/Users/daniel.sierra/Desktop/freertos-pico/pico-sdk/src/rp2_common/pico_double/double_aeabi.S.obj
 .ARM.attributes
                0x00000000000003ea       0x2c CMakeFiles/blink.dir/Users/daniel.sierra/Desktop/freertos-pico/pico-sdk/src/rp2_common/pico_double/double_init_rom.c.obj
 .ARM.attributes
                0x0000000000000416       0x22 CMakeFiles/blink.dir/Users/daniel.sierra/Desktop/freertos-pico/pico-sdk/src/rp2_common/pico_double/double_v1_rom_shim.S.obj
 .ARM.attributes
                0x0000000000000438       0x22 CMakeFiles/blink.dir/Users/daniel.sierra/Desktop/freertos-pico/pico-sdk/src/rp2_common/pico_float/float_aeabi.S.obj
 .ARM.attributes
                0x000000000000045a       0x2c CMakeFiles/blink.dir/Users/daniel.sierra/Desktop/freertos-pico/pico-sdk/src/rp2_common/pico_float/float_init_rom.c.obj
 .ARM.attributes
                0x0000000000000486       0x22 CMakeFiles/blink.dir/Users/daniel.sierra/Desktop/freertos-pico/pico-sdk/src/rp2_common/pico_float/float_v1_rom_shim.S.obj
 .ARM.attributes
                0x00000000000004a8       0x2c CMakeFiles/blink.dir/Users/daniel.sierra/Desktop/freertos-pico/pico-sdk/src/rp2_common/pico_malloc/pico_malloc.c.obj
 .ARM.attributes
                0x00000000000004d4       0x22 CMakeFiles/blink.dir/Users/daniel.sierra/Desktop/freertos-pico/pico-sdk/src/rp2_common/pico_mem_ops/mem_ops_aeabi.S.obj
 .ARM.attributes
                0x00000000000004f6       0x22 CMakeFiles/blink.dir/Users/daniel.sierra/Desktop/freertos-pico/pico-sdk/src/rp2_common/pico_standard_link/crt0.S.obj
 .ARM.attributes
                0x0000000000000518       0x32 CMakeFiles/blink.dir/Users/daniel.sierra/Desktop/freertos-pico/pico-sdk/src/rp2_common/pico_standard_link/binary_info.c.obj
 .ARM.attributes
                0x000000000000054a       0x2c CMakeFiles/blink.dir/Users/daniel.sierra/Desktop/freertos-pico/pico-sdk/src/rp2_common/pico_stdio/stdio.c.obj
 .ARM.attributes
                0x0000000000000576       0x2c CMakeFiles/blink.dir/Users/daniel.sierra/Desktop/freertos-pico/FreeRTOS-Kernel/portable/ThirdParty/GCC/RP2040/port.c.obj
 .ARM.attributes
                0x00000000000005a2       0x2c CMakeFiles/blink.dir/Users/daniel.sierra/Desktop/freertos-pico/FreeRTOS-Kernel/event_groups.c.obj
 .ARM.attributes
                0x00000000000005ce       0x2c CMakeFiles/blink.dir/Users/daniel.sierra/Desktop/freertos-pico/FreeRTOS-Kernel/list.c.obj
 .ARM.attributes
                0x00000000000005fa       0x2c CMakeFiles/blink.dir/Users/daniel.sierra/Desktop/freertos-pico/FreeRTOS-Kernel/queue.c.obj
 .ARM.attributes
                0x0000000000000626       0x2c CMakeFiles/blink.dir/Users/daniel.sierra/Desktop/freertos-pico/FreeRTOS-Kernel/tasks.c.obj
 .ARM.attributes
                0x0000000000000652       0x2c CMakeFiles/blink.dir/Users/daniel.sierra/Desktop/freertos-pico/FreeRTOS-Kernel/timers.c.obj
 .ARM.attributes
                0x000000000000067e       0x2c CMakeFiles/blink.dir/Users/daniel.sierra/Desktop/freertos-pico/pico-sdk/src/rp2_common/hardware_exception/exception.c.obj
 .ARM.attributes
                0x00000000000006aa       0x2c CMakeFiles/blink.dir/Users/daniel.sierra/Desktop/freertos-pico/pico-sdk/src/rp2_common/pico_multicore/multicore.c.obj
 .ARM.attributes
                0x00000000000006d6       0x2c CMakeFiles/blink.dir/Users/daniel.sierra/Desktop/freertos-pico/FreeRTOS-Kernel/portable/MemMang/heap_4.c.obj
 .ARM.attributes
                0x0000000000000702       0x22 /var/folders/m8/0vkhrb2d79q5vj59ddsmwqxmj03f_3/T//ccukx3Cb.o
 .ARM.attributes
                0x0000000000000724       0x1e /usr/local/Cellar/arm-none-eabi-gcc/10.3-2021.07/gcc/bin/../lib/gcc/arm-none-eabi/10.3.1/thumb/v6-m/nofp/libgcc.a(_dvmd_tls.o)
 .ARM.attributes
                0x0000000000000742       0x2c /usr/local/Cellar/arm-none-eabi-gcc/10.3-2021.07/gcc/bin/../lib/gcc/arm-none-eabi/10.3.1/../../../../arm-none-eabi/lib/thumb/v6-m/nofp/libc.a(lib_a-strlen-stub.o)

.comment        0x0000000000000000       0x49
 .comment       0x0000000000000000       0x49 CMakeFiles/blink.dir/main.c.obj
                                         0x4a (size before relaxing)
 .comment       0x0000000000000049       0x4a CMakeFiles/blink.dir/Users/daniel.sierra/Desktop/freertos-pico/pico-sdk/src/rp2_common/hardware_gpio/gpio.c.obj
 .comment       0x0000000000000049       0x4a CMakeFiles/blink.dir/Users/daniel.sierra/Desktop/freertos-pico/pico-sdk/src/rp2_common/pico_platform/platform.c.obj
 .comment       0x0000000000000049       0x4a CMakeFiles/blink.dir/Users/daniel.sierra/Desktop/freertos-pico/pico-sdk/src/rp2_common/hardware_claim/claim.c.obj
 .comment       0x0000000000000049       0x4a CMakeFiles/blink.dir/Users/daniel.sierra/Desktop/freertos-pico/pico-sdk/src/rp2_common/hardware_sync/sync.c.obj
 .comment       0x0000000000000049       0x4a CMakeFiles/blink.dir/Users/daniel.sierra/Desktop/freertos-pico/pico-sdk/src/rp2_common/hardware_irq/irq.c.obj
 .comment       0x0000000000000049       0x4a CMakeFiles/blink.dir/Users/daniel.sierra/Desktop/freertos-pico/pico-sdk/src/common/pico_sync/lock_core.c.obj
 .comment       0x0000000000000049       0x4a CMakeFiles/blink.dir/Users/daniel.sierra/Desktop/freertos-pico/pico-sdk/src/common/pico_sync/mutex.c.obj
 .comment       0x0000000000000049       0x4a CMakeFiles/blink.dir/Users/daniel.sierra/Desktop/freertos-pico/pico-sdk/src/common/pico_time/time.c.obj
 .comment       0x0000000000000049       0x4a CMakeFiles/blink.dir/Users/daniel.sierra/Desktop/freertos-pico/pico-sdk/src/rp2_common/hardware_timer/timer.c.obj
 .comment       0x0000000000000049       0x4a CMakeFiles/blink.dir/Users/daniel.sierra/Desktop/freertos-pico/pico-sdk/src/common/pico_util/pheap.c.obj
 .comment       0x0000000000000049       0x4a CMakeFiles/blink.dir/Users/daniel.sierra/Desktop/freertos-pico/pico-sdk/src/rp2_common/hardware_clocks/clocks.c.obj
 .comment       0x0000000000000049       0x4a CMakeFiles/blink.dir/Users/daniel.sierra/Desktop/freertos-pico/pico-sdk/src/rp2_common/hardware_pll/pll.c.obj
 .comment       0x0000000000000049       0x4a CMakeFiles/blink.dir/Users/daniel.sierra/Desktop/freertos-pico/pico-sdk/src/rp2_common/hardware_watchdog/watchdog.c.obj
 .comment       0x0000000000000049       0x4a CMakeFiles/blink.dir/Users/daniel.sierra/Desktop/freertos-pico/pico-sdk/src/rp2_common/hardware_xosc/xosc.c.obj
 .comment       0x0000000000000049       0x4a CMakeFiles/blink.dir/Users/daniel.sierra/Desktop/freertos-pico/pico-sdk/src/rp2_common/pico_runtime/runtime.c.obj
 .comment       0x0000000000000049       0x4a CMakeFiles/blink.dir/Users/daniel.sierra/Desktop/freertos-pico/pico-sdk/src/rp2_common/pico_printf/printf.c.obj
 .comment       0x0000000000000049       0x4a CMakeFiles/blink.dir/Users/daniel.sierra/Desktop/freertos-pico/pico-sdk/src/rp2_common/pico_bootrom/bootrom.c.obj
 .comment       0x0000000000000049       0x4a CMakeFiles/blink.dir/Users/daniel.sierra/Desktop/freertos-pico/pico-sdk/src/rp2_common/pico_double/double_init_rom.c.obj
 .comment       0x0000000000000049       0x4a CMakeFiles/blink.dir/Users/daniel.sierra/Desktop/freertos-pico/pico-sdk/src/rp2_common/pico_float/float_init_rom.c.obj
 .comment       0x0000000000000049       0x4a CMakeFiles/blink.dir/Users/daniel.sierra/Desktop/freertos-pico/pico-sdk/src/rp2_common/pico_malloc/pico_malloc.c.obj
 .comment       0x0000000000000049       0x4a CMakeFiles/blink.dir/Users/daniel.sierra/Desktop/freertos-pico/pico-sdk/src/rp2_common/pico_standard_link/binary_info.c.obj
 .comment       0x0000000000000049       0x4a CMakeFiles/blink.dir/Users/daniel.sierra/Desktop/freertos-pico/pico-sdk/src/rp2_common/pico_stdio/stdio.c.obj
 .comment       0x0000000000000049       0x4a CMakeFiles/blink.dir/Users/daniel.sierra/Desktop/freertos-pico/FreeRTOS-Kernel/portable/ThirdParty/GCC/RP2040/port.c.obj
 .comment       0x0000000000000049       0x4a CMakeFiles/blink.dir/Users/daniel.sierra/Desktop/freertos-pico/FreeRTOS-Kernel/event_groups.c.obj
 .comment       0x0000000000000049       0x4a CMakeFiles/blink.dir/Users/daniel.sierra/Desktop/freertos-pico/FreeRTOS-Kernel/list.c.obj
 .comment       0x0000000000000049       0x4a CMakeFiles/blink.dir/Users/daniel.sierra/Desktop/freertos-pico/FreeRTOS-Kernel/queue.c.obj
 .comment       0x0000000000000049       0x4a CMakeFiles/blink.dir/Users/daniel.sierra/Desktop/freertos-pico/FreeRTOS-Kernel/tasks.c.obj
 .comment       0x0000000000000049       0x4a CMakeFiles/blink.dir/Users/daniel.sierra/Desktop/freertos-pico/FreeRTOS-Kernel/timers.c.obj
 .comment       0x0000000000000049       0x4a CMakeFiles/blink.dir/Users/daniel.sierra/Desktop/freertos-pico/pico-sdk/src/rp2_common/hardware_exception/exception.c.obj
 .comment       0x0000000000000049       0x4a CMakeFiles/blink.dir/Users/daniel.sierra/Desktop/freertos-pico/pico-sdk/src/rp2_common/pico_multicore/multicore.c.obj
 .comment       0x0000000000000049       0x4a CMakeFiles/blink.dir/Users/daniel.sierra/Desktop/freertos-pico/FreeRTOS-Kernel/portable/MemMang/heap_4.c.obj

.debug_frame    0x0000000000000000       0x28
 .debug_frame   0x0000000000000000       0x28 /usr/local/Cellar/arm-none-eabi-gcc/10.3-2021.07/gcc/bin/../lib/gcc/arm-none-eabi/10.3.1/../../../../arm-none-eabi/lib/thumb/v6-m/nofp/libc.a(lib_a-strlen-stub.o)
