Archive member included to satisfy reference by file (symbol)

/usr/local/Cellar/arm-none-eabi-gcc/10.3-2021.07/gcc/bin/../lib/gcc/arm-none-eabi/10.3.1/thumb/v6-m/nofp/libgcc.a(_dvmd_tls.o)
                              CMakeFiles/blink.dir/Users/daniel.sierra/Desktop/pico-sdk/src/rp2_common/pico_divider/divider.S.obj (__aeabi_idiv0)
/usr/local/Cellar/arm-none-eabi-gcc/10.3-2021.07/gcc/bin/../lib/gcc/arm-none-eabi/10.3.1/../../../../arm-none-eabi/lib/thumb/v6-m/nofp/libg.a(lib_a-calloc.o)
                              CMakeFiles/blink.dir/Users/daniel.sierra/Desktop/pico-sdk/src/rp2_common/pico_malloc/pico_malloc.c.obj (calloc)
/usr/local/Cellar/arm-none-eabi-gcc/10.3-2021.07/gcc/bin/../lib/gcc/arm-none-eabi/10.3.1/../../../../arm-none-eabi/lib/thumb/v6-m/nofp/libg.a(lib_a-callocr.o)
                              /usr/local/Cellar/arm-none-eabi-gcc/10.3-2021.07/gcc/bin/../lib/gcc/arm-none-eabi/10.3.1/../../../../arm-none-eabi/lib/thumb/v6-m/nofp/libg.a(lib_a-calloc.o) (_calloc_r)
/usr/local/Cellar/arm-none-eabi-gcc/10.3-2021.07/gcc/bin/../lib/gcc/arm-none-eabi/10.3.1/../../../../arm-none-eabi/lib/thumb/v6-m/nofp/libg.a(lib_a-errno.o)
                              /usr/local/Cellar/arm-none-eabi-gcc/10.3-2021.07/gcc/bin/../lib/gcc/arm-none-eabi/10.3.1/../../../../arm-none-eabi/lib/thumb/v6-m/nofp/libg.a(lib_a-callocr.o) (__errno)
/usr/local/Cellar/arm-none-eabi-gcc/10.3-2021.07/gcc/bin/../lib/gcc/arm-none-eabi/10.3.1/../../../../arm-none-eabi/lib/thumb/v6-m/nofp/libg.a(lib_a-impure.o)
                              /usr/local/Cellar/arm-none-eabi-gcc/10.3-2021.07/gcc/bin/../lib/gcc/arm-none-eabi/10.3.1/../../../../arm-none-eabi/lib/thumb/v6-m/nofp/libg.a(lib_a-calloc.o) (_impure_ptr)
/usr/local/Cellar/arm-none-eabi-gcc/10.3-2021.07/gcc/bin/../lib/gcc/arm-none-eabi/10.3.1/../../../../arm-none-eabi/lib/thumb/v6-m/nofp/libg.a(lib_a-init.o)
                              /usr/local/Cellar/arm-none-eabi-gcc/10.3-2021.07/gcc/bin/../lib/gcc/arm-none-eabi/10.3.1/../../../../arm-none-eabi/lib/thumb/v6-m/nofp/crt0.o (__libc_init_array)
/usr/local/Cellar/arm-none-eabi-gcc/10.3-2021.07/gcc/bin/../lib/gcc/arm-none-eabi/10.3.1/../../../../arm-none-eabi/lib/thumb/v6-m/nofp/libg.a(lib_a-malloc.o)
                              CMakeFiles/blink.dir/Users/daniel.sierra/Desktop/pico-sdk/src/rp2_common/pico_malloc/pico_malloc.c.obj (malloc)
/usr/local/Cellar/arm-none-eabi-gcc/10.3-2021.07/gcc/bin/../lib/gcc/arm-none-eabi/10.3.1/../../../../arm-none-eabi/lib/thumb/v6-m/nofp/libg.a(lib_a-mallocr.o)
                              /usr/local/Cellar/arm-none-eabi-gcc/10.3-2021.07/gcc/bin/../lib/gcc/arm-none-eabi/10.3.1/../../../../arm-none-eabi/lib/thumb/v6-m/nofp/libg.a(lib_a-callocr.o) (_malloc_r)
/usr/local/Cellar/arm-none-eabi-gcc/10.3-2021.07/gcc/bin/../lib/gcc/arm-none-eabi/10.3.1/../../../../arm-none-eabi/lib/thumb/v6-m/nofp/libg.a(lib_a-mlock.o)
                              /usr/local/Cellar/arm-none-eabi-gcc/10.3-2021.07/gcc/bin/../lib/gcc/arm-none-eabi/10.3.1/../../../../arm-none-eabi/lib/thumb/v6-m/nofp/libg.a(lib_a-mallocr.o) (__malloc_lock)
/usr/local/Cellar/arm-none-eabi-gcc/10.3-2021.07/gcc/bin/../lib/gcc/arm-none-eabi/10.3.1/../../../../arm-none-eabi/lib/thumb/v6-m/nofp/libg.a(lib_a-realloc.o)
                              CMakeFiles/blink.dir/Users/daniel.sierra/Desktop/pico-sdk/src/rp2_common/pico_malloc/pico_malloc.c.obj (realloc)
/usr/local/Cellar/arm-none-eabi-gcc/10.3-2021.07/gcc/bin/../lib/gcc/arm-none-eabi/10.3.1/../../../../arm-none-eabi/lib/thumb/v6-m/nofp/libg.a(lib_a-reallocr.o)
                              /usr/local/Cellar/arm-none-eabi-gcc/10.3-2021.07/gcc/bin/../lib/gcc/arm-none-eabi/10.3.1/../../../../arm-none-eabi/lib/thumb/v6-m/nofp/libg.a(lib_a-realloc.o) (_realloc_r)
/usr/local/Cellar/arm-none-eabi-gcc/10.3-2021.07/gcc/bin/../lib/gcc/arm-none-eabi/10.3.1/../../../../arm-none-eabi/lib/thumb/v6-m/nofp/libg.a(lib_a-sbrkr.o)
                              /usr/local/Cellar/arm-none-eabi-gcc/10.3-2021.07/gcc/bin/../lib/gcc/arm-none-eabi/10.3.1/../../../../arm-none-eabi/lib/thumb/v6-m/nofp/libg.a(lib_a-mallocr.o) (_sbrk_r)
/usr/local/Cellar/arm-none-eabi-gcc/10.3-2021.07/gcc/bin/../lib/gcc/arm-none-eabi/10.3.1/../../../../arm-none-eabi/lib/thumb/v6-m/nofp/libg.a(lib_a-strlen-stub.o)
                              CMakeFiles/blink.dir/Users/daniel.sierra/Desktop/pico-sdk/src/rp2_common/pico_stdio/stdio.c.obj (strlen)
/usr/local/Cellar/arm-none-eabi-gcc/10.3-2021.07/gcc/bin/../lib/gcc/arm-none-eabi/10.3.1/../../../../arm-none-eabi/lib/thumb/v6-m/nofp/libg.a(lib_a-freer.o)
                              /usr/local/Cellar/arm-none-eabi-gcc/10.3-2021.07/gcc/bin/../lib/gcc/arm-none-eabi/10.3.1/../../../../arm-none-eabi/lib/thumb/v6-m/nofp/libg.a(lib_a-malloc.o) (_free_r)
/usr/local/Cellar/arm-none-eabi-gcc/10.3-2021.07/gcc/bin/../lib/gcc/arm-none-eabi/10.3.1/../../../../arm-none-eabi/lib/thumb/v6-m/nofp/libg.a(lib_a-lock.o)
[...]
Memory Configuration

Name             Origin             Length             Attributes
FLASH            0x0000000010000000 0x0000000000200000 xr
RAM              0x0000000020000000 0x0000000000040000 xrw
SCRATCH_X        0x0000000020040000 0x0000000000001000 xrw
SCRATCH_Y        0x0000000020041000 0x0000000000001000 xrw
*default*        0x0000000000000000 0xffffffffffffffff

Linker script and memory map

LOAD /usr/local/Cellar/arm-none-eabi-gcc/10.3-2021.07/gcc/bin/../lib/gcc/arm-none-eabi/10.3.1/thumb/v6-m/nofp/crti.o
LOAD /usr/local/Cellar/arm-none-eabi-gcc/10.3-2021.07/gcc/bin/../lib/gcc/arm-none-eabi/10.3.1/thumb/v6-m/nofp/crtbegin.o
LOAD /usr/local/Cellar/arm-none-eabi-gcc/10.3-2021.07/gcc/bin/../lib/gcc/arm-none-eabi/10.3.1/../../../../arm-none-eabi/lib/thumb/v6-m/nofp/crt0.o

.flash_begin    0x0000000010000000        0x0
                0x0000000010000000                __flash_binary_start = .

.boot2          0x0000000010000000      0x100
                0x0000000010000000                __boot2_start__ = .
 *(.boot2)
 .boot2         0x0000000010000000      0x100 /var/folders/m8/0vkhrb2d79q5vj59ddsmwqxmj03f_3/T//ccNZcsmC.o
                0x0000000010000100                __boot2_end__ = .
                0x0000000000000001                ASSERT (((__boot2_end__ - __boot2_start__) == 0x100), ERROR: Pico second stage bootloader must be 256 bytes in size)

.text           0x0000000010000100     0x7160
                0x0000000010000100                __logical_binary_start = .
 *(.vectors)
 .vectors       0x0000000010000100       0xd4 CMakeFiles/blink.dir/Users/daniel.sierra/Desktop/pico-sdk/src/rp2_common/pico_standard_link/crt0.S.obj
                0x0000000010000100                __VECTOR_TABLE
                0x0000000010000100                __vectors
                0x00000000100001c0                __default_isrs_start
                0x00000000100001c0                isr_invalid
                0x00000000100001c2                isr_nmi
                0x00000000100001c4                isr_hardfault
                0x00000000100001c6                isr_svcall
                0x00000000100001c8                isr_pendsv
                0x00000000100001ca                isr_systick
                0x00000000100001cc                isr_irq28
                0x00000000100001cc                isr_irq19
                0x00000000100001cc                isr_irq0
                0x00000000100001cc                isr_irq6
                0x00000000100001cc                isr_irq22
                0x00000000100001cc                isr_irq17
                0x00000000100001cc                isr_irq14
                0x00000000100001cc                isr_irq2
                0x00000000100001cc                isr_irq10
                0x00000000100001cc                isr_irq8
                0x00000000100001cc                isr_irq24
                0x00000000100001cc                isr_irq1
                0x00000000100001cc                isr_irq7
                0x00000000100001cc                isr_irq21
                0x00000000100001cc                isr_irq20
                0x00000000100001cc                isr_irq15
                0x00000000100001cc                isr_irq25
                0x00000000100001cc                isr_irq4
                0x00000000100001cc                isr_irq16
                0x00000000100001cc                isr_irq29
                0x00000000100001cc                isr_irq26
                0x00000000100001cc                __default_isrs_end
                0x00000000100001cc                isr_irq3
                0x00000000100001cc                isr_irq9
                0x00000000100001cc                __unhandled_user_irq
                0x00000000100001cc                isr_irq13
                0x00000000100001cc                isr_irq27
                0x00000000100001cc                isr_irq31
                0x00000000100001cc                isr_irq5
                0x00000000100001cc                isr_irq11
                0x00000000100001cc                isr_irq23
                0x00000000100001cc                isr_irq18
                0x00000000100001cc                isr_irq30
                0x00000000100001cc                isr_irq12
                0x00000000100001d2                unhandled_user_irq_num_in_r0
 *(.binary_info_header)
 .binary_info_header
                0x00000000100001d4       0x14 CMakeFiles/blink.dir/Users/daniel.sierra/Desktop/pico-sdk/src/rp2_common/pico_standard_link/crt0.S.obj
                0x00000000100001e8                __binary_info_header_end = .
 *(.reset)
 .reset         0x00000000100001e8       0xa0 CMakeFiles/blink.dir/Users/daniel.sierra/Desktop/pico-sdk/src/rp2_common/pico_standard_link/crt0.S.obj
                0x00000000100001e8                _entry_point
 .reset         0x0000000010000288       0x30 CMakeFiles/blink.dir/Users/daniel.sierra/Desktop/pico-sdk/src/rp2_common/pico_standard_link/binary_info.c.obj
 *(.init)
 .init          0x00000000100002b8        0x4 /usr/local/Cellar/arm-none-eabi-gcc/10.3-2021.07/gcc/bin/../lib/gcc/arm-none-eabi/10.3.1/thumb/v6-m/nofp/crti.o
                0x00000000100002b8                _init
 *(EXCLUDE_FILE(*libm.a: *libc.a:*lib_a-mem*.o *libgcc.a:) .text*)
 .text          0x00000000100002bc       0x48 /usr/local/Cellar/arm-none-eabi-gcc/10.3-2021.07/gcc/bin/../lib/gcc/arm-none-eabi/10.3.1/thumb/v6-m/nofp/crtbegin.o
 .text.vBlinkTask
                0x0000000010000304       0x20 CMakeFiles/blink.dir/main.c.obj
                0x0000000010000304                vBlinkTask
 .text.main     0x0000000010000324       0x38 CMakeFiles/blink.dir/main.c.obj
                0x0000000010000324                main
 .text.gpio_set_function
                0x000000001000035c       0x30 CMakeFiles/blink.dir/Users/daniel.sierra/Desktop/pico-sdk/src/rp2_common/hardware_gpio/gpio.c.obj
                0x000000001000035c                gpio_set_function
 .text.gpio_init
                0x000000001000038c       0x16 CMakeFiles/blink.dir/Users/daniel.sierra/Desktop/pico-sdk/src/rp2_common/hardware_gpio/gpio.c.obj
                0x000000001000038c                gpio_init
 *fill*         0x00000000100003a2        0x2 
 .text.running_on_fpga
                0x00000000100003a4       0x14 CMakeFiles/blink.dir/Users/daniel.sierra/Desktop/pico-sdk/src/rp2_common/pico_platform/platform.c.obj
                0x00000000100003a4                running_on_fpga
 .text.hw_claim_lock
                0x00000000100003b8       0x18 CMakeFiles/blink.dir/Users/daniel.sierra/Desktop/pico-sdk/src/rp2_common/hardware_claim/claim.c.obj
                0x00000000100003b8                hw_claim_lock
 .text.hw_claim_unlock
                0x00000000100003d0       0x14 CMakeFiles/blink.dir/Users/daniel.sierra/Desktop/pico-sdk/src/rp2_common/hardware_claim/claim.c.obj
                0x00000000100003d0                hw_claim_unlock
 .text.hw_claim_or_assert
                0x00000000100003e4       0x32 CMakeFiles/blink.dir/Users/daniel.sierra/Desktop/pico-sdk/src/rp2_common/hardware_claim/claim.c.obj
                0x00000000100003e4                hw_claim_or_assert
 *fill*         0x0000000010000416        0x2 
 .text.spin_locks_reset
                0x0000000010000418       0x20 CMakeFiles/blink.dir/Users/daniel.sierra/Desktop/pico-sdk/src/rp2_common/hardware_sync/sync.c.obj
                0x0000000010000418                spin_locks_reset
 .text.next_striped_spin_lock_num
                0x0000000010000438       0x1c CMakeFiles/blink.dir/Users/daniel.sierra/Desktop/pico-sdk/src/rp2_common/hardware_sync/sync.c.obj
                0x0000000010000438                next_striped_spin_lock_num
 .text.spin_lock_claim
                0x0000000010000454       0x18 CMakeFiles/blink.dir/Users/daniel.sierra/Desktop/pico-sdk/src/rp2_common/hardware_sync/sync.c.obj
                0x0000000010000454                spin_lock_claim
 .text.set_raw_irq_handler_and_unlock
                0x000000001000046c       0x28 CMakeFiles/blink.dir/Users/daniel.sierra/Desktop/pico-sdk/src/rp2_common/hardware_irq/irq.c.obj
 .text.make_branch
                0x0000000010000494       0x48 CMakeFiles/blink.dir/Users/daniel.sierra/Desktop/pico-sdk/src/rp2_common/hardware_irq/irq.c.obj
 .text.insert_branch_and_link
                0x00000000100004dc       0x40 CMakeFiles/blink.dir/Users/daniel.sierra/Desktop/pico-sdk/src/rp2_common/hardware_irq/irq.c.obj
 .text.irq_is_enabled
                0x000000001000051c       0x18 CMakeFiles/blink.dir/Users/daniel.sierra/Desktop/pico-sdk/src/rp2_common/hardware_irq/irq.c.obj
                0x000000001000051c                irq_is_enabled
 .text.irq_set_mask_enabled
                0x0000000010000534       0x20 CMakeFiles/blink.dir/Users/daniel.sierra/Desktop/pico-sdk/src/rp2_common/hardware_irq/irq.c.obj
                0x0000000010000534                irq_set_mask_enabled
 .text.irq_set_enabled
                0x0000000010000554        0xe CMakeFiles/blink.dir/Users/daniel.sierra/Desktop/pico-sdk/src/rp2_common/hardware_irq/irq.c.obj
                0x0000000010000554                irq_set_enabled
 *fill*         0x0000000010000562        0x2 
 .text.irq_get_vtable_handler
                0x0000000010000564       0x10 CMakeFiles/blink.dir/Users/daniel.sierra/Desktop/pico-sdk/src/rp2_common/hardware_irq/irq.c.obj
                0x0000000010000564                irq_get_vtable_handler
 .text.irq_set_exclusive_handler
                0x0000000010000574       0x54 CMakeFiles/blink.dir/Users/daniel.sierra/Desktop/pico-sdk/src/rp2_common/hardware_irq/irq.c.obj
                0x0000000010000574                irq_set_exclusive_handler
 .text.irq_remove_handler
                0x00000000100005c8      0x1ac CMakeFiles/blink.dir/Users/daniel.sierra/Desktop/pico-sdk/src/rp2_common/hardware_irq/irq.c.obj
                0x00000000100005c8                irq_remove_handler
 .text.irq_set_priority
                0x0000000010000774       0x28 CMakeFiles/blink.dir/Users/daniel.sierra/Desktop/pico-sdk/src/rp2_common/hardware_irq/irq.c.obj
                0x0000000010000774                irq_set_priority
 .text.irq_add_tail_to_free_list
                0x000000001000079c       0xf0 CMakeFiles/blink.dir/Users/daniel.sierra/Desktop/pico-sdk/src/rp2_common/hardware_irq/irq.c.obj
                0x000000001000079c                irq_add_tail_to_free_list
 .text.irq_init_priorities
                0x000000001000088c       0x1c CMakeFiles/blink.dir/Users/daniel.sierra/Desktop/pico-sdk/src/rp2_common/hardware_irq/irq.c.obj
                0x000000001000088c                irq_init_priorities
 .text.lock_init
                0x00000000100008a8       0x10 CMakeFiles/blink.dir/Users/daniel.sierra/Desktop/pico-sdk/src/common/pico_sync/lock_core.c.obj
                0x00000000100008a8                lock_init
 .text.mutex_init
                0x00000000100008b8       0x1c CMakeFiles/blink.dir/Users/daniel.sierra/Desktop/pico-sdk/src/common/pico_sync/mutex.c.obj
                0x00000000100008b8                mutex_init
 .text.recursive_mutex_init
                0x00000000100008d4       0x20 CMakeFiles/blink.dir/Users/daniel.sierra/Desktop/pico-sdk/src/common/pico_sync/mutex.c.obj
                0x00000000100008d4                recursive_mutex_init
 .text.alarm_pool_post_alloc_init
                0x00000000100008f4       0x40 CMakeFiles/blink.dir/Users/daniel.sierra/Desktop/pico-sdk/src/common/pico_time/time.c.obj
 .text.sleep_until_callback
                0x0000000010000934       0x28 CMakeFiles/blink.dir/Users/daniel.sierra/Desktop/pico-sdk/src/common/pico_time/time.c.obj
 .text.timer_pool_entry_comparator
                0x000000001000095c       0x7c CMakeFiles/blink.dir/Users/daniel.sierra/Desktop/pico-sdk/src/common/pico_time/time.c.obj
                0x000000001000095c                timer_pool_entry_comparator
 .text.ph_add_child_node
                0x00000000100009d8       0xa4 CMakeFiles/blink.dir/Users/daniel.sierra/Desktop/pico-sdk/src/common/pico_time/time.c.obj
 .text.ph_merge_nodes
                0x0000000010000a7c       0x3e CMakeFiles/blink.dir/Users/daniel.sierra/Desktop/pico-sdk/src/common/pico_time/time.c.obj
 *fill*         0x0000000010000aba        0x2 
 .text.add_alarm_under_lock
                0x0000000010000abc      0x174 CMakeFiles/blink.dir/Users/daniel.sierra/Desktop/pico-sdk/src/common/pico_time/time.c.obj
 .text.alarm_pool_alarm_callback
                0x0000000010000c30      0x33c CMakeFiles/blink.dir/Users/daniel.sierra/Desktop/pico-sdk/src/common/pico_time/time.c.obj
 .text.alarm_pool_init_default
                0x0000000010000f6c       0x40 CMakeFiles/blink.dir/Users/daniel.sierra/Desktop/pico-sdk/src/common/pico_time/time.c.obj
                0x0000000010000f6c                alarm_pool_init_default
 .text.alarm_pool_get_default
                0x0000000010000fac       0x2c CMakeFiles/blink.dir/Users/daniel.sierra/Desktop/pico-sdk/src/common/pico_time/time.c.obj
                0x0000000010000fac                alarm_pool_get_default
 .text.alarm_pool_add_alarm_at
                0x0000000010000fd8      0x168 CMakeFiles/blink.dir/Users/daniel.sierra/Desktop/pico-sdk/src/common/pico_time/time.c.obj
                0x0000000010000fd8                alarm_pool_add_alarm_at
 .text.alarm_pool_cancel_alarm
                0x0000000010001140       0xf0 CMakeFiles/blink.dir/Users/daniel.sierra/Desktop/pico-sdk/src/common/pico_time/time.c.obj
                0x0000000010001140                alarm_pool_cancel_alarm
 .text.best_effort_wfe_or_timeout
                0x0000000010001230       0xac CMakeFiles/blink.dir/Users/daniel.sierra/Desktop/pico-sdk/src/common/pico_time/time.c.obj
                0x0000000010001230                best_effort_wfe_or_timeout
 .text.hardware_alarm_irq_handler
                0x00000000100012dc       0x90 CMakeFiles/blink.dir/Users/daniel.sierra/Desktop/pico-sdk/src/rp2_common/hardware_timer/timer.c.obj
 .text.hardware_alarm_claim
                0x000000001000136c       0x18 CMakeFiles/blink.dir/Users/daniel.sierra/Desktop/pico-sdk/src/rp2_common/hardware_timer/timer.c.obj
                0x000000001000136c                hardware_alarm_claim
 .text.time_us_64
                0x0000000010001384       0x18 CMakeFiles/blink.dir/Users/daniel.sierra/Desktop/pico-sdk/src/rp2_common/hardware_timer/timer.c.obj
                0x0000000010001384                time_us_64
 .text.hardware_alarm_set_callback
                0x000000001000139c       0x90 CMakeFiles/blink.dir/Users/daniel.sierra/Desktop/pico-sdk/src/rp2_common/hardware_timer/timer.c.obj
                0x000000001000139c                hardware_alarm_set_callback
 .text.hardware_alarm_set_target
                0x000000001000142c       0xe8 CMakeFiles/blink.dir/Users/daniel.sierra/Desktop/pico-sdk/src/rp2_common/hardware_timer/timer.c.obj
                0x000000001000142c                hardware_alarm_set_target
 .text.hardware_alarm_cancel
                0x0000000010001514       0x40 CMakeFiles/blink.dir/Users/daniel.sierra/Desktop/pico-sdk/src/rp2_common/hardware_timer/timer.c.obj
                0x0000000010001514                hardware_alarm_cancel
 .text.ph_add_child_node
                0x0000000010001554       0xa4 CMakeFiles/blink.dir/Users/daniel.sierra/Desktop/pico-sdk/src/common/pico_util/pheap.c.obj
 .text.ph_merge_nodes
                0x00000000100015f8       0x3e CMakeFiles/blink.dir/Users/daniel.sierra/Desktop/pico-sdk/src/common/pico_util/pheap.c.obj
 *fill*         0x0000000010001636        0x2 
 .text.ph_clear
                0x0000000010001638       0x70 CMakeFiles/blink.dir/Users/daniel.sierra/Desktop/pico-sdk/src/common/pico_util/pheap.c.obj
                0x0000000010001638                ph_clear
 .text.ph_post_alloc_init
                0x00000000100016a8        0xe CMakeFiles/blink.dir/Users/daniel.sierra/Desktop/pico-sdk/src/common/pico_util/pheap.c.obj
                0x00000000100016a8                ph_post_alloc_init
 *fill*         0x00000000100016b6        0x2 
 .text.ph_merge_two_pass
                0x00000000100016b8       0xa8 CMakeFiles/blink.dir/Users/daniel.sierra/Desktop/pico-sdk/src/common/pico_util/pheap.c.obj
                0x00000000100016b8                ph_merge_two_pass
 .text.ph_remove_any_head
                0x0000000010001760      0x128 CMakeFiles/blink.dir/Users/daniel.sierra/Desktop/pico-sdk/src/common/pico_util/pheap.c.obj
 .text.ph_remove_head
                0x0000000010001888       0x14 CMakeFiles/blink.dir/Users/daniel.sierra/Desktop/pico-sdk/src/common/pico_util/pheap.c.obj
                0x0000000010001888                ph_remove_head
 .text.ph_remove_and_free_node
                0x000000001000189c       0xf8 CMakeFiles/blink.dir/Users/daniel.sierra/Desktop/pico-sdk/src/common/pico_util/pheap.c.obj
                0x000000001000189c                ph_remove_and_free_node
 .text.clock_configure
                0x0000000010001994      0x104 CMakeFiles/blink.dir/Users/daniel.sierra/Desktop/pico-sdk/src/rp2_common/hardware_clocks/clocks.c.obj
                0x0000000010001994                clock_configure
 .text.clocks_init
                0x0000000010001a98      0x100 CMakeFiles/blink.dir/Users/daniel.sierra/Desktop/pico-sdk/src/rp2_common/hardware_clocks/clocks.c.obj
                0x0000000010001a98                clocks_init
 .text.clock_get_hz
                0x0000000010001b98        0xc CMakeFiles/blink.dir/Users/daniel.sierra/Desktop/pico-sdk/src/rp2_common/hardware_clocks/clocks.c.obj
                0x0000000010001b98                clock_get_hz
 .text.pll_init
                0x0000000010001ba4      0x12c CMakeFiles/blink.dir/Users/daniel.sierra/Desktop/pico-sdk/src/rp2_common/hardware_pll/pll.c.obj
                0x0000000010001ba4                pll_init
 .text.watchdog_start_tick
                0x0000000010001cd0       0x10 CMakeFiles/blink.dir/Users/daniel.sierra/Desktop/pico-sdk/src/rp2_common/hardware_watchdog/watchdog.c.obj
                0x0000000010001cd0                watchdog_start_tick
 .text.xosc_init
                0x0000000010001ce0       0x28 CMakeFiles/blink.dir/Users/daniel.sierra/Desktop/pico-sdk/src/rp2_common/hardware_xosc/xosc.c.obj
                0x0000000010001ce0                xosc_init
 .text._exit    0x0000000010001d08        0x4 CMakeFiles/blink.dir/Users/daniel.sierra/Desktop/pico-sdk/src/rp2_common/pico_runtime/runtime.c.obj
                0x0000000010001d08                _exit
 .text.exit     0x0000000010001d0c        0x6 CMakeFiles/blink.dir/Users/daniel.sierra/Desktop/pico-sdk/src/rp2_common/pico_runtime/runtime.c.obj
                0x0000000010001d0c                exit
 *fill*         0x0000000010001d12        0x2 
 .text.__assert_func
                0x0000000010001d14       0x3c CMakeFiles/blink.dir/Users/daniel.sierra/Desktop/pico-sdk/src/rp2_common/pico_runtime/runtime.c.obj
                0x0000000010001d14                __assert_func
 .text.runtime_init
                0x0000000010001d50       0xf8 CMakeFiles/blink.dir/Users/daniel.sierra/Desktop/pico-sdk/src/rp2_common/pico_runtime/runtime.c.obj
                0x0000000010001d50                runtime_init
 .text.panic    0x0000000010001e48       0x30 CMakeFiles/blink.dir/Users/daniel.sierra/Desktop/pico-sdk/src/rp2_common/pico_runtime/runtime.c.obj
                0x0000000010001e48                panic
 .text.panic_unsupported
                0x0000000010001e78        0xc CMakeFiles/blink.dir/Users/daniel.sierra/Desktop/pico-sdk/src/rp2_common/pico_runtime/runtime.c.obj
                0x0000000010001e78                panic_unsupported
 .text._out_null
                0x0000000010001e84        0x2 CMakeFiles/blink.dir/Users/daniel.sierra/Desktop/pico-sdk/src/rp2_common/pico_printf/printf.c.obj
 .text._out_fct
                0x0000000010001e86        0xe CMakeFiles/blink.dir/Users/daniel.sierra/Desktop/pico-sdk/src/rp2_common/pico_printf/printf.c.obj
 .text._atoi    0x0000000010001e94       0x24 CMakeFiles/blink.dir/Users/daniel.sierra/Desktop/pico-sdk/src/rp2_common/pico_printf/printf.c.obj
 .text._out_rev
                0x0000000010001eb8       0xae CMakeFiles/blink.dir/Users/daniel.sierra/Desktop/pico-sdk/src/rp2_common/pico_printf/printf.c.obj
 .text._ntoa_format
                0x0000000010001f66      0x112 CMakeFiles/blink.dir/Users/daniel.sierra/Desktop/pico-sdk/src/rp2_common/pico_printf/printf.c.obj
 .text._ntoa_long
                0x0000000010002078       0xbc CMakeFiles/blink.dir/Users/daniel.sierra/Desktop/pico-sdk/src/rp2_common/pico_printf/printf.c.obj
 .text._ntoa_long_long
                0x0000000010002134       0xe2 CMakeFiles/blink.dir/Users/daniel.sierra/Desktop/pico-sdk/src/rp2_common/pico_printf/printf.c.obj
 *fill*         0x0000000010002216        0x2 
 .text._etoa    0x0000000010002218      0x414 CMakeFiles/blink.dir/Users/daniel.sierra/Desktop/pico-sdk/src/rp2_common/pico_printf/printf.c.obj
 .text._ftoa    0x000000001000262c      0x354 CMakeFiles/blink.dir/Users/daniel.sierra/Desktop/pico-sdk/src/rp2_common/pico_printf/printf.c.obj
 .text._vsnprintf
                0x0000000010002980      0x624 CMakeFiles/blink.dir/Users/daniel.sierra/Desktop/pico-sdk/src/rp2_common/pico_printf/printf.c.obj
 .text.vfctprintf
                0x0000000010002fa4       0x20 CMakeFiles/blink.dir/Users/daniel.sierra/Desktop/pico-sdk/src/rp2_common/pico_printf/printf.c.obj
                0x0000000010002fa4                vfctprintf
 .text          0x0000000010002fc4       0x10 CMakeFiles/blink.dir/Users/daniel.sierra/Desktop/pico-sdk/src/rp2_common/pico_bit_ops/bit_ops_aeabi.S.obj
 .text.clzsi    0x0000000010002fd4        0xc CMakeFiles/blink.dir/Users/daniel.sierra/Desktop/pico-sdk/src/rp2_common/pico_bit_ops/bit_ops_aeabi.S.obj
                0x0000000010002fd4                __wrap___clz
                0x0000000010002fd4                __wrap___clzsi2
                0x0000000010002fd4                __wrap___clzl
 .text.rom_func_lookup
                0x0000000010002fe0       0x10 CMakeFiles/blink.dir/Users/daniel.sierra/Desktop/pico-sdk/src/rp2_common/pico_bootrom/bootrom.c.obj
                0x0000000010002fe0                rom_func_lookup
 .text.rom_data_lookup
                0x0000000010002ff0       0x10 CMakeFiles/blink.dir/Users/daniel.sierra/Desktop/pico-sdk/src/rp2_common/pico_bootrom/bootrom.c.obj
                0x0000000010002ff0                rom_data_lookup
 .text.rom_funcs_lookup
                0x0000000010003000       0x36 CMakeFiles/blink.dir/Users/daniel.sierra/Desktop/pico-sdk/src/rp2_common/pico_bootrom/bootrom.c.obj
                0x0000000010003000                rom_funcs_lookup
 *fill*         0x0000000010003036        0x2 
 .text.__wrap___aeabi_idiv
                0x0000000010003038       0x50 CMakeFiles/blink.dir/Users/daniel.sierra/Desktop/pico-sdk/src/rp2_common/pico_divider/divider.S.obj
                0x0000000010003038                __wrap___aeabi_idivmod
                0x0000000010003038                divmod_s32s32
                0x0000000010003038                div_s32s32
                0x0000000010003038                __wrap___aeabi_idiv
                0x0000000010003040                divmod_s32s32_unsafe
                0x000000001000306c                divmod_s32s32_savestate
 .text.__wrap___aeabi_uidiv
                0x0000000010003088       0x4c CMakeFiles/blink.dir/Users/daniel.sierra/Desktop/pico-sdk/src/rp2_common/pico_divider/divider.S.obj
                0x0000000010003088                __wrap___aeabi_uidiv
                0x0000000010003088                __wrap___aeabi_uidivmod
                0x0000000010003088                div_u32u32
                0x0000000010003088                divmod_u32u32
                0x0000000010003090                divmod_u32u32_unsafe
                0x00000000100030b8                divmod_u32u32_savestate
 .text.__wrap___aeabi_ldiv
                0x00000000100030d4      0x424 CMakeFiles/blink.dir/Users/daniel.sierra/Desktop/pico-sdk/src/rp2_common/pico_divider/divider.S.obj
                0x00000000100030d4                __wrap___aeabi_ldivmod
                0x00000000100030d4                div_s64s64
                0x00000000100030d4                divmod_s64s64
                0x0000000010003104                divmod_u64u64
                0x0000000010003104                div_u64u64
                0x0000000010003104                __wrap___aeabi_uldivmod
                0x0000000010003114                divmod_u64u64_savestate
                0x0000000010003134                divmod_s64s64_unsafe
                0x00000000100031bc                divmod_u64u64_unsafe
 .text.__wrap___aeabi_darithmetic
                0x00000000100034f8       0x80 CMakeFiles/blink.dir/Users/daniel.sierra/Desktop/pico-sdk/src/rp2_common/pico_double/double_aeabi.S.obj
                0x00000000100034f8                __wrap___aeabi_drsub
                0x00000000100034fe                __wrap___aeabi_dsub
                0x0000000010003510                __wrap___aeabi_dadd
                0x0000000010003522                __wrap___aeabi_ddiv
                0x000000001000355e                __wrap___aeabi_dmul
 .text.__wrap___aeabi_cdcmple
                0x0000000010003578       0x6c CMakeFiles/blink.dir/Users/daniel.sierra/Desktop/pico-sdk/src/rp2_common/pico_double/double_aeabi.S.obj
                0x0000000010003578                __wrap___aeabi_cdrcmple
                0x0000000010003588                __wrap___aeabi_cdcmple
                0x0000000010003588                __wrap___aeabi_cdcmpeq
 .text.__wrap___aeabi_dcmplt
                0x00000000100035e4        0xc CMakeFiles/blink.dir/Users/daniel.sierra/Desktop/pico-sdk/src/rp2_common/pico_double/double_aeabi.S.obj
                0x00000000100035e4                __wrap___aeabi_dcmplt
 .text.__wrap___aeabi_dcmple
                0x00000000100035f0       0x10 CMakeFiles/blink.dir/Users/daniel.sierra/Desktop/pico-sdk/src/rp2_common/pico_double/double_aeabi.S.obj
                0x00000000100035f0                __wrap___aeabi_dcmple
 .text.__wrap___aeabi_dcmpge
                0x0000000010003600       0x10 CMakeFiles/blink.dir/Users/daniel.sierra/Desktop/pico-sdk/src/rp2_common/pico_double/double_aeabi.S.obj
                0x0000000010003600                __wrap___aeabi_dcmpge
 .text.__wrap___aeabi_dcmpgt
                0x0000000010003610        0xa CMakeFiles/blink.dir/Users/daniel.sierra/Desktop/pico-sdk/src/rp2_common/pico_double/double_aeabi.S.obj
                0x0000000010003610                __wrap___aeabi_dcmpgt
 .text.__wrap___aeabi_dcmpun
                0x000000001000361a       0x1c CMakeFiles/blink.dir/Users/daniel.sierra/Desktop/pico-sdk/src/rp2_common/pico_double/double_aeabi.S.obj
                0x000000001000361a                __wrap___aeabi_dcmpun
 *fill*         0x0000000010003636        0x2 
 .text.__wrap___aeabi_i2d
                0x0000000010003638       0x38 CMakeFiles/blink.dir/Users/daniel.sierra/Desktop/pico-sdk/src/rp2_common/pico_double/double_aeabi.S.obj
                0x0000000010003638                __wrap___aeabi_ui2d
                0x0000000010003640                __wrap___aeabi_i2d
 .text.__wrap___aeabi_d2iz
                0x0000000010003670       0x48 CMakeFiles/blink.dir/Users/daniel.sierra/Desktop/pico-sdk/src/rp2_common/pico_double/double_aeabi.S.obj
                0x0000000010003670                __wrap___aeabi_d2iz
                0x0000000010003670                double2int_z
 .text.__wrap___aeabi_d2uiz
                0x00000000100036b8       0x18 CMakeFiles/blink.dir/Users/daniel.sierra/Desktop/pico-sdk/src/rp2_common/pico_double/double_aeabi.S.obj
                0x00000000100036b8                double2uint
                0x00000000100036b8                __wrap___aeabi_d2uiz
 .text.__aeabi_double_init
                0x00000000100036d0       0xc8 CMakeFiles/blink.dir/Users/daniel.sierra/Desktop/pico-sdk/src/rp2_common/pico_double/double_init_rom.c.obj
                0x00000000100036d0                __aeabi_double_init
 .text.double_table_shim_on_use_helper
                0x0000000010003798       0x34 CMakeFiles/blink.dir/Users/daniel.sierra/Desktop/pico-sdk/src/rp2_common/pico_double/double_v1_rom_shim.S.obj
                0x0000000010003798                double_table_shim_on_use_helper
 .text.__wrap___aeabi_dsub
                0x00000000100037cc       0x10 CMakeFiles/blink.dir/Users/daniel.sierra/Desktop/pico-sdk/src/rp2_common/pico_double/double_v1_rom_shim.S.obj
                0x00000000100037cc                drsub_shim
                0x00000000100037d2                dsub_shim
 .text.dadd_shim
                0x00000000100037dc      0x15c CMakeFiles/blink.dir/Users/daniel.sierra/Desktop/pico-sdk/src/rp2_common/pico_double/double_v1_rom_shim.S.obj
                0x00000000100037dc                dadd_shim
 .text.dmul_shim
                0x0000000010003938      0x15c CMakeFiles/blink.dir/Users/daniel.sierra/Desktop/pico-sdk/src/rp2_common/pico_double/double_v1_rom_shim.S.obj
                0x0000000010003938                dmul_shim
 .text.ddiv_shim
                0x0000000010003a94      0x1b0 CMakeFiles/blink.dir/Users/daniel.sierra/Desktop/pico-sdk/src/rp2_common/pico_double/double_v1_rom_shim.S.obj
                0x0000000010003a94                ddiv_shim
 .text.double2uint_shim
                0x0000000010003c44        0xe CMakeFiles/blink.dir/Users/daniel.sierra/Desktop/pico-sdk/src/rp2_common/pico_double/double_v1_rom_shim.S.obj
                0x0000000010003c44                double2uint_shim
                0x0000000010003c46                double2ufix_shim
 *fill*         0x0000000010003c52        0x2 
 .text.double2uint64_shim
                0x0000000010003c54       0x70 CMakeFiles/blink.dir/Users/daniel.sierra/Desktop/pico-sdk/src/rp2_common/pico_double/double_v1_rom_shim.S.obj
                0x0000000010003c54                double2uint64_shim
                0x0000000010003c56                double2ufix64_shim
                0x0000000010003c76                d2fix_a
 .text.dunpacks
                0x0000000010003cc4       0x3c CMakeFiles/blink.dir/Users/daniel.sierra/Desktop/pico-sdk/src/rp2_common/pico_double/double_v1_rom_shim.S.obj
                0x0000000010003cc4                dunpacks
 .text.__aeabi_float_init
                0x0000000010003d00       0xfc CMakeFiles/blink.dir/Users/daniel.sierra/Desktop/pico-sdk/src/rp2_common/pico_float/float_init_rom.c.obj
                0x0000000010003d00                __aeabi_float_init
 .text.float_table_shim_on_use_helper
                0x0000000010003dfc       0x34 CMakeFiles/blink.dir/Users/daniel.sierra/Desktop/pico-sdk/src/rp2_common/pico_float/float_v1_rom_shim.S.obj
                0x0000000010003dfc                float_table_shim_on_use_helper
 .text          0x0000000010003e30       0x10 CMakeFiles/blink.dir/Users/daniel.sierra/Desktop/pico-sdk/src/rp2_common/pico_mem_ops/mem_ops_aeabi.S.obj
                0x0000000010003e30                __aeabi_mem_init
 .text.memset   0x0000000010003e40        0xc CMakeFiles/blink.dir/Users/daniel.sierra/Desktop/pico-sdk/src/rp2_common/pico_mem_ops/mem_ops_aeabi.S.obj
                0x0000000010003e40                __wrap_memset
 .text.memcpy   0x0000000010003e4c        0xc CMakeFiles/blink.dir/Users/daniel.sierra/Desktop/pico-sdk/src/rp2_common/pico_mem_ops/mem_ops_aeabi.S.obj
                0x0000000010003e4c                __wrap___aeabi_memcpy
                0x0000000010003e4c                __wrap_memcpy
 .text.stdio_out_chars_no_crlf
                0x0000000010003e58        0xe CMakeFiles/blink.dir/Users/daniel.sierra/Desktop/pico-sdk/src/rp2_common/pico_stdio/stdio.c.obj
 *fill*         0x0000000010003e66        0x2 
 .text.stdio_out_chars_crlf
                0x0000000010003e68       0x80 CMakeFiles/blink.dir/Users/daniel.sierra/Desktop/pico-sdk/src/rp2_common/pico_stdio/stdio.c.obj
 .text.stdio_stack_buffer_flush
                0x0000000010003ee8       0x44 CMakeFiles/blink.dir/Users/daniel.sierra/Desktop/pico-sdk/src/rp2_common/pico_stdio/stdio.c.obj
 .text.stdio_buffered_printer
                0x0000000010003f2c       0x20 CMakeFiles/blink.dir/Users/daniel.sierra/Desktop/pico-sdk/src/rp2_common/pico_stdio/stdio.c.obj
 .text.stdout_serialize_begin
                0x0000000010003f4c       0x5c CMakeFiles/blink.dir/Users/daniel.sierra/Desktop/pico-sdk/src/rp2_common/pico_stdio/stdio.c.obj
                0x0000000010003f4c                stdout_serialize_begin
 .text.stdout_serialize_end
                0x0000000010003fa8       0x10 CMakeFiles/blink.dir/Users/daniel.sierra/Desktop/pico-sdk/src/rp2_common/pico_stdio/stdio.c.obj
                0x0000000010003fa8                stdout_serialize_end
 .text.stdio_put_string
                0x0000000010003fb8       0x98 CMakeFiles/blink.dir/Users/daniel.sierra/Desktop/pico-sdk/src/rp2_common/pico_stdio/stdio.c.obj
 .text.stdio_flush
                0x0000000010004050       0x20 CMakeFiles/blink.dir/Users/daniel.sierra/Desktop/pico-sdk/src/rp2_common/pico_stdio/stdio.c.obj
                0x0000000010004050                stdio_flush
 .text.__wrap_puts
                0x0000000010004070       0x1e CMakeFiles/blink.dir/Users/daniel.sierra/Desktop/pico-sdk/src/rp2_common/pico_stdio/stdio.c.obj
                0x0000000010004070                __wrap_puts
 *fill*         0x000000001000408e        0x2 
 .text.__wrap_vprintf
                0x0000000010004090       0x40 CMakeFiles/blink.dir/Users/daniel.sierra/Desktop/pico-sdk/src/rp2_common/pico_stdio/stdio.c.obj
                0x0000000010004090                __wrap_vprintf
 .text.__wrap_printf
                0x00000000100040d0       0x18 CMakeFiles/blink.dir/Users/daniel.sierra/Desktop/pico-sdk/src/rp2_common/pico_stdio/stdio.c.obj
                0x00000000100040d0                __wrap_printf
 .text.vPortSVCHandler
                0x00000000100040e8        0x2 CMakeFiles/blink.dir/Users/daniel.sierra/Desktop/freertos-pico/FreeRTOS-Kernel/portable/ThirdParty/GCC/RP2040/port.c.obj
                0x00000000100040e8                vPortSVCHandler
 *fill*         0x00000000100040ea        0x6 
 .text.vPortStartFirstTask
                0x00000000100040f0       0x38 CMakeFiles/blink.dir/Users/daniel.sierra/Desktop/freertos-pico/FreeRTOS-Kernel/portable/ThirdParty/GCC/RP2040/port.c.obj
 .text.prvFIFOInterruptHandler
                0x0000000010004128       0x28 CMakeFiles/blink.dir/Users/daniel.sierra/Desktop/freertos-pico/FreeRTOS-Kernel/portable/ThirdParty/GCC/RP2040/port.c.obj
 .text.xPortPendSVHandler
                0x0000000010004150       0x78 CMakeFiles/blink.dir/Users/daniel.sierra/Desktop/freertos-pico/FreeRTOS-Kernel/portable/ThirdParty/GCC/RP2040/port.c.obj
                0x0000000010004150                xPortPendSVHandler
 .text.prvTaskExitError
                0x00000000100041c8        0x6 CMakeFiles/blink.dir/Users/daniel.sierra/Desktop/freertos-pico/FreeRTOS-Kernel/portable/ThirdParty/GCC/RP2040/port.c.obj
 *fill*         0x00000000100041ce        0x2 
 .text.xPortSysTickHandler
                0x00000000100041d0       0x2c CMakeFiles/blink.dir/Users/daniel.sierra/Desktop/freertos-pico/FreeRTOS-Kernel/portable/ThirdParty/GCC/RP2040/port.c.obj
                0x00000000100041d0                xPortSysTickHandler
 .text.prvGetTicksToWaitBefore
                0x00000000100041fc       0x58 CMakeFiles/blink.dir/Users/daniel.sierra/Desktop/freertos-pico/FreeRTOS-Kernel/portable/ThirdParty/GCC/RP2040/port.c.obj
 .text.pxPortInitialiseStack
                0x0000000010004254       0x20 CMakeFiles/blink.dir/Users/daniel.sierra/Desktop/freertos-pico/FreeRTOS-Kernel/portable/ThirdParty/GCC/RP2040/port.c.obj
                0x0000000010004254                pxPortInitialiseStack
 .text.vPortYield
                0x0000000010004274       0x48 CMakeFiles/blink.dir/Users/daniel.sierra/Desktop/freertos-pico/FreeRTOS-Kernel/portable/ThirdParty/GCC/RP2040/port.c.obj
                0x0000000010004274                vPortYield
 .text.vPortEnableInterrupts
                0x00000000100042bc       0x34 CMakeFiles/blink.dir/Users/daniel.sierra/Desktop/freertos-pico/FreeRTOS-Kernel/portable/ThirdParty/GCC/RP2040/port.c.obj
                0x00000000100042bc                vPortEnableInterrupts
 .text.vYieldCore
                0x00000000100042f0       0x30 CMakeFiles/blink.dir/Users/daniel.sierra/Desktop/freertos-pico/FreeRTOS-Kernel/portable/ThirdParty/GCC/RP2040/port.c.obj
                0x00000000100042f0                vYieldCore
 .text.vPortSetupTimerInterrupt
                0x0000000010004320       0x34 CMakeFiles/blink.dir/Users/daniel.sierra/Desktop/freertos-pico/FreeRTOS-Kernel/portable/ThirdParty/GCC/RP2040/port.c.obj
                0x0000000010004320                vPortSetupTimerInterrupt
 .text.xPortStartSchedulerOnCore
                0x0000000010004354       0xac CMakeFiles/blink.dir/Users/daniel.sierra/Desktop/freertos-pico/FreeRTOS-Kernel/portable/ThirdParty/GCC/RP2040/port.c.obj
 .text.xPortStartScheduler
                0x0000000010004400       0x64 CMakeFiles/blink.dir/Users/daniel.sierra/Desktop/freertos-pico/FreeRTOS-Kernel/portable/ThirdParty/GCC/RP2040/port.c.obj
                0x0000000010004400                xPortStartScheduler
 .text.prvDisableInterruptsAndPortStartSchedulerOnCore
                0x0000000010004464        0xc CMakeFiles/blink.dir/Users/daniel.sierra/Desktop/freertos-pico/FreeRTOS-Kernel/portable/ThirdParty/GCC/RP2040/port.c.obj
 .text.ulPortLockGetCurrentOwnerId
                0x0000000010004470       0x30 CMakeFiles/blink.dir/Users/daniel.sierra/Desktop/freertos-pico/FreeRTOS-Kernel/portable/ThirdParty/GCC/RP2040/port.c.obj
                0x0000000010004470                ulPortLockGetCurrentOwnerId
 .text.vPortLockInternalSpinUnlockWithNotify
                0x00000000100044a0       0x88 CMakeFiles/blink.dir/Users/daniel.sierra/Desktop/freertos-pico/FreeRTOS-Kernel/portable/ThirdParty/GCC/RP2040/port.c.obj
                0x00000000100044a0                vPortLockInternalSpinUnlockWithNotify
 .text.xPortLockInternalSpinUnlockWithBestEffortWaitOrTimeout
                0x0000000010004528      0x128 CMakeFiles/blink.dir/Users/daniel.sierra/Desktop/freertos-pico/FreeRTOS-Kernel/portable/ThirdParty/GCC/RP2040/port.c.obj
                0x0000000010004528                xPortLockInternalSpinUnlockWithBestEffortWaitOrTimeout
 .text.prvRuntimeInitializer
                0x0000000010004650       0x10 CMakeFiles/blink.dir/Users/daniel.sierra/Desktop/freertos-pico/FreeRTOS-Kernel/portable/ThirdParty/GCC/RP2040/port.c.obj
 .text.prvTestWaitCondition
                0x0000000010004660       0x1e CMakeFiles/blink.dir/Users/daniel.sierra/Desktop/freertos-pico/FreeRTOS-Kernel/event_groups.c.obj
 .text.xEventGroupCreate
                0x000000001000467e       0x18 CMakeFiles/blink.dir/Users/daniel.sierra/Desktop/freertos-pico/FreeRTOS-Kernel/event_groups.c.obj
                0x000000001000467e                xEventGroupCreate
 *fill*         0x0000000010004696        0x2 
 .text.xEventGroupWaitBits
                0x0000000010004698      0x124 CMakeFiles/blink.dir/Users/daniel.sierra/Desktop/freertos-pico/FreeRTOS-Kernel/event_groups.c.obj
                0x0000000010004698                xEventGroupWaitBits
 .text.xEventGroupSetBits
                0x00000000100047bc       0x98 CMakeFiles/blink.dir/Users/daniel.sierra/Desktop/freertos-pico/FreeRTOS-Kernel/event_groups.c.obj
                0x00000000100047bc                xEventGroupSetBits
 .text.vEventGroupSetBitsCallback
                0x0000000010004854        0x8 CMakeFiles/blink.dir/Users/daniel.sierra/Desktop/freertos-pico/FreeRTOS-Kernel/event_groups.c.obj
                0x0000000010004854                vEventGroupSetBitsCallback
 .text.xEventGroupSetBitsFromISR
                0x000000001000485c       0x14 CMakeFiles/blink.dir/Users/daniel.sierra/Desktop/freertos-pico/FreeRTOS-Kernel/event_groups.c.obj
                0x000000001000485c                xEventGroupSetBitsFromISR
 .text.vListInitialise
                0x0000000010004870       0x16 CMakeFiles/blink.dir/Users/daniel.sierra/Desktop/freertos-pico/FreeRTOS-Kernel/list.c.obj
                0x0000000010004870                vListInitialise
 .text.vListInitialiseItem
                0x0000000010004886        0x6 CMakeFiles/blink.dir/Users/daniel.sierra/Desktop/freertos-pico/FreeRTOS-Kernel/list.c.obj
                0x0000000010004886                vListInitialiseItem
 .text.vListInsertEnd
                0x000000001000488c       0x16 CMakeFiles/blink.dir/Users/daniel.sierra/Desktop/freertos-pico/FreeRTOS-Kernel/list.c.obj
                0x000000001000488c                vListInsertEnd
 .text.vListInsert
                0x00000000100048a2       0x2e CMakeFiles/blink.dir/Users/daniel.sierra/Desktop/freertos-pico/FreeRTOS-Kernel/list.c.obj
                0x00000000100048a2                vListInsert
 .text.uxListRemove
                0x00000000100048d0       0x26 CMakeFiles/blink.dir/Users/daniel.sierra/Desktop/freertos-pico/FreeRTOS-Kernel/list.c.obj
                0x00000000100048d0                uxListRemove
 .text.prvIsQueueFull
                0x00000000100048f6       0x1e CMakeFiles/blink.dir/Users/daniel.sierra/Desktop/freertos-pico/FreeRTOS-Kernel/queue.c.obj
 .text.prvIsQueueEmpty
                0x0000000010004914       0x1c CMakeFiles/blink.dir/Users/daniel.sierra/Desktop/freertos-pico/FreeRTOS-Kernel/queue.c.obj
 .text.prvCopyDataToQueue
                0x0000000010004930       0x82 CMakeFiles/blink.dir/Users/daniel.sierra/Desktop/freertos-pico/FreeRTOS-Kernel/queue.c.obj
 *fill*         0x00000000100049b2        0x2 
 .text.prvNotifyQueueSetContainer
                0x00000000100049b4       0xa0 CMakeFiles/blink.dir/Users/daniel.sierra/Desktop/freertos-pico/FreeRTOS-Kernel/queue.c.obj
 .text.prvCopyDataFromQueue
                0x0000000010004a54       0x24 CMakeFiles/blink.dir/Users/daniel.sierra/Desktop/freertos-pico/FreeRTOS-Kernel/queue.c.obj
 .text.prvUnlockQueue
                0x0000000010004a78       0x88 CMakeFiles/blink.dir/Users/daniel.sierra/Desktop/freertos-pico/FreeRTOS-Kernel/queue.c.obj
 .text.xQueueGenericReset
                0x0000000010004b00       0x84 CMakeFiles/blink.dir/Users/daniel.sierra/Desktop/freertos-pico/FreeRTOS-Kernel/queue.c.obj
                0x0000000010004b00                xQueueGenericReset
 .text.prvInitialiseNewQueue
                0x0000000010004b84       0x26 CMakeFiles/blink.dir/Users/daniel.sierra/Desktop/freertos-pico/FreeRTOS-Kernel/queue.c.obj
 *fill*         0x0000000010004baa        0x2 
 .text.xQueueGenericCreate
                0x0000000010004bac       0x88 CMakeFiles/blink.dir/Users/daniel.sierra/Desktop/freertos-pico/FreeRTOS-Kernel/queue.c.obj
                0x0000000010004bac                xQueueGenericCreate
 .text.xQueueGenericSend
                0x0000000010004c34      0x190 CMakeFiles/blink.dir/Users/daniel.sierra/Desktop/freertos-pico/FreeRTOS-Kernel/queue.c.obj
                0x0000000010004c34                xQueueGenericSend
 .text.xQueueGenericSendFromISR
                0x0000000010004dc4      0x134 CMakeFiles/blink.dir/Users/daniel.sierra/Desktop/freertos-pico/FreeRTOS-Kernel/queue.c.obj
                0x0000000010004dc4                xQueueGenericSendFromISR
 .text.xQueueReceive
                0x0000000010004ef8      0x150 CMakeFiles/blink.dir/Users/daniel.sierra/Desktop/freertos-pico/FreeRTOS-Kernel/queue.c.obj
                0x0000000010004ef8                xQueueReceive
 .text.vQueueAddToRegistry
                0x0000000010005048       0x5c CMakeFiles/blink.dir/Users/daniel.sierra/Desktop/freertos-pico/FreeRTOS-Kernel/queue.c.obj
                0x0000000010005048                vQueueAddToRegistry
 .text.vQueueWaitForMessageRestricted
                0x00000000100050a4       0x50 CMakeFiles/blink.dir/Users/daniel.sierra/Desktop/freertos-pico/FreeRTOS-Kernel/queue.c.obj
                0x00000000100050a4                vQueueWaitForMessageRestricted
 .text.prvGetCurrentYieldPending
                0x00000000100050f4       0x1c CMakeFiles/blink.dir/Users/daniel.sierra/Desktop/freertos-pico/FreeRTOS-Kernel/tasks.c.obj
 .text.prvResetNextTaskUnblockTime
                0x0000000010005110       0x2c CMakeFiles/blink.dir/Users/daniel.sierra/Desktop/freertos-pico/FreeRTOS-Kernel/tasks.c.obj
 .text.prvDeleteTCB
                0x000000001000513c       0x12 CMakeFiles/blink.dir/Users/daniel.sierra/Desktop/freertos-pico/FreeRTOS-Kernel/tasks.c.obj
 *fill*         0x000000001000514e        0x2 
 .text.prvInitialiseNewTask
                0x0000000010005150       0xf8 CMakeFiles/blink.dir/Users/daniel.sierra/Desktop/freertos-pico/FreeRTOS-Kernel/tasks.c.obj
 .text.prvMinimalIdleTask
                0x0000000010005248       0x18 CMakeFiles/blink.dir/Users/daniel.sierra/Desktop/freertos-pico/FreeRTOS-Kernel/tasks.c.obj
 .text.prvInitialiseTaskLists
                0x0000000010005260       0x68 CMakeFiles/blink.dir/Users/daniel.sierra/Desktop/freertos-pico/FreeRTOS-Kernel/tasks.c.obj
 .text.prvYieldCore
                0x00000000100052c8       0x60 CMakeFiles/blink.dir/Users/daniel.sierra/Desktop/freertos-pico/FreeRTOS-Kernel/tasks.c.obj
 .text.prvSelectHighestPriorityTask
                0x0000000010005328      0x22c CMakeFiles/blink.dir/Users/daniel.sierra/Desktop/freertos-pico/FreeRTOS-Kernel/tasks.c.obj
 .text.xTaskGetTickCount
                0x0000000010005554        0xc CMakeFiles/blink.dir/Users/daniel.sierra/Desktop/freertos-pico/FreeRTOS-Kernel/tasks.c.obj
                0x0000000010005554                xTaskGetTickCount
 .text.vTaskInternalSetTimeOutState
                0x0000000010005560       0x18 CMakeFiles/blink.dir/Users/daniel.sierra/Desktop/freertos-pico/FreeRTOS-Kernel/tasks.c.obj
                0x0000000010005560                vTaskInternalSetTimeOutState
 .text.vTaskMissedYield
                0x0000000010005578       0x14 CMakeFiles/blink.dir/Users/daniel.sierra/Desktop/freertos-pico/FreeRTOS-Kernel/tasks.c.obj
                0x0000000010005578                vTaskMissedYield
 .text.xTaskGetCurrentTaskHandle
                0x000000001000558c       0x1c CMakeFiles/blink.dir/Users/daniel.sierra/Desktop/freertos-pico/FreeRTOS-Kernel/tasks.c.obj
                0x000000001000558c                xTaskGetCurrentTaskHandle
 .text.prvYieldForTask
                0x00000000100055a8       0x8c CMakeFiles/blink.dir/Users/daniel.sierra/Desktop/freertos-pico/FreeRTOS-Kernel/tasks.c.obj
 .text.xTaskRemoveFromEventList
                0x0000000010005634       0x98 CMakeFiles/blink.dir/Users/daniel.sierra/Desktop/freertos-pico/FreeRTOS-Kernel/tasks.c.obj
                0x0000000010005634                xTaskRemoveFromEventList
 .text.prvAddCurrentTaskToDelayedList
                0x00000000100056cc       0x8c CMakeFiles/blink.dir/Users/daniel.sierra/Desktop/freertos-pico/FreeRTOS-Kernel/tasks.c.obj
 .text.prvCheckForRunStateChange
                0x0000000010005758      0x30c CMakeFiles/blink.dir/Users/daniel.sierra/Desktop/freertos-pico/FreeRTOS-Kernel/tasks.c.obj
 .text.vTaskSuspendAll
                0x0000000010005a64      0x17c CMakeFiles/blink.dir/Users/daniel.sierra/Desktop/freertos-pico/FreeRTOS-Kernel/tasks.c.obj
                0x0000000010005a64                vTaskSuspendAll
 .text.vTaskSwitchContext
                0x0000000010005be0      0x1f0 CMakeFiles/blink.dir/Users/daniel.sierra/Desktop/freertos-pico/FreeRTOS-Kernel/tasks.c.obj
                0x0000000010005be0                vTaskSwitchContext
 .text.vTaskPlaceOnEventList
                0x0000000010005dd0       0x40 CMakeFiles/blink.dir/Users/daniel.sierra/Desktop/freertos-pico/FreeRTOS-Kernel/tasks.c.obj
                0x0000000010005dd0                vTaskPlaceOnEventList
 .text.vTaskPlaceOnUnorderedEventList
                0x0000000010005e10       0x6c CMakeFiles/blink.dir/Users/daniel.sierra/Desktop/freertos-pico/FreeRTOS-Kernel/tasks.c.obj
                0x0000000010005e10                vTaskPlaceOnUnorderedEventList
 .text.vTaskPlaceOnEventListRestricted
                0x0000000010005e7c       0x48 CMakeFiles/blink.dir/Users/daniel.sierra/Desktop/freertos-pico/FreeRTOS-Kernel/tasks.c.obj
                0x0000000010005e7c                vTaskPlaceOnEventListRestricted
 .text.xTaskPriorityDisinherit
                0x0000000010005ec4       0x9c CMakeFiles/blink.dir/Users/daniel.sierra/Desktop/freertos-pico/FreeRTOS-Kernel/tasks.c.obj
                0x0000000010005ec4                xTaskPriorityDisinherit
 .text.vTaskYieldWithinAPI
                0x0000000010005f60       0x28 CMakeFiles/blink.dir/Users/daniel.sierra/Desktop/freertos-pico/FreeRTOS-Kernel/tasks.c.obj
                0x0000000010005f60                vTaskYieldWithinAPI
 .text.vTaskEnterCritical
                0x0000000010005f88      0x13c CMakeFiles/blink.dir/Users/daniel.sierra/Desktop/freertos-pico/FreeRTOS-Kernel/tasks.c.obj
                0x0000000010005f88                vTaskEnterCritical
 .text.vTaskExitCritical
                0x00000000100060c4      0x124 CMakeFiles/blink.dir/Users/daniel.sierra/Desktop/freertos-pico/FreeRTOS-Kernel/tasks.c.obj
                0x00000000100060c4                vTaskExitCritical
 .text.prvCheckTasksWaitingTermination
                0x00000000100061e8       0x58 CMakeFiles/blink.dir/Users/daniel.sierra/Desktop/freertos-pico/FreeRTOS-Kernel/tasks.c.obj
 .text.prvIdleTask
                0x0000000010006240       0x1c CMakeFiles/blink.dir/Users/daniel.sierra/Desktop/freertos-pico/FreeRTOS-Kernel/tasks.c.obj
 .text.prvAddNewTaskToReadyList
                0x000000001000625c       0xa0 CMakeFiles/blink.dir/Users/daniel.sierra/Desktop/freertos-pico/FreeRTOS-Kernel/tasks.c.obj
 .text.xTaskCreateAffinitySet
                0x00000000100062fc       0x64 CMakeFiles/blink.dir/Users/daniel.sierra/Desktop/freertos-pico/FreeRTOS-Kernel/tasks.c.obj
                0x00000000100062fc                xTaskCreateAffinitySet
 .text.xTaskCreate
                0x0000000010006360       0x1a CMakeFiles/blink.dir/Users/daniel.sierra/Desktop/freertos-pico/FreeRTOS-Kernel/tasks.c.obj
                0x0000000010006360                xTaskCreate
 *fill*         0x000000001000637a        0x2 
 .text.prvCreateIdleTasks
                0x000000001000637c       0x8c CMakeFiles/blink.dir/Users/daniel.sierra/Desktop/freertos-pico/FreeRTOS-Kernel/tasks.c.obj
 .text.vTaskStartScheduler
                0x0000000010006408       0x64 CMakeFiles/blink.dir/Users/daniel.sierra/Desktop/freertos-pico/FreeRTOS-Kernel/tasks.c.obj
                0x0000000010006408                vTaskStartScheduler
 .text.xTaskIncrementTick
                0x000000001000646c      0x188 CMakeFiles/blink.dir/Users/daniel.sierra/Desktop/freertos-pico/FreeRTOS-Kernel/tasks.c.obj
                0x000000001000646c                xTaskIncrementTick
 .text.xTaskResumeAll
                0x00000000100065f4      0x16c CMakeFiles/blink.dir/Users/daniel.sierra/Desktop/freertos-pico/FreeRTOS-Kernel/tasks.c.obj
                0x00000000100065f4                xTaskResumeAll
 .text.vTaskDelay
                0x0000000010006760       0x48 CMakeFiles/blink.dir/Users/daniel.sierra/Desktop/freertos-pico/FreeRTOS-Kernel/tasks.c.obj
                0x0000000010006760                vTaskDelay
 .text.vTaskRemoveFromUnorderedEventList
                0x00000000100067a8       0x94 CMakeFiles/blink.dir/Users/daniel.sierra/Desktop/freertos-pico/FreeRTOS-Kernel/tasks.c.obj
                0x00000000100067a8                vTaskRemoveFromUnorderedEventList
 .text.xTaskCheckForTimeOut
                0x000000001000683c       0xb8 CMakeFiles/blink.dir/Users/daniel.sierra/Desktop/freertos-pico/FreeRTOS-Kernel/tasks.c.obj
                0x000000001000683c                xTaskCheckForTimeOut
 .text.xTaskGetSchedulerState
                0x00000000100068f4       0x30 CMakeFiles/blink.dir/Users/daniel.sierra/Desktop/freertos-pico/FreeRTOS-Kernel/tasks.c.obj
                0x00000000100068f4                xTaskGetSchedulerState
 .text.uxTaskResetEventItemValue
                0x0000000010006924       0x1c CMakeFiles/blink.dir/Users/daniel.sierra/Desktop/freertos-pico/FreeRTOS-Kernel/tasks.c.obj
                0x0000000010006924                uxTaskResetEventItemValue
 .text.prvGetNextExpireTime
                0x0000000010006940       0x24 CMakeFiles/blink.dir/Users/daniel.sierra/Desktop/freertos-pico/FreeRTOS-Kernel/timers.c.obj
 .text.prvInsertTimerInActiveList
                0x0000000010006964       0x48 CMakeFiles/blink.dir/Users/daniel.sierra/Desktop/freertos-pico/FreeRTOS-Kernel/timers.c.obj
 .text.prvCheckForValidListAndQueue
                0x00000000100069ac       0x60 CMakeFiles/blink.dir/Users/daniel.sierra/Desktop/freertos-pico/FreeRTOS-Kernel/timers.c.obj
 .text.xTimerCreateTimerTask
                0x0000000010006a0c       0x58 CMakeFiles/blink.dir/Users/daniel.sierra/Desktop/freertos-pico/FreeRTOS-Kernel/timers.c.obj
                0x0000000010006a0c                xTimerCreateTimerTask
 .text.xTimerGenericCommandFromTask
                0x0000000010006a64       0x78 CMakeFiles/blink.dir/Users/daniel.sierra/Desktop/freertos-pico/FreeRTOS-Kernel/timers.c.obj
                0x0000000010006a64                xTimerGenericCommandFromTask
 .text.prvSwitchTimerLists
                0x0000000010006adc       0x88 CMakeFiles/blink.dir/Users/daniel.sierra/Desktop/freertos-pico/FreeRTOS-Kernel/timers.c.obj
 .text.prvSampleTimeNow
                0x0000000010006b64       0x2c CMakeFiles/blink.dir/Users/daniel.sierra/Desktop/freertos-pico/FreeRTOS-Kernel/timers.c.obj
 .text.prvProcessExpiredTimer
                0x0000000010006b90       0x74 CMakeFiles/blink.dir/Users/daniel.sierra/Desktop/freertos-pico/FreeRTOS-Kernel/timers.c.obj
 .text.prvProcessTimerOrBlockTask
                0x0000000010006c04       0x70 CMakeFiles/blink.dir/Users/daniel.sierra/Desktop/freertos-pico/FreeRTOS-Kernel/timers.c.obj
 .text.prvProcessReceivedCommands
                0x0000000010006c74      0x114 CMakeFiles/blink.dir/Users/daniel.sierra/Desktop/freertos-pico/FreeRTOS-Kernel/timers.c.obj
 .text.prvTimerTask
                0x0000000010006d88       0x16 CMakeFiles/blink.dir/Users/daniel.sierra/Desktop/freertos-pico/FreeRTOS-Kernel/timers.c.obj
 *fill*         0x0000000010006d9e        0x2 
 .text.xTimerPendFunctionCallFromISR
                0x0000000010006da0       0x28 CMakeFiles/blink.dir/Users/daniel.sierra/Desktop/freertos-pico/FreeRTOS-Kernel/timers.c.obj
                0x0000000010006da0                xTimerPendFunctionCallFromISR
 .text.exception_is_compile_time_default
                0x0000000010006dc8       0x20 CMakeFiles/blink.dir/Users/daniel.sierra/Desktop/pico-sdk/src/rp2_common/hardware_exception/exception.c.obj
 .text.set_raw_exception_handler_and_restore_interrupts
                0x0000000010006de8       0x18 CMakeFiles/blink.dir/Users/daniel.sierra/Desktop/pico-sdk/src/rp2_common/hardware_exception/exception.c.obj
 .text.exception_get_vtable_handler
                0x0000000010006e00       0x10 CMakeFiles/blink.dir/Users/daniel.sierra/Desktop/pico-sdk/src/rp2_common/hardware_exception/exception.c.obj
                0x0000000010006e00                exception_get_vtable_handler
 .text.exception_set_exclusive_handler
                0x0000000010006e10       0x44 CMakeFiles/blink.dir/Users/daniel.sierra/Desktop/pico-sdk/src/rp2_common/hardware_exception/exception.c.obj
                0x0000000010006e10                exception_set_exclusive_handler
 .text.core1_trampoline
                0x0000000010006e54        0x2 CMakeFiles/blink.dir/Users/daniel.sierra/Desktop/pico-sdk/src/rp2_common/pico_multicore/multicore.c.obj
 .text.core1_wrapper
                0x0000000010006e56        0xc CMakeFiles/blink.dir/Users/daniel.sierra/Desktop/pico-sdk/src/rp2_common/pico_multicore/multicore.c.obj
                0x0000000010006e56                core1_wrapper
 .text.multicore_fifo_push_blocking
                0x0000000010006e62       0x14 CMakeFiles/blink.dir/Users/daniel.sierra/Desktop/pico-sdk/src/rp2_common/pico_multicore/multicore.c.obj
                0x0000000010006e62                multicore_fifo_push_blocking
 .text.multicore_fifo_pop_blocking
                0x0000000010006e76       0x16 CMakeFiles/blink.dir/Users/daniel.sierra/Desktop/pico-sdk/src/rp2_common/pico_multicore/multicore.c.obj
                0x0000000010006e76                multicore_fifo_pop_blocking
 .text.multicore_launch_core1_raw
                0x0000000010006e8c       0x6e CMakeFiles/blink.dir/Users/daniel.sierra/Desktop/pico-sdk/src/rp2_common/pico_multicore/multicore.c.obj
                0x0000000010006e8c                multicore_launch_core1_raw
 *fill*         0x0000000010006efa        0x2 
 .text.multicore_launch_core1_with_stack
                0x0000000010006efc       0x50 CMakeFiles/blink.dir/Users/daniel.sierra/Desktop/pico-sdk/src/rp2_common/pico_multicore/multicore.c.obj
                0x0000000010006efc                multicore_launch_core1_with_stack
 .text.multicore_launch_core1
                0x0000000010006f4c       0x24 CMakeFiles/blink.dir/Users/daniel.sierra/Desktop/pico-sdk/src/rp2_common/pico_multicore/multicore.c.obj
                0x0000000010006f4c                multicore_launch_core1
 .text.prvHeapInit
                0x0000000010006f70       0x64 CMakeFiles/blink.dir/Users/daniel.sierra/Desktop/freertos-pico/FreeRTOS-Kernel/portable/MemMang/heap_4.c.obj
 .text.prvInsertBlockIntoFreeList
                0x0000000010006fd4       0x54 CMakeFiles/blink.dir/Users/daniel.sierra/Desktop/freertos-pico/FreeRTOS-Kernel/portable/MemMang/heap_4.c.obj
 .text.pvPortMalloc
                0x0000000010007028      0x114 CMakeFiles/blink.dir/Users/daniel.sierra/Desktop/freertos-pico/FreeRTOS-Kernel/portable/MemMang/heap_4.c.obj
                0x0000000010007028                pvPortMalloc
 .text.vPortFree
                0x000000001000713c       0x84 CMakeFiles/blink.dir/Users/daniel.sierra/Desktop/freertos-pico/FreeRTOS-Kernel/portable/MemMang/heap_4.c.obj
                0x000000001000713c                vPortFree
 .text.strlen   0x00000000100071c0       0x5c /usr/local/Cellar/arm-none-eabi-gcc/10.3-2021.07/gcc/bin/../lib/gcc/arm-none-eabi/10.3.1/../../../../arm-none-eabi/lib/thumb/v6-m/nofp/libg.a(lib_a-strlen-stub.o)
                0x00000000100071c0                strlen
 *(.fini)
 .fini          0x000000001000721c        0x4 /usr/local/Cellar/arm-none-eabi-gcc/10.3-2021.07/gcc/bin/../lib/gcc/arm-none-eabi/10.3.1/thumb/v6-m/nofp/crti.o
                0x000000001000721c                _fini
 .fini.__stub   0x0000000010007220       0x40 linker stubs
 *crtbegin.o(.ctors)
 *crtbegin?.o(.ctors)
 *(EXCLUDE_FILE(*crtend.o *crtend?.o) .ctors)
 *(SORT_BY_NAME(.ctors.*))
 *(.ctors)
 *crtbegin.o(.dtors)
 *crtbegin?.o(.dtors)
 *(EXCLUDE_FILE(*crtend.o *crtend?.o) .dtors)
 *(SORT_BY_NAME(.dtors.*))
 *(.dtors)
 *(.eh_frame*)
 .eh_frame      0x0000000010007260        0x0 /usr/local/Cellar/arm-none-eabi-gcc/10.3-2021.07/gcc/bin/../lib/gcc/arm-none-eabi/10.3.1/thumb/v6-m/nofp/crtbegin.o
                0x0000000010007260                . = ALIGN (0x4)

.glue_7         0x0000000010007260        0x0
 .glue_7        0x0000000010007260        0x0 linker stubs

.glue_7t        0x0000000010007260        0x0
 .glue_7t       0x0000000010007260        0x0 linker stubs

.vfp11_veneer   0x0000000010007260        0x0
 .vfp11_veneer  0x0000000010007260        0x0 linker stubs

.v4_bx          0x0000000010007260        0x0
 .v4_bx         0x0000000010007260        0x0 linker stubs

.iplt           0x0000000010007260        0x0
 .iplt          0x0000000010007260        0x0 /usr/local/Cellar/arm-none-eabi-gcc/10.3-2021.07/gcc/bin/../lib/gcc/arm-none-eabi/10.3.1/thumb/v6-m/nofp/crtbegin.o

.rodata         0x0000000010007260     0x2144
 *(EXCLUDE_FILE(*libm.a: *libc.a:*lib_a-mem*.o *libgcc.a:) .rodata*)
 .rodata.main.str1.4
                0x0000000010007260        0xb CMakeFiles/blink.dir/main.c.obj
 *fill*         0x000000001000726b        0x1 
 .rodata.spin_lock_claim.str1.4
                0x000000001000726c       0x1f CMakeFiles/blink.dir/Users/daniel.sierra/Desktop/pico-sdk/src/rp2_common/hardware_sync/sync.c.obj
 *fill*         0x000000001000728b        0x1 
 .rodata.make_branch.str1.4
                0x000000001000728c       0x78 CMakeFiles/blink.dir/Users/daniel.sierra/Desktop/pico-sdk/src/rp2_common/hardware_irq/irq.c.obj
 .rodata.insert_branch_and_link.str1.4
                0x0000000010007304       0x10 CMakeFiles/blink.dir/Users/daniel.sierra/Desktop/pico-sdk/src/rp2_common/hardware_irq/irq.c.obj
 .rodata.irq_set_exclusive_handler.str1.4
                0x0000000010007314       0x36 CMakeFiles/blink.dir/Users/daniel.sierra/Desktop/pico-sdk/src/rp2_common/hardware_irq/irq.c.obj
 *fill*         0x000000001000734a        0x2 
 .rodata.irq_add_shared_handler.str1.4
                0x000000001000734c       0xd9 CMakeFiles/blink.dir/Users/daniel.sierra/Desktop/pico-sdk/src/rp2_common/hardware_irq/irq.c.obj
 *fill*         0x0000000010007425        0x3 
 .rodata.irq_remove_handler.str1.4
                0x0000000010007428       0x3a CMakeFiles/blink.dir/Users/daniel.sierra/Desktop/pico-sdk/src/rp2_common/hardware_irq/irq.c.obj
 *fill*         0x0000000010007462        0x2 
 .rodata.irq_add_tail_to_free_list.str1.4
                0x0000000010007464       0x3a CMakeFiles/blink.dir/Users/daniel.sierra/Desktop/pico-sdk/src/rp2_common/hardware_irq/irq.c.obj
 *fill*         0x000000001000749e        0x2 
 .rodata.__func__.0
                0x00000000100074a0       0x1a CMakeFiles/blink.dir/Users/daniel.sierra/Desktop/pico-sdk/src/rp2_common/hardware_irq/irq.c.obj
 *fill*         0x00000000100074ba        0x2 
 .rodata.__func__.1
                0x00000000100074bc       0x17 CMakeFiles/blink.dir/Users/daniel.sierra/Desktop/pico-sdk/src/rp2_common/hardware_irq/irq.c.obj
 *fill*         0x00000000100074d3        0x1 
 .rodata.__func__.2
                0x00000000100074d4       0x13 CMakeFiles/blink.dir/Users/daniel.sierra/Desktop/pico-sdk/src/rp2_common/hardware_irq/irq.c.obj
 *fill*         0x00000000100074e7        0x1 
 .rodata.__func__.3
                0x00000000100074e8        0xc CMakeFiles/blink.dir/Users/daniel.sierra/Desktop/pico-sdk/src/rp2_common/hardware_irq/irq.c.obj
 .rodata.__func__.4
                0x00000000100074f4        0xf CMakeFiles/blink.dir/Users/daniel.sierra/Desktop/pico-sdk/src/rp2_common/hardware_irq/irq.c.obj
 *fill*         0x0000000010007503        0x1 
 .rodata.__func__.6
                0x0000000010007504       0x1a CMakeFiles/blink.dir/Users/daniel.sierra/Desktop/pico-sdk/src/rp2_common/hardware_irq/irq.c.obj
 *fill*         0x000000001000751e        0x2 
 .rodata.str1.4
                0x0000000010007520      0x101 CMakeFiles/blink.dir/Users/daniel.sierra/Desktop/pico-sdk/src/common/pico_sync/mutex.c.obj
 *fill*         0x0000000010007621        0x3 
 .rodata.__func__.1
                0x0000000010007624        0xb CMakeFiles/blink.dir/Users/daniel.sierra/Desktop/pico-sdk/src/common/pico_sync/mutex.c.obj
 *fill*         0x000000001000762f        0x1 
 .rodata.__func__.3
                0x0000000010007630       0x18 CMakeFiles/blink.dir/Users/daniel.sierra/Desktop/pico-sdk/src/common/pico_sync/mutex.c.obj
 .rodata.repeating_timer_callback.str1.4
                0x0000000010007648       0x56 CMakeFiles/blink.dir/Users/daniel.sierra/Desktop/pico-sdk/src/common/pico_time/time.c.obj
 *fill*         0x000000001000769e        0x2 
 .rodata.timer_pool_entry_comparator.str1.4
                0x00000000100076a0       0x22 CMakeFiles/blink.dir/Users/daniel.sierra/Desktop/pico-sdk/src/common/pico_time/time.c.obj
 *fill*         0x00000000100076c2        0x2 
 .rodata.ph_add_child_node.str1.4
                0x00000000100076c4       0xa2 CMakeFiles/blink.dir/Users/daniel.sierra/Desktop/pico-sdk/src/common/pico_time/time.c.obj
 *fill*         0x0000000010007766        0x2 
 .rodata.add_alarm_under_lock.str1.4
                0x0000000010007768       0x28 CMakeFiles/blink.dir/Users/daniel.sierra/Desktop/pico-sdk/src/common/pico_time/time.c.obj
                                         0x2b (size before relaxing)
 .rodata.alarm_pool_alarm_callback.str1.4
                0x0000000010007790       0x98 CMakeFiles/blink.dir/Users/daniel.sierra/Desktop/pico-sdk/src/common/pico_time/time.c.obj
                                        0x104 (size before relaxing)
 .rodata.alarm_pool_get_default.str1.4
                0x0000000010007828       0x21 CMakeFiles/blink.dir/Users/daniel.sierra/Desktop/pico-sdk/src/common/pico_time/time.c.obj
 *fill*         0x0000000010007849        0x3 
 .rodata.alarm_pool_cancel_alarm.str1.4
                0x000000001000784c       0x27 CMakeFiles/blink.dir/Users/daniel.sierra/Desktop/pico-sdk/src/common/pico_time/time.c.obj
 *fill*         0x0000000010007873        0x1 
 .rodata.__func__.1
                0x0000000010007874       0x18 CMakeFiles/blink.dir/Users/daniel.sierra/Desktop/pico-sdk/src/common/pico_time/time.c.obj
 .rodata.__func__.10
                0x000000001000788c       0x15 CMakeFiles/blink.dir/Users/daniel.sierra/Desktop/pico-sdk/src/common/pico_time/time.c.obj
 *fill*         0x00000000100078a1        0x3 
 .rodata.__func__.11
                0x00000000100078a4       0x1a CMakeFiles/blink.dir/Users/daniel.sierra/Desktop/pico-sdk/src/common/pico_time/time.c.obj
 *fill*         0x00000000100078be        0x2 
 .rodata.__func__.12
                0x00000000100078c0        0xa CMakeFiles/blink.dir/Users/daniel.sierra/Desktop/pico-sdk/src/common/pico_time/time.c.obj
 *fill*         0x00000000100078ca        0x2 
 .rodata.__func__.3
                0x00000000100078cc       0x17 CMakeFiles/blink.dir/Users/daniel.sierra/Desktop/pico-sdk/src/common/pico_time/time.c.obj
 *fill*         0x00000000100078e3        0x1 
 .rodata.__func__.4
                0x00000000100078e4       0x12 CMakeFiles/blink.dir/Users/daniel.sierra/Desktop/pico-sdk/src/common/pico_time/time.c.obj
 *fill*         0x00000000100078f6        0x2 
 .rodata.__func__.5
                0x00000000100078f8        0xd CMakeFiles/blink.dir/Users/daniel.sierra/Desktop/pico-sdk/src/common/pico_time/time.c.obj
 *fill*         0x0000000010007905        0x3 
 .rodata.__func__.6
                0x0000000010007908       0x12 CMakeFiles/blink.dir/Users/daniel.sierra/Desktop/pico-sdk/src/common/pico_time/time.c.obj
 *fill*         0x000000001000791a        0x2 
 .rodata.__func__.7
                0x000000001000791c        0xf CMakeFiles/blink.dir/Users/daniel.sierra/Desktop/pico-sdk/src/common/pico_time/time.c.obj
 *fill*         0x000000001000792b        0x1 
 .rodata.__func__.8
                0x000000001000792c        0xc CMakeFiles/blink.dir/Users/daniel.sierra/Desktop/pico-sdk/src/common/pico_time/time.c.obj
 .rodata.__func__.9
                0x0000000010007938       0x15 CMakeFiles/blink.dir/Users/daniel.sierra/Desktop/pico-sdk/src/common/pico_time/time.c.obj
 *fill*         0x000000001000794d        0x3 
 .rodata.hardware_alarm_claim.str1.4
                0x0000000010007950       0x22 CMakeFiles/blink.dir/Users/daniel.sierra/Desktop/pico-sdk/src/rp2_common/hardware_timer/timer.c.obj
 *fill*         0x0000000010007972        0x2 
 .rodata.hardware_alarm_set_target.str1.4
                0x0000000010007974       0x70 CMakeFiles/blink.dir/Users/daniel.sierra/Desktop/pico-sdk/src/rp2_common/hardware_timer/timer.c.obj
 .rodata.__func__.0
                0x00000000100079e4       0x1a CMakeFiles/blink.dir/Users/daniel.sierra/Desktop/pico-sdk/src/rp2_common/hardware_timer/timer.c.obj
 .rodata.ph_add_child_node.str1.4
                0x00000000100079fe       0xa2 CMakeFiles/blink.dir/Users/daniel.sierra/Desktop/pico-sdk/src/common/pico_util/pheap.c.obj
 *fill*         0x00000000100079fe        0x2 
 .rodata.ph_remove_any_head.str1.4
                0x0000000010007a00       0x98 CMakeFiles/blink.dir/Users/daniel.sierra/Desktop/pico-sdk/src/common/pico_util/pheap.c.obj
                                         0xac (size before relaxing)
 .rodata.ph_remove_and_free_node.str1.4
                0x0000000010007a98       0x1e CMakeFiles/blink.dir/Users/daniel.sierra/Desktop/pico-sdk/src/common/pico_util/pheap.c.obj
                                         0x26 (size before relaxing)
 *fill*         0x0000000010007ab6        0x2 
 .rodata.__func__.0
                0x0000000010007ab8       0x18 CMakeFiles/blink.dir/Users/daniel.sierra/Desktop/pico-sdk/src/common/pico_util/pheap.c.obj
 .rodata.__func__.1
                0x0000000010007ad0       0x13 CMakeFiles/blink.dir/Users/daniel.sierra/Desktop/pico-sdk/src/common/pico_util/pheap.c.obj
 *fill*         0x0000000010007ae3        0x1 
 .rodata.__func__.2
                0x0000000010007ae4       0x12 CMakeFiles/blink.dir/Users/daniel.sierra/Desktop/pico-sdk/src/common/pico_util/pheap.c.obj
 *fill*         0x0000000010007af6        0x2 
 .rodata.__func__.3
                0x0000000010007af8        0xc CMakeFiles/blink.dir/Users/daniel.sierra/Desktop/pico-sdk/src/common/pico_util/pheap.c.obj
 .rodata.clock_configure.str1.4
                0x0000000010007b04       0x62 CMakeFiles/blink.dir/Users/daniel.sierra/Desktop/pico-sdk/src/rp2_common/hardware_clocks/clocks.c.obj
 *fill*         0x0000000010007b66        0x2 
 .rodata.__func__.1
                0x0000000010007b68       0x10 CMakeFiles/blink.dir/Users/daniel.sierra/Desktop/pico-sdk/src/rp2_common/hardware_clocks/clocks.c.obj
 .rodata.pll_init.str1.4
                0x0000000010007b78      0x12b CMakeFiles/blink.dir/Users/daniel.sierra/Desktop/pico-sdk/src/rp2_common/hardware_pll/pll.c.obj
 *fill*         0x0000000010007ca3        0x1 
 .rodata.__func__.0
                0x0000000010007ca4        0x9 CMakeFiles/blink.dir/Users/daniel.sierra/Desktop/pico-sdk/src/rp2_common/hardware_pll/pll.c.obj
 *fill*         0x0000000010007cad        0x3 
 .rodata.__assert_func.str1.4
                0x0000000010007cb0       0x3f CMakeFiles/blink.dir/Users/daniel.sierra/Desktop/pico-sdk/src/rp2_common/pico_runtime/runtime.c.obj
                                         0x43 (size before relaxing)
 *fill*         0x0000000010007cef        0x1 
 .rodata.runtime_init.str1.4
                0x0000000010007cf0       0x6c CMakeFiles/blink.dir/Users/daniel.sierra/Desktop/pico-sdk/src/rp2_common/pico_runtime/runtime.c.obj
 .rodata.panic.str1.4
                0x0000000010007d5c       0x12 CMakeFiles/blink.dir/Users/daniel.sierra/Desktop/pico-sdk/src/rp2_common/pico_runtime/runtime.c.obj
 *fill*         0x0000000010007d6e        0x2 
 .rodata.panic_unsupported.str1.4
                0x0000000010007d70        0xe CMakeFiles/blink.dir/Users/daniel.sierra/Desktop/pico-sdk/src/rp2_common/pico_runtime/runtime.c.obj
 *fill*         0x0000000010007d7e        0x2 
 .rodata.__func__.2
                0x0000000010007d80        0xd CMakeFiles/blink.dir/Users/daniel.sierra/Desktop/pico-sdk/src/rp2_common/pico_runtime/runtime.c.obj
 *fill*         0x0000000010007d8d        0x3 
 .rodata._ftoa.str1.4
                0x0000000010007d90       0x15 CMakeFiles/blink.dir/Users/daniel.sierra/Desktop/pico-sdk/src/rp2_common/pico_printf/printf.c.obj
 *fill*         0x0000000010007da5        0x3 
 .rodata._vsnprintf
                0x0000000010007da8      0x1e0 CMakeFiles/blink.dir/Users/daniel.sierra/Desktop/pico-sdk/src/rp2_common/pico_printf/printf.c.obj
 .rodata.pow10.0
                0x0000000010007f88       0x50 CMakeFiles/blink.dir/Users/daniel.sierra/Desktop/pico-sdk/src/rp2_common/pico_printf/printf.c.obj
 .rodata.__aeabi_double_init.str1.4
                0x0000000010007fd8       0xb3 CMakeFiles/blink.dir/Users/daniel.sierra/Desktop/pico-sdk/src/rp2_common/pico_double/double_init_rom.c.obj
 *fill*         0x000000001000808b        0x1 
 .rodata.__func__.0
                0x000000001000808c       0x14 CMakeFiles/blink.dir/Users/daniel.sierra/Desktop/pico-sdk/src/rp2_common/pico_double/double_init_rom.c.obj
 .rodata.__aeabi_float_init.str1.4
                0x00000000100080a0       0x85 CMakeFiles/blink.dir/Users/daniel.sierra/Desktop/pico-sdk/src/rp2_common/pico_float/float_init_rom.c.obj
                                         0x89 (size before relaxing)
 *fill*         0x0000000010008125        0x3 
 .rodata.__func__.0
                0x0000000010008128       0x13 CMakeFiles/blink.dir/Users/daniel.sierra/Desktop/pico-sdk/src/rp2_common/pico_float/float_init_rom.c.obj
 *fill*         0x000000001000813b        0x1 
 .rodata.str1.4
                0x000000001000813c       0x3c CMakeFiles/blink.dir/Users/daniel.sierra/Desktop/pico-sdk/src/rp2_common/pico_standard_link/binary_info.c.obj
 .rodata.__bi_44
                0x0000000010008178        0xc CMakeFiles/blink.dir/Users/daniel.sierra/Desktop/pico-sdk/src/rp2_common/pico_standard_link/binary_info.c.obj
 .rodata.__bi_75
                0x0000000010008184        0xc CMakeFiles/blink.dir/Users/daniel.sierra/Desktop/pico-sdk/src/rp2_common/pico_standard_link/binary_info.c.obj
 .rodata.__bi_81
                0x0000000010008190        0xc CMakeFiles/blink.dir/Users/daniel.sierra/Desktop/pico-sdk/src/rp2_common/pico_standard_link/binary_info.c.obj
 .rodata.stdout_serialize_begin.str1.4
                0x000000001000819c       0x6c CMakeFiles/blink.dir/Users/daniel.sierra/Desktop/pico-sdk/src/rp2_common/pico_stdio/stdio.c.obj
 .rodata.__func__.3
                0x000000001000819c       0x15 CMakeFiles/blink.dir/Users/daniel.sierra/Desktop/pico-sdk/src/rp2_common/pico_stdio/stdio.c.obj
 *fill*         0x00000000100081b1        0x3 
 .rodata.crlf_str.2
                0x00000000100081b4        0x2 CMakeFiles/blink.dir/Users/daniel.sierra/Desktop/pico-sdk/src/rp2_common/pico_stdio/stdio.c.obj
 .rodata.prvGetTicksToWaitBefore.str1.4
                0x00000000100081b6       0x6c CMakeFiles/blink.dir/Users/daniel.sierra/Desktop/freertos-pico/FreeRTOS-Kernel/portable/ThirdParty/GCC/RP2040/port.c.obj
 *fill*         0x00000000100081b6        0x2 
 .rodata.vPortYield.str1.4
                0x00000000100081b8       0x91 CMakeFiles/blink.dir/Users/daniel.sierra/Desktop/freertos-pico/FreeRTOS-Kernel/portable/ThirdParty/GCC/RP2040/port.c.obj
 *fill*         0x0000000010008249        0x3 
 .rodata.vYieldCore.str1.4
                0x000000001000824c       0x1a CMakeFiles/blink.dir/Users/daniel.sierra/Desktop/freertos-pico/FreeRTOS-Kernel/portable/ThirdParty/GCC/RP2040/port.c.obj
 *fill*         0x0000000010008266        0x2 
 .rodata.xPortStartScheduler.str1.4
                0x0000000010008268       0x30 CMakeFiles/blink.dir/Users/daniel.sierra/Desktop/freertos-pico/FreeRTOS-Kernel/portable/ThirdParty/GCC/RP2040/port.c.obj
 .rodata.vPortLockInternalSpinUnlockWithWait.str1.4
                0x0000000010008298       0x72 CMakeFiles/blink.dir/Users/daniel.sierra/Desktop/freertos-pico/FreeRTOS-Kernel/portable/ThirdParty/GCC/RP2040/port.c.obj
 *fill*         0x000000001000830a        0x2 
 .rodata.__func__.0
                0x000000001000830c       0x15 CMakeFiles/blink.dir/Users/daniel.sierra/Desktop/freertos-pico/FreeRTOS-Kernel/portable/ThirdParty/GCC/RP2040/port.c.obj
 *fill*         0x0000000010008321        0x3 
 .rodata.__func__.1
                0x0000000010008324       0x37 CMakeFiles/blink.dir/Users/daniel.sierra/Desktop/freertos-pico/FreeRTOS-Kernel/portable/ThirdParty/GCC/RP2040/port.c.obj
 *fill*         0x000000001000835b        0x1 
 .rodata.__func__.3
                0x000000001000835c        0xb CMakeFiles/blink.dir/Users/daniel.sierra/Desktop/freertos-pico/FreeRTOS-Kernel/portable/ThirdParty/GCC/RP2040/port.c.obj
 *fill*         0x0000000010008367        0x1 
 .rodata.__func__.4
                0x0000000010008368        0xb CMakeFiles/blink.dir/Users/daniel.sierra/Desktop/freertos-pico/FreeRTOS-Kernel/portable/ThirdParty/GCC/RP2040/port.c.obj
 *fill*         0x0000000010008373        0x1 
 .rodata.__func__.5
                0x0000000010008374       0x14 CMakeFiles/blink.dir/Users/daniel.sierra/Desktop/freertos-pico/FreeRTOS-Kernel/portable/ThirdParty/GCC/RP2040/port.c.obj
 .rodata.xEventGroupWaitBits.str1.4
                0x0000000010008388       0xeb CMakeFiles/blink.dir/Users/daniel.sierra/Desktop/freertos-pico/FreeRTOS-Kernel/event_groups.c.obj
 *fill*         0x0000000010008473        0x1 
 .rodata.xEventGroupSetBits.str1.4
                0x0000000010008474       0x24 CMakeFiles/blink.dir/Users/daniel.sierra/Desktop/freertos-pico/FreeRTOS-Kernel/event_groups.c.obj
 .rodata.__func__.1
                0x0000000010008498       0x13 CMakeFiles/blink.dir/Users/daniel.sierra/Desktop/freertos-pico/FreeRTOS-Kernel/event_groups.c.obj
 *fill*         0x00000000100084ab        0x1 
 .rodata.__func__.3
                0x00000000100084ac       0x14 CMakeFiles/blink.dir/Users/daniel.sierra/Desktop/freertos-pico/FreeRTOS-Kernel/event_groups.c.obj
 .rodata.prvNotifyQueueSetContainer.str1.4
                0x00000000100084c0       0xbe CMakeFiles/blink.dir/Users/daniel.sierra/Desktop/freertos-pico/FreeRTOS-Kernel/queue.c.obj
 *fill*         0x000000001000857e        0x2 
 .rodata.xQueueGenericReset.str1.4
                0x0000000010008580        0x8 CMakeFiles/blink.dir/Users/daniel.sierra/Desktop/freertos-pico/FreeRTOS-Kernel/queue.c.obj
 .rodata.xQueueGenericCreate.str1.4
                0x0000000010008588       0xb2 CMakeFiles/blink.dir/Users/daniel.sierra/Desktop/freertos-pico/FreeRTOS-Kernel/queue.c.obj
 *fill*         0x000000001000863a        0x2 
 .rodata.xQueueGenericSend.str1.4
                0x000000001000863c       0xa5 CMakeFiles/blink.dir/Users/daniel.sierra/Desktop/freertos-pico/FreeRTOS-Kernel/queue.c.obj
                                         0xfb (size before relaxing)
 *fill*         0x00000000100086e1        0x3 
 .rodata.xQueueReceive.str1.4
                0x00000000100086e4       0x66 CMakeFiles/blink.dir/Users/daniel.sierra/Desktop/freertos-pico/FreeRTOS-Kernel/queue.c.obj
 *fill*         0x000000001000874a        0x2 
 .rodata.uxQueueMessagesWaiting.str1.4
                0x000000001000874c        0x7 CMakeFiles/blink.dir/Users/daniel.sierra/Desktop/freertos-pico/FreeRTOS-Kernel/queue.c.obj
 *fill*         0x0000000010008753        0x1 
 .rodata.vQueueAddToRegistry.str1.4
                0x0000000010008754        0xc CMakeFiles/blink.dir/Users/daniel.sierra/Desktop/freertos-pico/FreeRTOS-Kernel/queue.c.obj
 .rodata.__func__.13
                0x0000000010008760        0xe CMakeFiles/blink.dir/Users/daniel.sierra/Desktop/freertos-pico/FreeRTOS-Kernel/queue.c.obj
 *fill*         0x000000001000876e        0x2 
 .rodata.__func__.15
                0x0000000010008770       0x19 CMakeFiles/blink.dir/Users/daniel.sierra/Desktop/freertos-pico/FreeRTOS-Kernel/queue.c.obj
 *fill*         0x0000000010008789        0x3 
 .rodata.__func__.16
                0x000000001000878c       0x1b CMakeFiles/blink.dir/Users/daniel.sierra/Desktop/freertos-pico/FreeRTOS-Kernel/queue.c.obj
 *fill*         0x00000000100087a7        0x1 
 .rodata.__func__.17
                0x00000000100087a8       0x12 CMakeFiles/blink.dir/Users/daniel.sierra/Desktop/freertos-pico/FreeRTOS-Kernel/queue.c.obj
 *fill*         0x00000000100087ba        0x2 
 .rodata.__func__.2
                0x00000000100087bc       0x14 CMakeFiles/blink.dir/Users/daniel.sierra/Desktop/freertos-pico/FreeRTOS-Kernel/queue.c.obj
 .rodata.__func__.23
                0x00000000100087d0       0x14 CMakeFiles/blink.dir/Users/daniel.sierra/Desktop/freertos-pico/FreeRTOS-Kernel/queue.c.obj
 .rodata.__func__.24
                0x00000000100087e4       0x13 CMakeFiles/blink.dir/Users/daniel.sierra/Desktop/freertos-pico/FreeRTOS-Kernel/queue.c.obj
 *fill*         0x00000000100087f7        0x1 
 .rodata.prvTaskIsTaskSuspended.str1.4
                0x00000000100087f8       0x4b CMakeFiles/blink.dir/Users/daniel.sierra/Desktop/freertos-pico/FreeRTOS-Kernel/tasks.c.obj
 *fill*         0x0000000010008843        0x1 
 .rodata.prvSelectHighestPriorityTask.str1.4
                0x0000000010008844      0x189 CMakeFiles/blink.dir/Users/daniel.sierra/Desktop/freertos-pico/FreeRTOS-Kernel/tasks.c.obj
 *fill*         0x00000000100089cd        0x3 
 .rodata.prvYieldForTask.str1.4
                0x00000000100089d0       0x34 CMakeFiles/blink.dir/Users/daniel.sierra/Desktop/freertos-pico/FreeRTOS-Kernel/tasks.c.obj
 .rodata.xTaskRemoveFromEventList.str1.4
                0x0000000010008a04        0xf CMakeFiles/blink.dir/Users/daniel.sierra/Desktop/freertos-pico/FreeRTOS-Kernel/tasks.c.obj
 *fill*         0x0000000010008a13        0x1 
 .rodata.prvCheckForRunStateChange.str1.4
                0x0000000010008a14      0x201 CMakeFiles/blink.dir/Users/daniel.sierra/Desktop/freertos-pico/FreeRTOS-Kernel/tasks.c.obj
 *fill*         0x0000000010008c15        0x3 
 .rodata.vTaskSwitchContext.str1.4
                0x0000000010008c18       0x34 CMakeFiles/blink.dir/Users/daniel.sierra/Desktop/freertos-pico/FreeRTOS-Kernel/tasks.c.obj
 .rodata.vTaskPlaceOnEventList.str1.4
                0x0000000010008c4c        0xc CMakeFiles/blink.dir/Users/daniel.sierra/Desktop/freertos-pico/FreeRTOS-Kernel/tasks.c.obj
 .rodata.vTaskPlaceOnUnorderedEventList.str1.4
                0x0000000010008c58       0x1a CMakeFiles/blink.dir/Users/daniel.sierra/Desktop/freertos-pico/FreeRTOS-Kernel/tasks.c.obj
 *fill*         0x0000000010008c72        0x2 
 .rodata.xTaskPriorityDisinherit.str1.4
                0x0000000010008c74       0x3d CMakeFiles/blink.dir/Users/daniel.sierra/Desktop/freertos-pico/FreeRTOS-Kernel/tasks.c.obj
 *fill*         0x0000000010008cb1        0x3 
 .rodata.prvCreateIdleTasks.str1.4
                0x0000000010008cb4        0x5 CMakeFiles/blink.dir/Users/daniel.sierra/Desktop/freertos-pico/FreeRTOS-Kernel/tasks.c.obj
 *fill*         0x0000000010008cb9        0x3 
 .rodata.vTaskStartScheduler.str1.4
                0x0000000010008cbc       0x12 CMakeFiles/blink.dir/Users/daniel.sierra/Desktop/freertos-pico/FreeRTOS-Kernel/tasks.c.obj
 *fill*         0x0000000010008cce        0x2 
 .rodata.xTaskIncrementTick.str1.4
                0x0000000010008cd0       0x76 CMakeFiles/blink.dir/Users/daniel.sierra/Desktop/freertos-pico/FreeRTOS-Kernel/tasks.c.obj
 *fill*         0x0000000010008d46        0x2 
 .rodata.xTaskResumeAll.str1.4
                0x0000000010008d48       0x15 CMakeFiles/blink.dir/Users/daniel.sierra/Desktop/freertos-pico/FreeRTOS-Kernel/tasks.c.obj
 *fill*         0x0000000010008d5d        0x3 
 .rodata.xTaskDelayUntil.str1.4
                0x0000000010008d60       0x46 CMakeFiles/blink.dir/Users/daniel.sierra/Desktop/freertos-pico/FreeRTOS-Kernel/tasks.c.obj
 *fill*         0x0000000010008da6        0x2 
 .rodata.vTaskRemoveFromUnorderedEventList.str1.4
                0x0000000010008da8       0x2d CMakeFiles/blink.dir/Users/daniel.sierra/Desktop/freertos-pico/FreeRTOS-Kernel/tasks.c.obj
 *fill*         0x0000000010008dd5        0x3 
 .rodata.vTaskSetTimeOutState.str1.4
                0x0000000010008dd8        0xa CMakeFiles/blink.dir/Users/daniel.sierra/Desktop/freertos-pico/FreeRTOS-Kernel/tasks.c.obj
 *fill*         0x0000000010008de2        0x2 
 .rodata.xTaskCheckForTimeOut.str1.4
                0x0000000010008de4        0xe CMakeFiles/blink.dir/Users/daniel.sierra/Desktop/freertos-pico/FreeRTOS-Kernel/tasks.c.obj
 *fill*         0x0000000010008df2        0x2 
 .rodata.__func__.10
                0x0000000010008df4       0x15 CMakeFiles/blink.dir/Users/daniel.sierra/Desktop/freertos-pico/FreeRTOS-Kernel/tasks.c.obj
 *fill*         0x0000000010008e09        0x3 
 .rodata.__func__.12
                0x0000000010008e0c       0x22 CMakeFiles/blink.dir/Users/daniel.sierra/Desktop/freertos-pico/FreeRTOS-Kernel/tasks.c.obj
 *fill*         0x0000000010008e2e        0x2 
 .rodata.__func__.13
                0x0000000010008e30       0x19 CMakeFiles/blink.dir/Users/daniel.sierra/Desktop/freertos-pico/FreeRTOS-Kernel/tasks.c.obj
 *fill*         0x0000000010008e49        0x3 
 .rodata.__func__.14
                0x0000000010008e4c       0x20 CMakeFiles/blink.dir/Users/daniel.sierra/Desktop/freertos-pico/FreeRTOS-Kernel/tasks.c.obj
 .rodata.__func__.15
                0x0000000010008e6c       0x1f CMakeFiles/blink.dir/Users/daniel.sierra/Desktop/freertos-pico/FreeRTOS-Kernel/tasks.c.obj
 *fill*         0x0000000010008e8b        0x1 
 .rodata.__func__.16
                0x0000000010008e8c       0x16 CMakeFiles/blink.dir/Users/daniel.sierra/Desktop/freertos-pico/FreeRTOS-Kernel/tasks.c.obj
 *fill*         0x0000000010008ea2        0x2 
 .rodata.__func__.17
                0x0000000010008ea4       0x1d CMakeFiles/blink.dir/Users/daniel.sierra/Desktop/freertos-pico/FreeRTOS-Kernel/tasks.c.obj
 *fill*         0x0000000010008ec1        0x3 
 .rodata.__func__.18
                0x0000000010008ec4       0x13 CMakeFiles/blink.dir/Users/daniel.sierra/Desktop/freertos-pico/FreeRTOS-Kernel/tasks.c.obj
 *fill*         0x0000000010008ed7        0x1 
 .rodata.__func__.19
                0x0000000010008ed8       0x13 CMakeFiles/blink.dir/Users/daniel.sierra/Desktop/freertos-pico/FreeRTOS-Kernel/tasks.c.obj
 *fill*         0x0000000010008eeb        0x1 
 .rodata.__func__.24
                0x0000000010008eec        0xf CMakeFiles/blink.dir/Users/daniel.sierra/Desktop/freertos-pico/FreeRTOS-Kernel/tasks.c.obj
 *fill*         0x0000000010008efb        0x1 
 .rodata.__func__.25
                0x0000000010008efc       0x1a CMakeFiles/blink.dir/Users/daniel.sierra/Desktop/freertos-pico/FreeRTOS-Kernel/tasks.c.obj
 *fill*         0x0000000010008f16        0x2 
 .rodata.__func__.28
                0x0000000010008f18       0x13 CMakeFiles/blink.dir/Users/daniel.sierra/Desktop/freertos-pico/FreeRTOS-Kernel/tasks.c.obj
 *fill*         0x0000000010008f2b        0x1 
 .rodata.__func__.29
                0x0000000010008f2c       0x14 CMakeFiles/blink.dir/Users/daniel.sierra/Desktop/freertos-pico/FreeRTOS-Kernel/tasks.c.obj
 .rodata.__func__.36
                0x0000000010008f40        0xb CMakeFiles/blink.dir/Users/daniel.sierra/Desktop/freertos-pico/FreeRTOS-Kernel/tasks.c.obj
 *fill*         0x0000000010008f4b        0x1 
 .rodata.__func__.39
                0x0000000010008f4c       0x10 CMakeFiles/blink.dir/Users/daniel.sierra/Desktop/freertos-pico/FreeRTOS-Kernel/tasks.c.obj
 .rodata.__func__.6
                0x0000000010008f5c       0x12 CMakeFiles/blink.dir/Users/daniel.sierra/Desktop/freertos-pico/FreeRTOS-Kernel/tasks.c.obj
 *fill*         0x0000000010008f6e        0x2 
 .rodata.__func__.8
                0x0000000010008f70       0x18 CMakeFiles/blink.dir/Users/daniel.sierra/Desktop/freertos-pico/FreeRTOS-Kernel/tasks.c.obj
 .rodata.prvCheckForValidListAndQueue.str1.4
                0x0000000010008f88        0x5 CMakeFiles/blink.dir/Users/daniel.sierra/Desktop/freertos-pico/FreeRTOS-Kernel/timers.c.obj
 *fill*         0x0000000010008f8d        0x3 
 .rodata.prvInitialiseNewTimer.str1.4
                0x0000000010008f90       0x60 CMakeFiles/blink.dir/Users/daniel.sierra/Desktop/freertos-pico/FreeRTOS-Kernel/timers.c.obj
 .rodata.xTimerCreateTimerTask.str1.4
                0x0000000010008ff0       0x10 CMakeFiles/blink.dir/Users/daniel.sierra/Desktop/freertos-pico/FreeRTOS-Kernel/timers.c.obj
 .rodata.xTimerGenericCommandFromTask.str1.4
                0x0000000010009000       0x2a CMakeFiles/blink.dir/Users/daniel.sierra/Desktop/freertos-pico/FreeRTOS-Kernel/timers.c.obj
 *fill*         0x000000001000902a        0x2 
 .rodata.prvSwitchTimerLists.str1.4
                0x000000001000902c        0x8 CMakeFiles/blink.dir/Users/daniel.sierra/Desktop/freertos-pico/FreeRTOS-Kernel/timers.c.obj
 .rodata.prvProcessReceivedCommands.str1.4
                0x0000000010009034       0x25 CMakeFiles/blink.dir/Users/daniel.sierra/Desktop/freertos-pico/FreeRTOS-Kernel/timers.c.obj
 *fill*         0x0000000010009059        0x3 
 .rodata.prvProcessReceivedCommands
                0x000000001000905c       0x28 CMakeFiles/blink.dir/Users/daniel.sierra/Desktop/freertos-pico/FreeRTOS-Kernel/timers.c.obj
 .rodata.__func__.11
                0x0000000010009084       0x1d CMakeFiles/blink.dir/Users/daniel.sierra/Desktop/freertos-pico/FreeRTOS-Kernel/timers.c.obj
 *fill*         0x00000000100090a1        0x3 
 .rodata.__func__.13
                0x00000000100090a4       0x1b CMakeFiles/blink.dir/Users/daniel.sierra/Desktop/freertos-pico/FreeRTOS-Kernel/timers.c.obj
 *fill*         0x00000000100090bf        0x1 
 .rodata.__func__.14
                0x00000000100090c0       0x17 CMakeFiles/blink.dir/Users/daniel.sierra/Desktop/freertos-pico/FreeRTOS-Kernel/timers.c.obj
 *fill*         0x00000000100090d7        0x1 
 .rodata.__func__.15
                0x00000000100090d8       0x14 CMakeFiles/blink.dir/Users/daniel.sierra/Desktop/freertos-pico/FreeRTOS-Kernel/timers.c.obj
 .rodata.__func__.17
                0x00000000100090ec       0x16 CMakeFiles/blink.dir/Users/daniel.sierra/Desktop/freertos-pico/FreeRTOS-Kernel/timers.c.obj
 *fill*         0x0000000010009102        0x2 
 .rodata.exception_set_exclusive_handler.str1.4
                0x0000000010009104       0x98 CMakeFiles/blink.dir/Users/daniel.sierra/Desktop/pico-sdk/src/rp2_common/hardware_exception/exception.c.obj
 .rodata.__func__.1
                0x000000001000919c       0x20 CMakeFiles/blink.dir/Users/daniel.sierra/Desktop/pico-sdk/src/rp2_common/hardware_exception/exception.c.obj
 .rodata.multicore_lockout_start_block_until.str1.4
                0x00000000100091bc       0x68 CMakeFiles/blink.dir/Users/daniel.sierra/Desktop/pico-sdk/src/rp2_common/pico_multicore/multicore.c.obj
 .rodata.multicore_launch_core1_with_stack.str1.4
                0x0000000010009224       0x19 CMakeFiles/blink.dir/Users/daniel.sierra/Desktop/pico-sdk/src/rp2_common/pico_multicore/multicore.c.obj
 *fill*         0x000000001000923d        0x3 
 .rodata.__func__.2
                0x0000000010009240       0x22 CMakeFiles/blink.dir/Users/daniel.sierra/Desktop/pico-sdk/src/rp2_common/pico_multicore/multicore.c.obj
 *fill*         0x0000000010009262        0x2 
 .rodata.pvPortMalloc.str1.4
                0x0000000010009264       0xc5 CMakeFiles/blink.dir/Users/daniel.sierra/Desktop/freertos-pico/FreeRTOS-Kernel/portable/MemMang/heap_4.c.obj
 *fill*         0x0000000010009329        0x3 
 .rodata.vPortFree.str1.4
                0x000000001000932c       0x5b CMakeFiles/blink.dir/Users/daniel.sierra/Desktop/freertos-pico/FreeRTOS-Kernel/portable/MemMang/heap_4.c.obj
 *fill*         0x0000000010009387        0x1 
 .rodata.__func__.0
                0x0000000010009388        0xa CMakeFiles/blink.dir/Users/daniel.sierra/Desktop/freertos-pico/FreeRTOS-Kernel/portable/MemMang/heap_4.c.obj
 *fill*         0x0000000010009392        0x2 
 .rodata.__func__.1
                0x0000000010009394        0xd CMakeFiles/blink.dir/Users/daniel.sierra/Desktop/freertos-pico/FreeRTOS-Kernel/portable/MemMang/heap_4.c.obj
                0x00000000100093a4                . = ALIGN (0x4)
 *fill*         0x00000000100093a1        0x3 
 *(SORT_BY_ALIGNMENT(SORT_BY_NAME(.flashdata*)))
                0x00000000100093a4                . = ALIGN (0x4)

.rel.dyn        0x00000000100093a4        0x0
 .rel.iplt      0x00000000100093a4        0x0 /usr/local/Cellar/arm-none-eabi-gcc/10.3-2021.07/gcc/bin/../lib/gcc/arm-none-eabi/10.3.1/thumb/v6-m/nofp/crtbegin.o

.ARM.extab
 *(.ARM.extab* .gnu.linkonce.armextab.*)
                0x00000000100093a4                __exidx_start = .

.ARM.exidx
 *(.ARM.exidx* .gnu.linkonce.armexidx.*)
                0x00000000100093a4                __exidx_end = .
                0x00000000100093a4                . = ALIGN (0x4)
                0x00000000100093a4                __binary_info_start = .

.binary_info    0x00000000100093a4       0x1c
 *(.binary_info.keep.*)
 .binary_info.keep.__bi_ptr22
                0x00000000100093a4        0x4 CMakeFiles/blink.dir/Users/daniel.sierra/Desktop/pico-sdk/src/rp2_common/pico_standard_link/binary_info.c.obj
 .binary_info.keep.__bi_ptr30
                0x00000000100093a8        0x4 CMakeFiles/blink.dir/Users/daniel.sierra/Desktop/pico-sdk/src/rp2_common/pico_standard_link/binary_info.c.obj
 .binary_info.keep.__bi_ptr38
                0x00000000100093ac        0x4 CMakeFiles/blink.dir/Users/daniel.sierra/Desktop/pico-sdk/src/rp2_common/pico_standard_link/binary_info.c.obj
 .binary_info.keep.__bi_ptr44
                0x00000000100093b0        0x4 CMakeFiles/blink.dir/Users/daniel.sierra/Desktop/pico-sdk/src/rp2_common/pico_standard_link/binary_info.c.obj
 .binary_info.keep.__bi_ptr50
                0x00000000100093b4        0x4 CMakeFiles/blink.dir/Users/daniel.sierra/Desktop/pico-sdk/src/rp2_common/pico_standard_link/binary_info.c.obj
 .binary_info.keep.__bi_ptr75
                0x00000000100093b8        0x4 CMakeFiles/blink.dir/Users/daniel.sierra/Desktop/pico-sdk/src/rp2_common/pico_standard_link/binary_info.c.obj
 .binary_info.keep.__bi_ptr81
                0x00000000100093bc        0x4 CMakeFiles/blink.dir/Users/daniel.sierra/Desktop/pico-sdk/src/rp2_common/pico_standard_link/binary_info.c.obj
 *(.binary_info.*)
                0x00000000100093c0                __binary_info_end = .
                0x00000000100093c0                . = ALIGN (0x4)
                0x00000000100093c0                __etext = .

.ram_vector_table
                0x0000000020000000       0xc0
 *(.ram_vector_table)
 .ram_vector_table
                0x0000000020000000       0xc0 CMakeFiles/blink.dir/Users/daniel.sierra/Desktop/pico-sdk/src/rp2_common/pico_runtime/runtime.c.obj
                0x0000000020000000                ram_vector_table

.data           0x00000000200000c0      0x240 load address 0x00000000100093c0
                0x00000000200000c0                __data_start__ = .
 *(vtable)
 *(.time_critical*)
 .time_critical.mutex_try_enter
                0x00000000200000c0       0x42 CMakeFiles/blink.dir/Users/daniel.sierra/Desktop/pico-sdk/src/common/pico_sync/mutex.c.obj
                0x00000000200000c0                mutex_try_enter
 *fill*         0x0000000020000102        0x2 
 .time_critical.mutex_enter_block_until
                0x0000000020000104       0x78 CMakeFiles/blink.dir/Users/daniel.sierra/Desktop/pico-sdk/src/common/pico_sync/mutex.c.obj
                0x0000000020000104                mutex_enter_block_until
 .time_critical.mutex_try_enter_block_until
                0x000000002000017c       0x32 CMakeFiles/blink.dir/Users/daniel.sierra/Desktop/pico-sdk/src/common/pico_sync/mutex.c.obj
                0x000000002000017c                mutex_try_enter_block_until
 *fill*         0x00000000200001ae        0x2 
 .time_critical.mutex_exit